Archive member included to satisfy reference by file (symbol)

/usr/share/segger_embedded_studio_for_arm_4.22/lib/libc_v7em_t_le_eabi.a(libc_asm.o)
                              Output/ble_app_uart_pca10040e_s112 Release/Obj/bsp.o (__aeabi_uldivmod)
/usr/share/segger_embedded_studio_for_arm_4.22/lib/libc_v7em_t_le_eabi.a(libc2.o)
                              Output/ble_app_uart_pca10040e_s112 Release/Obj/nrf_log_str_formatter.o (isprint)
/usr/share/segger_embedded_studio_for_arm_4.22/lib/libc_v7em_t_le_eabi.a(libc2_asm.o)
                              Output/ble_app_uart_pca10040e_s112 Release/Obj/nrf_log_frontend.o (memcpy)
/usr/share/segger_embedded_studio_for_arm_4.22/lib/libc_v7em_t_le_eabi.a(libc.o)
                              /usr/share/segger_embedded_studio_for_arm_4.22/lib/libc_v7em_t_le_eabi.a(libc2.o) (__heap_lock)
/usr/share/segger_embedded_studio_for_arm_4.22/lib/libdebugio_v7em_t_le_eabi.a(libdebugio.o)
                              Output/ble_app_uart_pca10040e_s112 Release/Obj/thumb_crt0.o (debug_fopen)
/usr/share/segger_embedded_studio_for_arm_4.22/lib/libdebugio_mempoll_v7em_t_le_eabi.a(mempoll_debug_operations.o)
                              /usr/share/segger_embedded_studio_for_arm_4.22/lib/libdebugio_v7em_t_le_eabi.a(libdebugio.o) (__do_debug_operation)
/usr/share/segger_embedded_studio_for_arm_4.22/lib/libdebugio_mempoll_v7em_t_le_eabi.a(do_nv_debug_operation.o)
                              /usr/share/segger_embedded_studio_for_arm_4.22/lib/libdebugio_v7em_t_le_eabi.a(libdebugio.o) (__do_nvdebug_operation)
/usr/share/segger_embedded_studio_for_arm_4.22/lib/libm_v7em_t_le_eabi.a(libm_asm.o)
                              /usr/share/segger_embedded_studio_for_arm_4.22/lib/libc_v7em_t_le_eabi.a(libc2.o) (__aeabi_i2f)
/usr/share/segger_embedded_studio_for_arm_4.22/lib/libm_v7em_t_le_eabi.a(libm2.o)
                              /usr/share/segger_embedded_studio_for_arm_4.22/lib/libvfprintf_v7em_t_le_eabi.o (frexp)
/usr/share/segger_embedded_studio_for_arm_4.22/lib/libm_v7em_t_le_eabi.a(libm2_asm.o)
                              /usr/share/segger_embedded_studio_for_arm_4.22/lib/libm_v7em_t_le_eabi.a(libm2.o) (fabs)

Discarded input sections

 .text          0x0000000000000000        0x0 Output/ble_app_uart_pca10040e_s112 Release/Obj/thumb_crt0.o
 .data          0x0000000000000000        0x0 Output/ble_app_uart_pca10040e_s112 Release/Obj/thumb_crt0.o
 .bss           0x0000000000000000        0x0 Output/ble_app_uart_pca10040e_s112 Release/Obj/thumb_crt0.o
 .text.__aeabi_read_tp
                0x0000000000000000        0x8 Output/ble_app_uart_pca10040e_s112 Release/Obj/thumb_crt0.o
 .text.abort    0x0000000000000000        0x2 Output/ble_app_uart_pca10040e_s112 Release/Obj/thumb_crt0.o
 .text.__assert
                0x0000000000000000        0x2 Output/ble_app_uart_pca10040e_s112 Release/Obj/thumb_crt0.o
 .text.__aeabi_assert
                0x0000000000000000        0x2 Output/ble_app_uart_pca10040e_s112 Release/Obj/thumb_crt0.o
 .text.__sync_synchronize
                0x0000000000000000        0x2 Output/ble_app_uart_pca10040e_s112 Release/Obj/thumb_crt0.o
 .text.__getchar
                0x0000000000000000        0x4 Output/ble_app_uart_pca10040e_s112 Release/Obj/thumb_crt0.o
 .text.__putchar
                0x0000000000000000        0x4 Output/ble_app_uart_pca10040e_s112 Release/Obj/thumb_crt0.o
 .text.__open   0x0000000000000000        0x4 Output/ble_app_uart_pca10040e_s112 Release/Obj/thumb_crt0.o
 .text.__close  0x0000000000000000        0x4 Output/ble_app_uart_pca10040e_s112 Release/Obj/thumb_crt0.o
 .text.__write  0x0000000000000000        0xa Output/ble_app_uart_pca10040e_s112 Release/Obj/thumb_crt0.o
 .text.__read   0x0000000000000000        0xa Output/ble_app_uart_pca10040e_s112 Release/Obj/thumb_crt0.o
 .text.__seek   0x0000000000000000       0x1a Output/ble_app_uart_pca10040e_s112 Release/Obj/thumb_crt0.o
 .bss.__user_locale_name_buffer
                0x0000000000000000        0x4 Output/ble_app_uart_pca10040e_s112 Release/Obj/thumb_crt0.o
 .stack         0x0000000000000000        0x0 Output/ble_app_uart_pca10040e_s112 Release/Obj/thumb_crt0.o
 .stack_process
                0x0000000000000000        0x0 Output/ble_app_uart_pca10040e_s112 Release/Obj/thumb_crt0.o
 .heap          0x0000000000000000        0x0 Output/ble_app_uart_pca10040e_s112 Release/Obj/thumb_crt0.o
 .group         0x0000000000000000        0xc Output/ble_app_uart_pca10040e_s112 Release/Obj/nrf_log_backend_rtt.o
 .group         0x0000000000000000        0xc Output/ble_app_uart_pca10040e_s112 Release/Obj/nrf_log_backend_rtt.o
 .group         0x0000000000000000        0xc Output/ble_app_uart_pca10040e_s112 Release/Obj/nrf_log_backend_rtt.o
 .group         0x0000000000000000        0xc Output/ble_app_uart_pca10040e_s112 Release/Obj/nrf_log_backend_rtt.o
 .group         0x0000000000000000        0xc Output/ble_app_uart_pca10040e_s112 Release/Obj/nrf_log_backend_rtt.o
[...]
Memory Configuration

Name             Origin             Length             Attributes
UNPLACED_SECTIONS 0x0000000100000000 0x0000000000000000 xw
RAM              0x0000000020000000 0x0000000000006000 xw
FLASH            0x0000000000000000 0x0000000000030000 xw
*default*        0x0000000000000000 0xffffffffffffffff

Linker script and memory map

                0x0000000000000000                __vfprintf = __vfprintf_long
                0x0000000000000000                __vfscanf = __vfscanf_int
                0x0000000020000000                __RAM_segment_start__ = 0x20000000
                0x0000000020006000                __RAM_segment_end__ = 0x20006000
                0x0000000000006000                __RAM_segment_size__ = 0x6000
                0x0000000000000000                __FLASH_segment_start__ = 0x0
                0x0000000000030000                __FLASH_segment_end__ = 0x30000
                0x0000000000030000                __FLASH_segment_size__ = 0x30000
                0x0000000000000800                __HEAPSIZE__ = 0x800
                0x0000000000000000                __STACKSIZE_PROCESS__ = 0x0
                0x0000000000000800                __STACKSIZE__ = 0x800
                0x0000000020000000                __reserved_ram_load_start__ = 0x20000000

.reserved_ram   0x0000000020000000     0x2500
                0x0000000020000000                __reserved_ram_start__ = .
 *(.reserved_ram .reserved_ram.*)
                0x0000000020002500                . = MAX (((__reserved_ram_start__ + 0x20002500) - 0x20000000), .)
 *fill*         0x0000000020000000     0x2500 
                0x0000000020002500                __reserved_ram_end__ = (__reserved_ram_start__ + SIZEOF (.reserved_ram))
                0x0000000000002500                __reserved_ram_size__ = SIZEOF (.reserved_ram)
                0x0000000020002500                __reserved_ram_load_end__ = __reserved_ram_end__
                0x0000000000000001                . = ASSERT (((__reserved_ram_start__ == __reserved_ram_end__) || ((__reserved_ram_end__ - __RAM_segment_start__) <= __RAM_segment_size__)), error: .reserved_ram is too large to fit in RAM memory segment)
                0x0000000020002500                __vectors_ram_load_start__ = 0x20002500

.vectors_ram    0x0000000020002500        0x0
                0x0000000020002500                __vectors_ram_start__ = .
                0x0000000020002500                __app_ram_start__ = __vectors_ram_start__
 *(.vectors_ram .vectors_ram.*)
                0x0000000020002500                __vectors_ram_end__ = (__vectors_ram_start__ + SIZEOF (.vectors_ram))
                0x0000000000000000                __vectors_ram_size__ = SIZEOF (.vectors_ram)
                0x0000000020002500                __vectors_ram_load_end__ = __vectors_ram_end__
                0x0000000000000001                . = ASSERT (((__vectors_ram_start__ == __vectors_ram_end__) || ((__vectors_ram_end__ - __RAM_segment_start__) <= __RAM_segment_size__)), error: .vectors_ram is too large to fit in RAM memory segment)
                0x0000000000000001                . = ASSERT ((__reserved_ram_end__ <= __vectors_ram_start__), error: section .reserved_ram overlaps absolute placed section .vectors_ram)
                0x0000000020002500                __nrf_sections_run_load_start__ = ALIGN (__vectors_ram_end__, 0x4)

.nrf_sections_run
                0x0000000020002500        0x0
                0x0000000020002500                __nrf_sections_run_start__ = .
                0x0000000020002500                __start_nrf_sections_run = __nrf_sections_run_start__
 *(.nrf_sections_run .nrf_sections_run.*)
                0x0000000020002500                __nrf_sections_run_end__ = (__nrf_sections_run_start__ + SIZEOF (.nrf_sections_run))
                0x0000000000000000                __nrf_sections_run_size__ = SIZEOF (.nrf_sections_run)
                0x0000000020002500                __nrf_sections_run_load_end__ = __nrf_sections_run_end__
                0x0000000000000001                . = ASSERT (((__nrf_sections_run_start__ == __nrf_sections_run_end__) || ((__nrf_sections_run_end__ - __RAM_segment_start__) <= __RAM_segment_size__)), error: .nrf_sections_run is too large to fit in RAM memory segment)
                0x0000000000000000                __reserved_flash_load_start__ = 0x0

.reserved_flash
                0x0000000000000000    0x19000
                0x0000000000000000                __reserved_flash_start__ = .
 *(.reserved_flash .reserved_flash.*)
                0x0000000000019000                . = MAX (((__reserved_flash_start__ + 0x19000) - 0x0), .)
 *fill*         0x0000000000000000    0x19000 
                0x0000000000019000                __reserved_flash_end__ = (__reserved_flash_start__ + SIZEOF (.reserved_flash))
                0x0000000000019000                __reserved_flash_size__ = SIZEOF (.reserved_flash)
                0x0000000000019000                __reserved_flash_load_end__ = __reserved_flash_end__
                0x0000000000000001                . = ASSERT (((__reserved_flash_start__ == __reserved_flash_end__) || ((__reserved_flash_end__ - __FLASH_segment_start__) <= __FLASH_segment_size__)), error: .reserved_flash is too large to fit in FLASH memory segment)
                0x0000000000019000                __vectors_load_start__ = 0x19000

.vectors        0x0000000000019000      0x200
                0x0000000000019000                __vectors_start__ = .
 *(.vectors .vectors.*)
 .vectors       0x0000000000019000      0x200 Output/ble_app_uart_pca10040e_s112 Release/Obj/ses_startup_nrf52810.o
                0x0000000000019000                _vectors
                0x0000000000019200                __vectors_end__ = (__vectors_start__ + SIZEOF (.vectors))
                0x0000000000000200                __vectors_size__ = SIZEOF (.vectors)
                0x0000000000019200                __vectors_load_end__ = __vectors_end__
                0x0000000000000001                . = ASSERT (((__vectors_start__ == __vectors_end__) || ((__vectors_end__ - __FLASH_segment_start__) <= __FLASH_segment_size__)), error: .vectors is too large to fit in FLASH memory segment)
                0x0000000000000001                . = ASSERT ((__reserved_flash_end__ <= __vectors_start__), error: section .reserved_flash overlaps absolute placed section .vectors)
                0x0000000000019200                __init_load_start__ = ALIGN (__vectors_end__, 0x4)

.init           0x0000000000019200      0x1c0
                0x0000000000019200                __init_start__ = .
 *(.init .init.*)
 .init          0x0000000000019200      0x15c Output/ble_app_uart_pca10040e_s112 Release/Obj/thumb_crt0.o
                0x0000000000019200                _start
                0x00000000000192b4                exit
 .init          0x000000000001935c       0x18 Output/ble_app_uart_pca10040e_s112 Release/Obj/ses_startup_nrf52810.o
                0x000000000001935c                NMI_Handler
                0x000000000001935e                HardFault_Handler
                0x0000000000019360                MemoryManagement_Handler
                0x0000000000019362                BusFault_Handler
                0x0000000000019364                UsageFault_Handler
                0x0000000000019366                SVC_Handler
                0x0000000000019368                DebugMon_Handler
                0x000000000001936a                PendSV_Handler
                0x000000000001936c                SysTick_Handler
                0x000000000001936e                RTC0_IRQHandler
                0x000000000001936e                RADIO_IRQHandler
                0x000000000001936e                PDM_IRQHandler
                0x000000000001936e                SWI4_IRQHandler
                0x000000000001936e                TEMP_IRQHandler
                0x000000000001936e                QDEC_IRQHandler
                0x000000000001936e                SWI5_IRQHandler
                0x000000000001936e                Dummy_Handler
                0x000000000001936e                ECB_IRQHandler
                0x000000000001936e                SWI3_IRQHandler
                0x000000000001936e                CCM_AAR_IRQHandler
                0x000000000001936e                WDT_IRQHandler
                0x000000000001936e                TWIM0_TWIS0_IRQHandler
                0x000000000001936e                RNG_IRQHandler
                0x000000000001936e                COMP_IRQHandler
                0x000000000001936e                PWM0_IRQHandler
                0x000000000001936e                SWI1_EGU1_IRQHandler
                0x000000000001936e                SPIM0_SPIS0_IRQHandler
                0x0000000000019370                nRFInitialize
 .init          0x0000000000019374       0x4c Output/ble_app_uart_pca10040e_s112 Release/Obj/ses_startup_nrf_common.o
                0x0000000000019374                Reset_Handler
                0x000000000001938a                InitializeUserMemorySections
                0x00000000000193c0                __init_end__ = (__init_start__ + SIZEOF (.init))
                0x00000000000001c0                __init_size__ = SIZEOF (.init)
                0x00000000000193c0                __init_load_end__ = __init_end__
                0x0000000000000001                . = ASSERT (((__init_start__ == __init_end__) || ((__init_end__ - __FLASH_segment_start__) <= __FLASH_segment_size__)), error: .init is too large to fit in FLASH memory segment)
                0x00000000000193c0                __init_rodata_load_start__ = ALIGN (__init_end__, 0x4)

.init_rodata    0x00000000000193c0        0x0
                0x00000000000193c0                __init_rodata_start__ = .
 *(.init_rodata .init_rodata.*)
                0x00000000000193c0                __init_rodata_end__ = (__init_rodata_start__ + SIZEOF (.init_rodata))
                0x0000000000000000                __init_rodata_size__ = SIZEOF (.init_rodata)
                0x00000000000193c0                __init_rodata_load_end__ = __init_rodata_end__
                0x0000000000000001                . = ASSERT (((__init_rodata_start__ == __init_rodata_end__) || ((__init_rodata_end__ - __FLASH_segment_start__) <= __FLASH_segment_size__)), error: .init_rodata is too large to fit in FLASH memory segment)
                0x00000000000193c0                __text_load_start__ = ALIGN (__init_rodata_end__, 0x4)

.text           0x00000000000193c0     0x5fe8
                0x00000000000193c0                __text_start__ = .
 *(.text .text.* .glue_7t .glue_7 .gnu.linkonce.t.* .gcc_except_table .ARM.extab* .gnu.linkonce.armextab.*)
 .glue_7        0x00000000000193c0        0x0 linker stubs
 .glue_7t       0x00000000000193c0        0x0 linker stubs
 .text.nrf_log_backend_rtt_flush
                0x00000000000193c0        0x2 Output/ble_app_uart_pca10040e_s112 Release/Obj/nrf_log_backend_rtt.o
 *fill*         0x00000000000193c2        0x2 
 .text.nrf_log_backend_rtt_put
                0x00000000000193c4       0x1c Output/ble_app_uart_pca10040e_s112 Release/Obj/nrf_log_backend_rtt.o
 .text.serial_tx
                0x00000000000193e0       0x50 Output/ble_app_uart_pca10040e_s112 Release/Obj/nrf_log_backend_rtt.o
 .text.nrf_log_backend_rtt_panic_set
                0x0000000000019430        0x2 Output/ble_app_uart_pca10040e_s112 Release/Obj/nrf_log_backend_rtt.o
 .text.nrf_log_backend_rtt_init
                0x0000000000019432        0x4 Output/ble_app_uart_pca10040e_s112 Release/Obj/nrf_log_backend_rtt.o
                0x0000000000019432                nrf_log_backend_rtt_init
 .text.nrf_log_backend_serial_put
                0x0000000000019436       0xc0 Output/ble_app_uart_pca10040e_s112 Release/Obj/nrf_log_backend_serial.o
                0x0000000000019436                nrf_log_backend_serial_put
 *fill*         0x00000000000194f6        0x2 
 .text.nrf_log_default_backends_init
                0x00000000000194f8       0x20 Output/ble_app_uart_pca10040e_s112 Release/Obj/nrf_log_default_backends.o
                0x00000000000194f8                nrf_log_default_backends_init
 .text.invalid_packets_omit
                0x0000000000019518       0x3a Output/ble_app_uart_pca10040e_s112 Release/Obj/nrf_log_frontend.o
 *fill*         0x0000000000019552        0x2 
 .text.buf_prealloc
                0x0000000000019554      0x138 Output/ble_app_uart_pca10040e_s112 Release/Obj/nrf_log_frontend.o
 .text.nrf_log_init
                0x000000000001968c       0x3c Output/ble_app_uart_pca10040e_s112 Release/Obj/nrf_log_frontend.o
                0x000000000001968c                nrf_log_init
 .text.nrf_log_module_name_get
                0x00000000000196c8       0x38 Output/ble_app_uart_pca10040e_s112 Release/Obj/nrf_log_frontend.o
                0x00000000000196c8                nrf_log_module_name_get
 .text.nrf_log_color_id_get
                0x0000000000019700       0x2c Output/ble_app_uart_pca10040e_s112 Release/Obj/nrf_log_frontend.o
                0x0000000000019700                nrf_log_color_id_get
 .text.buffer_is_empty
                0x000000000001972c       0x14 Output/ble_app_uart_pca10040e_s112 Release/Obj/nrf_log_frontend.o
                0x000000000001972c                buffer_is_empty
 .text.nrf_log_frontend_dequeue
                0x0000000000019740      0x224 Output/ble_app_uart_pca10040e_s112 Release/Obj/nrf_log_frontend.o
                0x0000000000019740                nrf_log_frontend_dequeue
 .text.std_n    0x0000000000019964       0xb0 Output/ble_app_uart_pca10040e_s112 Release/Obj/nrf_log_frontend.o
 .text.nrf_log_frontend_std_0
                0x0000000000019a14        0x8 Output/ble_app_uart_pca10040e_s112 Release/Obj/nrf_log_frontend.o
                0x0000000000019a14                nrf_log_frontend_std_0
 .text.nrf_log_frontend_std_1
                0x0000000000019a1c       0x12 Output/ble_app_uart_pca10040e_s112 Release/Obj/nrf_log_frontend.o
                0x0000000000019a1c                nrf_log_frontend_std_1
 .text.nrf_log_frontend_std_2
                0x0000000000019a2e       0x14 Output/ble_app_uart_pca10040e_s112 Release/Obj/nrf_log_frontend.o
                0x0000000000019a2e                nrf_log_frontend_std_2
 .text.nrf_log_frontend_std_5
                0x0000000000019a42       0x20 Output/ble_app_uart_pca10040e_s112 Release/Obj/nrf_log_frontend.o
                0x0000000000019a42                nrf_log_frontend_std_5
 *fill*         0x0000000000019a62        0x2 
 .text.nrf_log_backend_add
                0x0000000000019a64       0x44 Output/ble_app_uart_pca10040e_s112 Release/Obj/nrf_log_frontend.o
                0x0000000000019a64                nrf_log_backend_add
 .text.nrf_log_panic
                0x0000000000019aa8       0x2c Output/ble_app_uart_pca10040e_s112 Release/Obj/nrf_log_frontend.o
                0x0000000000019aa8                nrf_log_panic
 .text.postfix_process
                0x0000000000019ad4       0x3c Output/ble_app_uart_pca10040e_s112 Release/Obj/nrf_log_str_formatter.o
 .text.prefix_process
                0x0000000000019b10       0x78 Output/ble_app_uart_pca10040e_s112 Release/Obj/nrf_log_str_formatter.o
 .text.nrf_log_std_entry_process
                0x0000000000019b88       0xc8 Output/ble_app_uart_pca10040e_s112 Release/Obj/nrf_log_str_formatter.o
                0x0000000000019b88                nrf_log_std_entry_process
 .text.nrf_log_hexdump_entry_process
                0x0000000000019c50       0xac Output/ble_app_uart_pca10040e_s112 Release/Obj/nrf_log_str_formatter.o
                0x0000000000019c50                nrf_log_hexdump_entry_process
 .text.app_error_save_and_stop
                0x0000000000019cfc       0x58 Output/ble_app_uart_pca10040e_s112 Release/Obj/app_error.o
                0x0000000000019cfc                app_error_save_and_stop
 .text.app_error_handler
                0x0000000000019d54       0x1a Output/ble_app_uart_pca10040e_s112 Release/Obj/app_error_handler_gcc.o
                0x0000000000019d54                app_error_handler
 *fill*         0x0000000000019d6e        0x2 
 .text.app_error_fault_handler
                0x0000000000019d70       0xcc Output/ble_app_uart_pca10040e_s112 Release/Obj/app_error_weak.o
                0x0000000000019d70                app_error_fault_handler
 .text.app_fifo_init
                0x0000000000019e3c       0x1e Output/ble_app_uart_pca10040e_s112 Release/Obj/app_fifo.o
                0x0000000000019e3c                app_fifo_init
 .text.app_fifo_put
                0x0000000000019e5a       0x24 Output/ble_app_uart_pca10040e_s112 Release/Obj/app_fifo.o
                0x0000000000019e5a                app_fifo_put
 .text.app_fifo_get
                0x0000000000019e7e       0x22 Output/ble_app_uart_pca10040e_s112 Release/Obj/app_fifo.o
                0x0000000000019e7e                app_fifo_get
 .text.user_op_alloc
                0x0000000000019ea0       0x2c Output/ble_app_uart_pca10040e_s112 Release/Obj/app_timer.o
 .text.timer_stop_op_schedule
                0x0000000000019ecc       0x50 Output/ble_app_uart_pca10040e_s112 Release/Obj/app_timer.o
 .text.nrfx_coredep_delay_us.part.0.constprop.4
                0x0000000000019f1c       0x10 Output/ble_app_uart_pca10040e_s112 Release/Obj/app_timer.o
 .text.rtc1_stop
                0x0000000000019f2c       0x44 Output/ble_app_uart_pca10040e_s112 Release/Obj/app_timer.o
 .text.RTC1_IRQHandler
                0x0000000000019f70       0x9c Output/ble_app_uart_pca10040e_s112 Release/Obj/app_timer.o
                0x0000000000019f70                RTC1_IRQHandler
 .text.SWI0_EGU0_IRQHandler
                0x000000000001a00c      0x2b8 Output/ble_app_uart_pca10040e_s112 Release/Obj/app_timer.o
                0x000000000001a00c                SWI0_EGU0_IRQHandler
 .text.app_timer_init
                0x000000000001a2c4       0x60 Output/ble_app_uart_pca10040e_s112 Release/Obj/app_timer.o
                0x000000000001a2c4                app_timer_init
 .text.app_timer_create
                0x000000000001a324       0x24 Output/ble_app_uart_pca10040e_s112 Release/Obj/app_timer.o
                0x000000000001a324                app_timer_create
 .text.app_timer_start
                0x000000000001a348       0x8c Output/ble_app_uart_pca10040e_s112 Release/Obj/app_timer.o
                0x000000000001a348                app_timer_start
 .text.app_timer_stop
                0x000000000001a3d4       0x20 Output/ble_app_uart_pca10040e_s112 Release/Obj/app_timer.o
                0x000000000001a3d4                app_timer_stop
 .text.uart_event_handler
                0x000000000001a3f4       0xb4 Output/ble_app_uart_pca10040e_s112 Release/Obj/app_uart_fifo.o
 .text.app_uart_init
                0x000000000001a4a8       0xbc Output/ble_app_uart_pca10040e_s112 Release/Obj/app_uart_fifo.o
                0x000000000001a4a8                app_uart_init
 .text.app_uart_get
                0x000000000001a564       0x44 Output/ble_app_uart_pca10040e_s112 Release/Obj/app_uart_fifo.o
                0x000000000001a564                app_uart_get
 .text.app_uart_put
                0x000000000001a5a8       0x40 Output/ble_app_uart_pca10040e_s112 Release/Obj/app_uart_fifo.o
                0x000000000001a5a8                app_uart_put
 .text.app_util_critical_region_enter
                0x000000000001a5e8       0x48 Output/ble_app_uart_pca10040e_s112 Release/Obj/app_util_platform.o
                0x000000000001a5e8                app_util_critical_region_enter
 .text.app_util_critical_region_exit
                0x000000000001a630       0x2c Output/ble_app_uart_pca10040e_s112 Release/Obj/app_util_platform.o
                0x000000000001a630                app_util_critical_region_exit
 .text.nrf_atflags_set
                0x000000000001a65c       0x12 Output/ble_app_uart_pca10040e_s112 Release/Obj/nrf_atflags.o
                0x000000000001a65c                nrf_atflags_set
 .text.nrf_atflags_clear
                0x000000000001a66e       0x14 Output/ble_app_uart_pca10040e_s112 Release/Obj/nrf_atflags.o
                0x000000000001a66e                nrf_atflags_clear
 .text.nrf_atflags_get
                0x000000000001a682       0x12 Output/ble_app_uart_pca10040e_s112 Release/Obj/nrf_atflags.o
                0x000000000001a682                nrf_atflags_get
 .text.nrf_atomic_u32_fetch_store
                0x000000000001a694       0x14 Output/ble_app_uart_pca10040e_s112 Release/Obj/nrf_atomic.o
                0x000000000001a694                nrf_atomic_u32_fetch_store
 .text.nrf_atomic_u32_or
                0x000000000001a6a8       0x16 Output/ble_app_uart_pca10040e_s112 Release/Obj/nrf_atomic.o
                0x000000000001a6a8                nrf_atomic_u32_or
 .text.nrf_atomic_u32_fetch_and
                0x000000000001a6be       0x16 Output/ble_app_uart_pca10040e_s112 Release/Obj/nrf_atomic.o
                0x000000000001a6be                nrf_atomic_u32_fetch_and
 .text.nrf_atomic_u32_and
                0x000000000001a6d4       0x16 Output/ble_app_uart_pca10040e_s112 Release/Obj/nrf_atomic.o
                0x000000000001a6d4                nrf_atomic_u32_and
 .text.nrf_atomic_u32_add
                0x000000000001a6ea       0x16 Output/ble_app_uart_pca10040e_s112 Release/Obj/nrf_atomic.o
                0x000000000001a6ea                nrf_atomic_u32_add
 .text.nrf_atomic_u32_sub
                0x000000000001a700       0x16 Output/ble_app_uart_pca10040e_s112 Release/Obj/nrf_atomic.o
                0x000000000001a700                nrf_atomic_u32_sub
 .text.nrf_atomic_flag_set
                0x000000000001a716        0x6 Output/ble_app_uart_pca10040e_s112 Release/Obj/nrf_atomic.o
                0x000000000001a716                nrf_atomic_flag_set
 .text.nrf_atomic_flag_clear_fetch
                0x000000000001a71c        0x6 Output/ble_app_uart_pca10040e_s112 Release/Obj/nrf_atomic.o
                0x000000000001a71c                nrf_atomic_flag_clear_fetch
 .text.nrf_balloc_init
                0x000000000001a722       0x2e Output/ble_app_uart_pca10040e_s112 Release/Obj/nrf_balloc.o
                0x000000000001a722                nrf_balloc_init
 .text.nrf_balloc_alloc
                0x000000000001a750       0x48 Output/ble_app_uart_pca10040e_s112 Release/Obj/nrf_balloc.o
                0x000000000001a750                nrf_balloc_alloc
 .text.nrf_balloc_free
                0x000000000001a798       0x34 Output/ble_app_uart_pca10040e_s112 Release/Obj/nrf_balloc.o
                0x000000000001a798                nrf_balloc_free
 .text.nrf_fprintf_buffer_flush
                0x000000000001a7cc       0x16 Output/ble_app_uart_pca10040e_s112 Release/Obj/nrf_fprintf.o
                0x000000000001a7cc                nrf_fprintf_buffer_flush
 .text.nrf_fprintf
                0x000000000001a7e2       0x1c Output/ble_app_uart_pca10040e_s112 Release/Obj/nrf_fprintf.o
                0x000000000001a7e2                nrf_fprintf
 .text.buffer_add
                0x000000000001a7fe       0x1e Output/ble_app_uart_pca10040e_s112 Release/Obj/nrf_fprintf_format.o
 .text.unsigned_print
                0x000000000001a81c       0xb0 Output/ble_app_uart_pca10040e_s112 Release/Obj/nrf_fprintf_format.o
 .text.nrf_fprintf_fmt
                0x000000000001a8cc      0x276 Output/ble_app_uart_pca10040e_s112 Release/Obj/nrf_fprintf_format.o
                0x000000000001a8cc                nrf_fprintf_fmt
 .text.memobj_op
                0x000000000001ab42       0x82 Output/ble_app_uart_pca10040e_s112 Release/Obj/nrf_memobj.o
 .text.nrf_memobj_pool_init
                0x000000000001abc4        0x4 Output/ble_app_uart_pca10040e_s112 Release/Obj/nrf_memobj.o
                0x000000000001abc4                nrf_memobj_pool_init
 .text.nrf_memobj_free
                0x000000000001abc8       0x2c Output/ble_app_uart_pca10040e_s112 Release/Obj/nrf_memobj.o
                0x000000000001abc8                nrf_memobj_free
 .text.nrf_memobj_alloc
                0x000000000001abf4       0x5e Output/ble_app_uart_pca10040e_s112 Release/Obj/nrf_memobj.o
                0x000000000001abf4                nrf_memobj_alloc
 .text.nrf_memobj_get
                0x000000000001ac52        0x8 Output/ble_app_uart_pca10040e_s112 Release/Obj/nrf_memobj.o
                0x000000000001ac52                nrf_memobj_get
 .text.nrf_memobj_put
                0x000000000001ac5a       0x1e Output/ble_app_uart_pca10040e_s112 Release/Obj/nrf_memobj.o
                0x000000000001ac5a                nrf_memobj_put
 .text.nrf_memobj_write
                0x000000000001ac78       0x14 Output/ble_app_uart_pca10040e_s112 Release/Obj/nrf_memobj.o
                0x000000000001ac78                nrf_memobj_write
 .text.nrf_memobj_read
                0x000000000001ac8c       0x14 Output/ble_app_uart_pca10040e_s112 Release/Obj/nrf_memobj.o
                0x000000000001ac8c                nrf_memobj_read
 .text.sd_app_evt_wait
                0x000000000001aca0        0x4 Output/ble_app_uart_pca10040e_s112 Release/Obj/nrf_pwr_mgmt.o
 .text.nrf_pwr_mgmt_init
                0x000000000001aca4       0x2c Output/ble_app_uart_pca10040e_s112 Release/Obj/nrf_pwr_mgmt.o
                0x000000000001aca4                nrf_pwr_mgmt_init
 .text.nrf_pwr_mgmt_run
                0x000000000001acd0       0x18 Output/ble_app_uart_pca10040e_s112 Release/Obj/nrf_pwr_mgmt.o
                0x000000000001acd0                nrf_pwr_mgmt_run
 .text.nrf_ringbuf_init
                0x000000000001ace8       0x12 Output/ble_app_uart_pca10040e_s112 Release/Obj/nrf_ringbuf.o
                0x000000000001ace8                nrf_ringbuf_init
 .text.nrf_section_iter_init
                0x000000000001acfa       0x14 Output/ble_app_uart_pca10040e_s112 Release/Obj/nrf_section_iter.o
                0x000000000001acfa                nrf_section_iter_init
 .text.nrf_section_iter_next
                0x000000000001ad0e       0x18 Output/ble_app_uart_pca10040e_s112 Release/Obj/nrf_section_iter.o
                0x000000000001ad0e                nrf_section_iter_next
 *fill*         0x000000000001ad26        0x2 
 .text.nrf_strerror_find
                0x000000000001ad28       0x3c Output/ble_app_uart_pca10040e_s112 Release/Obj/nrf_strerror.o
                0x000000000001ad28                nrf_strerror_find
 .text.nrf_strerror_get
                0x000000000001ad64       0x14 Output/ble_app_uart_pca10040e_s112 Release/Obj/nrf_strerror.o
                0x000000000001ad64                nrf_strerror_get
 .text.nrf_drv_ppi_init
                0x000000000001ad78       0x14 Output/ble_app_uart_pca10040e_s112 Release/Obj/nrf_drv_ppi.o
                0x000000000001ad78                nrf_drv_ppi_init
 .text.errata_12
                0x000000000001ad8c       0x40 Output/ble_app_uart_pca10040e_s112 Release/Obj/system_nrf52810.o
 .text.errata_16
                0x000000000001adcc       0x34 Output/ble_app_uart_pca10040e_s112 Release/Obj/system_nrf52810.o
 .text.SystemInit
                0x000000000001ae00      0x198 Output/ble_app_uart_pca10040e_s112 Release/Obj/system_nrf52810.o
                0x000000000001ae00                SystemInit
 .text.clock_clk_started_notify
                0x000000000001af98       0x24 Output/ble_app_uart_pca10040e_s112 Release/Obj/nrf_drv_clock.o
 .text.clock_irq_handler
                0x000000000001afbc       0x1c Output/ble_app_uart_pca10040e_s112 Release/Obj/nrf_drv_clock.o
 .text.soc_evt_handler
                0x000000000001afd8       0x14 Output/ble_app_uart_pca10040e_s112 Release/Obj/nrf_drv_clock.o
 .text.nrf_drv_clock_init
                0x000000000001afec       0x38 Output/ble_app_uart_pca10040e_s112 Release/Obj/nrf_drv_clock.o
                0x000000000001afec                nrf_drv_clock_init
 .text.nrf_drv_clock_lfclk_release
                0x000000000001b024       0x34 Output/ble_app_uart_pca10040e_s112 Release/Obj/nrf_drv_clock.o
                0x000000000001b024                nrf_drv_clock_lfclk_release
 .text.sd_state_evt_handler
                0x000000000001b058       0x58 Output/ble_app_uart_pca10040e_s112 Release/Obj/nrf_drv_clock.o
 .text.uarte_evt_handler
                0x000000000001b0b0       0x34 Output/ble_app_uart_pca10040e_s112 Release/Obj/nrf_drv_uart.o
 .text.nrf_drv_uart_init
                0x000000000001b0e4       0x50 Output/ble_app_uart_pca10040e_s112 Release/Obj/nrf_drv_uart.o
                0x000000000001b0e4                nrf_drv_uart_init
 .text.nrf_clock_event_clear
                0x000000000001b134       0x14 Output/ble_app_uart_pca10040e_s112 Release/Obj/nrfx_clock.o
 .text.nrfx_clock_init
                0x000000000001b148       0x18 Output/ble_app_uart_pca10040e_s112 Release/Obj/nrfx_clock.o
                0x000000000001b148                nrfx_clock_init
 .text.nrfx_clock_enable
                0x000000000001b160       0x28 Output/ble_app_uart_pca10040e_s112 Release/Obj/nrfx_clock.o
                0x000000000001b160                nrfx_clock_enable
 .text.nrfx_clock_lfclk_stop
                0x000000000001b188       0x18 Output/ble_app_uart_pca10040e_s112 Release/Obj/nrfx_clock.o
                0x000000000001b188                nrfx_clock_lfclk_stop
 .text.POWER_CLOCK_IRQHandler
                0x000000000001b1a0       0x58 Output/ble_app_uart_pca10040e_s112 Release/Obj/nrfx_clock.o
                0x000000000001b1a0                POWER_CLOCK_IRQHandler
 .text.nrf_gpiote_event_clear
                0x000000000001b1f8       0x18 Output/ble_app_uart_pca10040e_s112 Release/Obj/nrfx_gpiote.o
 .text.nrf_gpio_cfg_sense_set
                0x000000000001b210       0x20 Output/ble_app_uart_pca10040e_s112 Release/Obj/nrfx_gpiote.o
 .text.channel_free
                0x000000000001b230       0x1c Output/ble_app_uart_pca10040e_s112 Release/Obj/nrfx_gpiote.o
 .text.pin_configured_clear
                0x000000000001b24c       0x1c Output/ble_app_uart_pca10040e_s112 Release/Obj/nrfx_gpiote.o
 .text.nrfx_gpiote_init
                0x000000000001b268       0x74 Output/ble_app_uart_pca10040e_s112 Release/Obj/nrfx_gpiote.o
                0x000000000001b268                nrfx_gpiote_init
 .text.nrfx_gpiote_is_init
                0x000000000001b2dc       0x14 Output/ble_app_uart_pca10040e_s112 Release/Obj/nrfx_gpiote.o
                0x000000000001b2dc                nrfx_gpiote_is_init
 .text.nrfx_gpiote_out_init
                0x000000000001b2f0       0xc4 Output/ble_app_uart_pca10040e_s112 Release/Obj/nrfx_gpiote.o
                0x000000000001b2f0                nrfx_gpiote_out_init
 .text.nrfx_gpiote_out_uninit
                0x000000000001b3b4       0x64 Output/ble_app_uart_pca10040e_s112 Release/Obj/nrfx_gpiote.o
                0x000000000001b3b4                nrfx_gpiote_out_uninit
 .text.nrfx_gpiote_out_set
                0x000000000001b418       0x10 Output/ble_app_uart_pca10040e_s112 Release/Obj/nrfx_gpiote.o
                0x000000000001b418                nrfx_gpiote_out_set
 .text.nrfx_gpiote_out_clear
                0x000000000001b428       0x10 Output/ble_app_uart_pca10040e_s112 Release/Obj/nrfx_gpiote.o
                0x000000000001b428                nrfx_gpiote_out_clear
 .text.nrfx_gpiote_out_toggle
                0x000000000001b438       0x1e Output/ble_app_uart_pca10040e_s112 Release/Obj/nrfx_gpiote.o
                0x000000000001b438                nrfx_gpiote_out_toggle
 *fill*         0x000000000001b456        0x2 
 .text.nrfx_gpiote_out_task_enable
                0x000000000001b458       0x24 Output/ble_app_uart_pca10040e_s112 Release/Obj/nrfx_gpiote.o
                0x000000000001b458                nrfx_gpiote_out_task_enable
 .text.nrfx_gpiote_out_task_disable
                0x000000000001b47c       0x24 Output/ble_app_uart_pca10040e_s112 Release/Obj/nrfx_gpiote.o
                0x000000000001b47c                nrfx_gpiote_out_task_disable
 .text.nrfx_gpiote_set_task_addr_get
                0x000000000001b4a0       0x1c Output/ble_app_uart_pca10040e_s112 Release/Obj/nrfx_gpiote.o
                0x000000000001b4a0                nrfx_gpiote_set_task_addr_get
 .text.nrfx_gpiote_clr_task_addr_get
                0x000000000001b4bc       0x1c Output/ble_app_uart_pca10040e_s112 Release/Obj/nrfx_gpiote.o
                0x000000000001b4bc                nrfx_gpiote_clr_task_addr_get
 .text.nrfx_gpiote_out_task_force
                0x000000000001b4d8       0x30 Output/ble_app_uart_pca10040e_s112 Release/Obj/nrfx_gpiote.o
                0x000000000001b4d8                nrfx_gpiote_out_task_force
 .text.nrfx_gpiote_in_event_disable
                0x000000000001b508       0x44 Output/ble_app_uart_pca10040e_s112 Release/Obj/nrfx_gpiote.o
                0x000000000001b508                nrfx_gpiote_in_event_disable
 .text.nrfx_gpiote_in_uninit
                0x000000000001b54c       0x64 Output/ble_app_uart_pca10040e_s112 Release/Obj/nrfx_gpiote.o
                0x000000000001b54c                nrfx_gpiote_in_uninit
 .text.nrfx_gpiote_uninit
                0x000000000001b5b0       0x38 Output/ble_app_uart_pca10040e_s112 Release/Obj/nrfx_gpiote.o
                0x000000000001b5b0                nrfx_gpiote_uninit
 .text.GPIOTE_IRQHandler
                0x000000000001b5e8      0x184 Output/ble_app_uart_pca10040e_s112 Release/Obj/nrfx_gpiote.o
                0x000000000001b5e8                GPIOTE_IRQHandler
 .text.nrfx_prs_acquire
                0x000000000001b76c        0x4 Output/ble_app_uart_pca10040e_s112 Release/Obj/nrfx_prs.o
                0x000000000001b76c                nrfx_prs_acquire
 .text.nrf_uarte_event_clear
                0x000000000001b770       0x10 Output/ble_app_uart_pca10040e_s112 Release/Obj/nrfx_uarte.o
 .text.rx_done_event.constprop.7
                0x000000000001b780       0x24 Output/ble_app_uart_pca10040e_s112 Release/Obj/nrfx_uarte.o
 .text.UARTE0_IRQHandler
                0x000000000001b7a4       0xec Output/ble_app_uart_pca10040e_s112 Release/Obj/nrfx_uarte.o
                0x000000000001b7a4                UARTE0_IRQHandler
 .text.nrfx_uarte_init
                0x000000000001b890      0x190 Output/ble_app_uart_pca10040e_s112 Release/Obj/nrfx_uarte.o
                0x000000000001b890                nrfx_uarte_init
 .text.nrfx_uarte_tx
                0x000000000001ba20       0x84 Output/ble_app_uart_pca10040e_s112 Release/Obj/nrfx_uarte.o
                0x000000000001ba20                nrfx_uarte_tx
 .text.nrfx_uarte_tx_in_progress
                0x000000000001baa4       0x18 Output/ble_app_uart_pca10040e_s112 Release/Obj/nrfx_uarte.o
                0x000000000001baa4                nrfx_uarte_tx_in_progress
 .text.nrfx_uarte_rx
                0x000000000001babc       0xd8 Output/ble_app_uart_pca10040e_s112 Release/Obj/nrfx_uarte.o
                0x000000000001babc                nrfx_uarte_rx
 .text.nrfx_ppi_channel_alloc
                0x000000000001bb94       0x68 Output/ble_app_uart_pca10040e_s112 Release/Obj/nrfx_ppi.o
                0x000000000001bb94                nrfx_ppi_channel_alloc
 .text.nrfx_ppi_channel_free
                0x000000000001bbfc       0x44 Output/ble_app_uart_pca10040e_s112 Release/Obj/nrfx_ppi.o
                0x000000000001bbfc                nrfx_ppi_channel_free
 .text.nrfx_ppi_channel_assign
                0x000000000001bc40       0x40 Output/ble_app_uart_pca10040e_s112 Release/Obj/nrfx_ppi.o
                0x000000000001bc40                nrfx_ppi_channel_assign
 .text.nrfx_ppi_channel_enable
                0x000000000001bc80       0x2c Output/ble_app_uart_pca10040e_s112 Release/Obj/nrfx_ppi.o
                0x000000000001bc80                nrfx_ppi_channel_enable
 .text.nrfx_ppi_channel_disable
                0x000000000001bcac       0x2c Output/ble_app_uart_pca10040e_s112 Release/Obj/nrfx_ppi.o
                0x000000000001bcac                nrfx_ppi_channel_disable
 .text.nrf_saadc_event_clear
                0x000000000001bcd8       0x18 Output/ble_app_uart_pca10040e_s112 Release/Obj/nrfx_saadc.o
 .text.SAADC_IRQHandler
                0x000000000001bcf0      0x16c Output/ble_app_uart_pca10040e_s112 Release/Obj/nrfx_saadc.o
                0x000000000001bcf0                SAADC_IRQHandler
 .text.nrfx_saadc_init
                0x000000000001be5c       0x84 Output/ble_app_uart_pca10040e_s112 Release/Obj/nrfx_saadc.o
                0x000000000001be5c                nrfx_saadc_init
 .text.nrfx_saadc_channel_init
                0x000000000001bee0       0xb4 Output/ble_app_uart_pca10040e_s112 Release/Obj/nrfx_saadc.o
                0x000000000001bee0                nrfx_saadc_channel_init
 .text.nrfx_saadc_sample_task_get
                0x000000000001bf94       0x1c Output/ble_app_uart_pca10040e_s112 Release/Obj/nrfx_saadc.o
                0x000000000001bf94                nrfx_saadc_sample_task_get
 .text.nrfx_saadc_buffer_convert
                0x000000000001bfb0       0xa8 Output/ble_app_uart_pca10040e_s112 Release/Obj/nrfx_saadc.o
                0x000000000001bfb0                nrfx_saadc_buffer_convert
 .text.nrfx_saadc_calibrate_offset
                0x000000000001c058       0x34 Output/ble_app_uart_pca10040e_s112 Release/Obj/nrfx_saadc.o
                0x000000000001c058                nrfx_saadc_calibrate_offset
 .text.nrfx_saadc_is_busy
                0x000000000001c08c       0x10 Output/ble_app_uart_pca10040e_s112 Release/Obj/nrfx_saadc.o
                0x000000000001c08c                nrfx_saadc_is_busy
 .text.nrfx_saadc_limits_set
                0x000000000001c09c       0x78 Output/ble_app_uart_pca10040e_s112 Release/Obj/nrfx_saadc.o
                0x000000000001c09c                nrfx_saadc_limits_set
 .text.nrfx_saadc_channel_uninit
                0x000000000001c114       0x54 Output/ble_app_uart_pca10040e_s112 Release/Obj/nrfx_saadc.o
                0x000000000001c114                nrfx_saadc_channel_uninit
 .text.nrfx_saadc_uninit
                0x000000000001c168       0x64 Output/ble_app_uart_pca10040e_s112 Release/Obj/nrfx_saadc.o
                0x000000000001c168                nrfx_saadc_uninit
 .text.irq_handler.constprop.0
                0x000000000001c1cc       0x4c Output/ble_app_uart_pca10040e_s112 Release/Obj/nrfx_timer.o
 .text.nrfx_timer_init
                0x000000000001c218       0xdc Output/ble_app_uart_pca10040e_s112 Release/Obj/nrfx_timer.o
                0x000000000001c218                nrfx_timer_init
 .text.nrfx_timer_enable
                0x000000000001c2f4       0x1c Output/ble_app_uart_pca10040e_s112 Release/Obj/nrfx_timer.o
                0x000000000001c2f4                nrfx_timer_enable
 .text.nrfx_timer_disable
                0x000000000001c310       0x18 Output/ble_app_uart_pca10040e_s112 Release/Obj/nrfx_timer.o
                0x000000000001c310                nrfx_timer_disable
 .text.nrfx_timer_uninit
                0x000000000001c328       0x4c Output/ble_app_uart_pca10040e_s112 Release/Obj/nrfx_timer.o
                0x000000000001c328                nrfx_timer_uninit
 .text.nrfx_timer_clear
                0x000000000001c374        0x8 Output/ble_app_uart_pca10040e_s112 Release/Obj/nrfx_timer.o
                0x000000000001c374                nrfx_timer_clear
 .text.nrfx_timer_compare
                0x000000000001c37c       0x32 Output/ble_app_uart_pca10040e_s112 Release/Obj/nrfx_timer.o
                0x000000000001c37c                nrfx_timer_compare
 .text.nrfx_timer_extended_compare
                0x000000000001c3ae       0x2a Output/ble_app_uart_pca10040e_s112 Release/Obj/nrfx_timer.o
                0x000000000001c3ae                nrfx_timer_extended_compare
 .text.nrfx_timer_compare_int_enable
                0x000000000001c3d8       0x24 Output/ble_app_uart_pca10040e_s112 Release/Obj/nrfx_timer.o
                0x000000000001c3d8                nrfx_timer_compare_int_enable
 .text.nrfx_timer_compare_int_disable
                0x000000000001c3fc       0x10 Output/ble_app_uart_pca10040e_s112 Release/Obj/nrfx_timer.o
                0x000000000001c3fc                nrfx_timer_compare_int_disable
 .text.TIMER0_IRQHandler
                0x000000000001c40c       0x10 Output/ble_app_uart_pca10040e_s112 Release/Obj/nrfx_timer.o
                0x000000000001c40c                TIMER0_IRQHandler
 .text.TIMER1_IRQHandler
                0x000000000001c41c       0x10 Output/ble_app_uart_pca10040e_s112 Release/Obj/nrfx_timer.o
                0x000000000001c41c                TIMER1_IRQHandler
 .text.TIMER2_IRQHandler
                0x000000000001c42c       0x10 Output/ble_app_uart_pca10040e_s112 Release/Obj/nrfx_timer.o
                0x000000000001c42c                TIMER2_IRQHandler
 .text.pwm_dealloc
                0x000000000001c43c       0x58 Output/ble_app_uart_pca10040e_s112 Release/Obj/app_pwm.o
 .text.pwm_ready_tick
                0x000000000001c494       0x5c Output/ble_app_uart_pca10040e_s112 Release/Obj/app_pwm.o
                0x000000000001c494                pwm_ready_tick
 .text.app_pwm_busy_check
                0x000000000001c4f0       0x3c Output/ble_app_uart_pca10040e_s112 Release/Obj/app_pwm.o
                0x000000000001c4f0                app_pwm_busy_check
 .text.app_pwm_channel_duty_ticks_set
                0x000000000001c52c      0x15c Output/ble_app_uart_pca10040e_s112 Release/Obj/app_pwm.o
                0x000000000001c52c                app_pwm_channel_duty_ticks_set
 .text.app_pwm_channel_duty_set
                0x000000000001c688       0x12 Output/ble_app_uart_pca10040e_s112 Release/Obj/app_pwm.o
                0x000000000001c688                app_pwm_channel_duty_set
 *fill*         0x000000000001c69a        0x2 
 .text.app_pwm_init
                0x000000000001c69c      0x278 Output/ble_app_uart_pca10040e_s112 Release/Obj/app_pwm.o
                0x000000000001c69c                app_pwm_init
 .text.app_pwm_enable
                0x000000000001c914       0x74 Output/ble_app_uart_pca10040e_s112 Release/Obj/app_pwm.o
                0x000000000001c914                app_pwm_enable
 .text.app_pwm_disable
                0x000000000001c988       0x6c Output/ble_app_uart_pca10040e_s112 Release/Obj/app_pwm.o
                0x000000000001c988                app_pwm_disable
 .text.app_pwm_uninit
                0x000000000001c9f4       0x28 Output/ble_app_uart_pca10040e_s112 Release/Obj/app_pwm.o
                0x000000000001c9f4                app_pwm_uninit
 .text.bsp_event_to_button_action_assign
                0x000000000001ca1c       0x4c Output/ble_app_uart_pca10040e_s112 Release/Obj/bsp.o
                0x000000000001ca1c                bsp_event_to_button_action_assign
 .text.advertising_buttons_configure
                0x000000000001ca68       0x36 Output/ble_app_uart_pca10040e_s112 Release/Obj/bsp_btn_ble.o
 *fill*         0x000000000001ca9e        0x2 
 .text.ble_evt_handler
                0x000000000001caa0       0x80 Output/ble_app_uart_pca10040e_s112 Release/Obj/bsp_btn_ble.o
 .text.sd_power_system_off
                0x000000000001cb20        0x4 Output/ble_app_uart_pca10040e_s112 Release/Obj/main.o
 .text.sd_power_dcdc_mode_set
                0x000000000001cb24        0x4 Output/ble_app_uart_pca10040e_s112 Release/Obj/main.o
 .text.sd_ble_gap_disconnect
                0x000000000001cb28        0x4 Output/ble_app_uart_pca10040e_s112 Release/Obj/main.o
 .text.sd_ble_gap_ppcp_set
                0x000000000001cb2c        0x4 Output/ble_app_uart_pca10040e_s112 Release/Obj/main.o
 .text.sd_ble_gap_device_name_set
                0x000000000001cb30        0x4 Output/ble_app_uart_pca10040e_s112 Release/Obj/main.o
 .text.sd_ble_gap_sec_params_reply
                0x000000000001cb34        0x4 Output/ble_app_uart_pca10040e_s112 Release/Obj/main.o
 .text.sd_ble_gap_phy_update
                0x000000000001cb38        0x4 Output/ble_app_uart_pca10040e_s112 Release/Obj/main.o
 .text.sd_ble_gatts_sys_attr_set
                0x000000000001cb3c        0x4 Output/ble_app_uart_pca10040e_s112 Release/Obj/main.o
 .text.timer_handler
                0x000000000001cb40        0x2 Output/ble_app_uart_pca10040e_s112 Release/Obj/main.o
                0x000000000001cb40                timer_handler
 *fill*         0x000000000001cb42        0x2 
 .text.nrf_qwr_error_handler
                0x000000000001cb44       0x10 Output/ble_app_uart_pca10040e_s112 Release/Obj/main.o
 .text.on_adv_evt
                0x000000000001cb54       0x20 Output/ble_app_uart_pca10040e_s112 Release/Obj/main.o
 .text.conn_params_error_handler
                0x000000000001cb74       0x10 Output/ble_app_uart_pca10040e_s112 Release/Obj/main.o
 .text.single_shot_timer_handler
                0x000000000001cb84       0x4c Output/ble_app_uart_pca10040e_s112 Release/Obj/main.o
 .text.saadc_sampling_event_init
                0x000000000001cbd0       0x94 Output/ble_app_uart_pca10040e_s112 Release/Obj/main.o
 .text.saadc_sampling_event_enable
                0x000000000001cc64       0x24 Output/ble_app_uart_pca10040e_s112 Release/Obj/main.o
 .text.ble_evt_handler
                0x000000000001cc88      0x134 Output/ble_app_uart_pca10040e_s112 Release/Obj/main.o
 .text.nrfx_coredep_delay_us.part.0
                0x000000000001cdbc       0x10 Output/ble_app_uart_pca10040e_s112 Release/Obj/main.o
 .text.saadc_init
                0x000000000001cdcc       0xec Output/ble_app_uart_pca10040e_s112 Release/Obj/main.o
 .text.nrf_delay_ms.part.2
                0x000000000001ceb8       0x12 Output/ble_app_uart_pca10040e_s112 Release/Obj/main.o
 .text.num_to_byte_arr
                0x000000000001ceca       0x5e Output/ble_app_uart_pca10040e_s112 Release/Obj/main.o
 .text.on_conn_params_evt
                0x000000000001cf28       0x2c Output/ble_app_uart_pca10040e_s112 Release/Obj/main.o
 .text.gatt_evt_handler
                0x000000000001cf54       0x98 Output/ble_app_uart_pca10040e_s112 Release/Obj/main.o
                0x000000000001cf54                gatt_evt_handler
 .text.uart_event_handle
                0x000000000001cfec       0x88 Output/ble_app_uart_pca10040e_s112 Release/Obj/main.o
 .text.nus_data_handler
                0x000000000001d074       0x7c Output/ble_app_uart_pca10040e_s112 Release/Obj/main.o
 .text.pwm_ready_callback
                0x000000000001d0f0       0x4a Output/ble_app_uart_pca10040e_s112 Release/Obj/main.o
 *fill*         0x000000000001d13a        0x2 
 .text.format_bluetooth_packet.isra.8
                0x000000000001d13c       0xc8 Output/ble_app_uart_pca10040e_s112 Release/Obj/main.o
 .text.saadc_callback
                0x000000000001d204      0x1e0 Output/ble_app_uart_pca10040e_s112 Release/Obj/main.o
 .text.gatt_init
                0x000000000001d3e4       0x3c Output/ble_app_uart_pca10040e_s112 Release/Obj/main.o
                0x000000000001d3e4                gatt_init
 .text.led_on   0x000000000001d420       0x2a Output/ble_app_uart_pca10040e_s112 Release/Obj/main.o
                0x000000000001d420                led_on
 .text.led_off  0x000000000001d44a        0x6 Output/ble_app_uart_pca10040e_s112 Release/Obj/main.o
                0x000000000001d44a                led_off
 .text.run_heartbeat
                0x000000000001d450       0xa8 Output/ble_app_uart_pca10040e_s112 Release/Obj/main.o
                0x000000000001d450                run_heartbeat
 .text.startup.main
                0x000000000001d4f8      0x2b4 Output/ble_app_uart_pca10040e_s112 Release/Obj/main.o
                0x000000000001d4f8                main
 .text._GetAvailWriteSpace
                0x000000000001d7ac       0x1c Output/ble_app_uart_pca10040e_s112 Release/Obj/SEGGER_RTT.o
 .text._WriteNoCheck
                0x000000000001d7c8       0x34 Output/ble_app_uart_pca10040e_s112 Release/Obj/SEGGER_RTT.o
 .text._WriteBlocking
                0x000000000001d7fc       0x52 Output/ble_app_uart_pca10040e_s112 Release/Obj/SEGGER_RTT.o
 *fill*         0x000000000001d84e        0x2 
 .text._DoInit  0x000000000001d850       0x60 Output/ble_app_uart_pca10040e_s112 Release/Obj/SEGGER_RTT.o
 .text.SEGGER_RTT_WriteNoLock
                0x000000000001d8b0       0x68 Output/ble_app_uart_pca10040e_s112 Release/Obj/SEGGER_RTT.o
                0x000000000001d8b0                SEGGER_RTT_WriteNoLock
 .text.SEGGER_RTT_Init
                0x000000000001d918        0x4 Output/ble_app_uart_pca10040e_s112 Release/Obj/SEGGER_RTT.o
                0x000000000001d918                SEGGER_RTT_Init
 .text.sd_ble_gap_addr_get
                0x000000000001d91c        0x4 Output/ble_app_uart_pca10040e_s112 Release/Obj/ble_advdata.o
 .text.sd_ble_gap_appearance_get
                0x000000000001d920        0x4 Output/ble_app_uart_pca10040e_s112 Release/Obj/ble_advdata.o
 .text.sd_ble_gap_device_name_get
                0x000000000001d924        0x4 Output/ble_app_uart_pca10040e_s112 Release/Obj/ble_advdata.o
 .text.sd_ble_uuid_encode
                0x000000000001d928        0x4 Output/ble_app_uart_pca10040e_s112 Release/Obj/ble_advdata.o
 .text.uuid_list_sized_encode
                0x000000000001d92c       0xac Output/ble_app_uart_pca10040e_s112 Release/Obj/ble_advdata.o
 .text.uuid_list_encode
                0x000000000001d9d8       0x38 Output/ble_app_uart_pca10040e_s112 Release/Obj/ble_advdata.o
 .text.ble_advdata_encode
                0x000000000001da10      0x394 Output/ble_app_uart_pca10040e_s112 Release/Obj/ble_advdata.o
                0x000000000001da10                ble_advdata_encode
 .text.ble_advdata_search
                0x000000000001dda4       0x38 Output/ble_app_uart_pca10040e_s112 Release/Obj/ble_advdata.o
                0x000000000001dda4                ble_advdata_search
 .text.ble_advdata_parse
                0x000000000001dddc       0x20 Output/ble_app_uart_pca10040e_s112 Release/Obj/ble_advdata.o
                0x000000000001dddc                ble_advdata_parse
 .text.sd_ble_gap_adv_set_configure
                0x000000000001ddfc        0x4 Output/ble_app_uart_pca10040e_s112 Release/Obj/ble_advertising.o
 .text.sd_ble_gap_adv_start
                0x000000000001de00        0x4 Output/ble_app_uart_pca10040e_s112 Release/Obj/ble_advertising.o
 .text.flags_set
                0x000000000001de04       0x2c Output/ble_app_uart_pca10040e_s112 Release/Obj/ble_advertising.o
 .text.ble_advertising_conn_cfg_tag_set
                0x000000000001de30        0x6 Output/ble_app_uart_pca10040e_s112 Release/Obj/ble_advertising.o
                0x000000000001de30                ble_advertising_conn_cfg_tag_set
 .text.ble_advertising_init
                0x000000000001de36       0xe4 Output/ble_app_uart_pca10040e_s112 Release/Obj/ble_advertising.o
                0x000000000001de36                ble_advertising_init
 .text.ble_advertising_start
                0x000000000001df1a      0x204 Output/ble_app_uart_pca10040e_s112 Release/Obj/ble_advertising.o
                0x000000000001df1a                ble_advertising_start
 .text.ble_advertising_on_ble_evt
                0x000000000001e11e       0x6a Output/ble_app_uart_pca10040e_s112 Release/Obj/ble_advertising.o
                0x000000000001e11e                ble_advertising_on_ble_evt
 .text.ble_advertising_on_sys_evt
                0x000000000001e188        0x2 Output/ble_app_uart_pca10040e_s112 Release/Obj/ble_advertising.o
                0x000000000001e188                ble_advertising_on_sys_evt
 .text.sd_ble_gap_conn_param_update
                0x000000000001e18a        0x4 Output/ble_app_uart_pca10040e_s112 Release/Obj/ble_conn_params.o
 .text.sd_ble_gap_disconnect
                0x000000000001e18e        0x4 Output/ble_app_uart_pca10040e_s112 Release/Obj/ble_conn_params.o
 .text.sd_ble_gap_ppcp_set
                0x000000000001e192        0x4 Output/ble_app_uart_pca10040e_s112 Release/Obj/ble_conn_params.o
 .text.sd_ble_gap_ppcp_get
                0x000000000001e196        0x4 Output/ble_app_uart_pca10040e_s112 Release/Obj/ble_conn_params.o
 *fill*         0x000000000001e19a        0x2 
 .text.instance_get
                0x000000000001e19c       0x14 Output/ble_app_uart_pca10040e_s112 Release/Obj/ble_conn_params.o
 .text.send_error_evt
                0x000000000001e1b0       0x10 Output/ble_app_uart_pca10040e_s112 Release/Obj/ble_conn_params.o
 .text.update_timeout_handler
                0x000000000001e1c0       0x6c Output/ble_app_uart_pca10040e_s112 Release/Obj/ble_conn_params.o
 .text.conn_params_negotiation
                0x000000000001e22c       0x48 Output/ble_app_uart_pca10040e_s112 Release/Obj/ble_conn_params.o
 .text.is_conn_params_ok.constprop.3
                0x000000000001e274       0x34 Output/ble_app_uart_pca10040e_s112 Release/Obj/ble_conn_params.o
 .text.ble_evt_handler
                0x000000000001e2a8       0xe0 Output/ble_app_uart_pca10040e_s112 Release/Obj/ble_conn_params.o
 .text.ble_conn_params_init
                0x000000000001e388       0x74 Output/ble_app_uart_pca10040e_s112 Release/Obj/ble_conn_params.o
                0x000000000001e388                ble_conn_params_init
 .text.conn_handle_list_get
                0x000000000001e3fc       0x2e Output/ble_app_uart_pca10040e_s112 Release/Obj/ble_conn_state.o
                0x000000000001e3fc                conn_handle_list_get
 *fill*         0x000000000001e42a        0x2 
 .text.ble_evt_handler
                0x000000000001e42c       0xd8 Output/ble_app_uart_pca10040e_s112 Release/Obj/ble_conn_state.o
 .text.ble_conn_state_valid
                0x000000000001e504       0x14 Output/ble_app_uart_pca10040e_s112 Release/Obj/ble_conn_state.o
                0x000000000001e504                ble_conn_state_valid
 .text.ble_conn_state_conn_idx
                0x000000000001e518       0x12 Output/ble_app_uart_pca10040e_s112 Release/Obj/ble_conn_state.o
                0x000000000001e518                ble_conn_state_conn_idx
 .text.blcm_link_ctx_get
                0x000000000001e52a       0x4e Output/ble_app_uart_pca10040e_s112 Release/Obj/ble_link_ctx_manager.o
                0x000000000001e52a                blcm_link_ctx_get
 .text.sd_ble_gatts_characteristic_add
                0x000000000001e578        0x4 Output/ble_app_uart_pca10040e_s112 Release/Obj/ble_srv_common.o
 .text.set_security_req
                0x000000000001e57c       0x2a Output/ble_app_uart_pca10040e_s112 Release/Obj/ble_srv_common.o
 .text.ble_srv_is_notification_enabled
                0x000000000001e5a6        0x8 Output/ble_app_uart_pca10040e_s112 Release/Obj/ble_srv_common.o
                0x000000000001e5a6                ble_srv_is_notification_enabled
 .text.characteristic_add
                0x000000000001e5ae      0x148 Output/ble_app_uart_pca10040e_s112 Release/Obj/ble_srv_common.o
                0x000000000001e5ae                characteristic_add
 .text.sd_ble_gattc_exchange_mtu_request
                0x000000000001e6f6        0x4 Output/ble_app_uart_pca10040e_s112 Release/Obj/nrf_ble_gatt.o
 .text.sd_ble_gatts_exchange_mtu_reply
                0x000000000001e6fa        0x4 Output/ble_app_uart_pca10040e_s112 Release/Obj/nrf_ble_gatt.o
 .text.nrf_ble_gatt_init
                0x000000000001e6fe       0x1e Output/ble_app_uart_pca10040e_s112 Release/Obj/nrf_ble_gatt.o
                0x000000000001e6fe                nrf_ble_gatt_init
 .text.nrf_ble_gatt_att_mtu_periph_set
                0x000000000001e71c       0x18 Output/ble_app_uart_pca10040e_s112 Release/Obj/nrf_ble_gatt.o
                0x000000000001e71c                nrf_ble_gatt_att_mtu_periph_set
 .text.nrf_ble_gatt_on_ble_evt
                0x000000000001e734      0x13c Output/ble_app_uart_pca10040e_s112 Release/Obj/nrf_ble_gatt.o
                0x000000000001e734                nrf_ble_gatt_on_ble_evt
 .text.sd_ble_gatts_rw_authorize_reply
                0x000000000001e870        0x4 Output/ble_app_uart_pca10040e_s112 Release/Obj/nrf_ble_qwr.o
 .text.sd_ble_user_mem_reply
                0x000000000001e874        0x4 Output/ble_app_uart_pca10040e_s112 Release/Obj/nrf_ble_qwr.o
 .text.user_mem_reply.part.0
                0x000000000001e878       0x24 Output/ble_app_uart_pca10040e_s112 Release/Obj/nrf_ble_qwr.o
 .text.nrf_ble_qwr_init
                0x000000000001e89c       0x24 Output/ble_app_uart_pca10040e_s112 Release/Obj/nrf_ble_qwr.o
                0x000000000001e89c                nrf_ble_qwr_init
 .text.nrf_ble_qwr_conn_handle_assign
                0x000000000001e8c0       0x16 Output/ble_app_uart_pca10040e_s112 Release/Obj/nrf_ble_qwr.o
                0x000000000001e8c0                nrf_ble_qwr_conn_handle_assign
 .text.nrf_ble_qwr_on_ble_evt
                0x000000000001e8d6       0xa0 Output/ble_app_uart_pca10040e_s112 Release/Obj/nrf_ble_qwr.o
                0x000000000001e8d6                nrf_ble_qwr_on_ble_evt
 .text.sd_ble_gatts_service_add
                0x000000000001e976        0x4 Output/ble_app_uart_pca10040e_s112 Release/Obj/ble_nus.o
 .text.sd_ble_gatts_value_get
                0x000000000001e97a        0x4 Output/ble_app_uart_pca10040e_s112 Release/Obj/ble_nus.o
 .text.sd_ble_gatts_hvx
                0x000000000001e97e        0x4 Output/ble_app_uart_pca10040e_s112 Release/Obj/ble_nus.o
 .text.sd_ble_uuid_vs_add
                0x000000000001e982        0x4 Output/ble_app_uart_pca10040e_s112 Release/Obj/ble_nus.o
 .text.ble_nus_on_ble_evt
                0x000000000001e986      0x132 Output/ble_app_uart_pca10040e_s112 Release/Obj/ble_nus.o
                0x000000000001e986                ble_nus_on_ble_evt
 .text.ble_nus_init
                0x000000000001eab8       0xec Output/ble_app_uart_pca10040e_s112 Release/Obj/ble_nus.o
                0x000000000001eab8                ble_nus_init
 .text.ble_nus_data_send
                0x000000000001eba4       0x66 Output/ble_app_uart_pca10040e_s112 Release/Obj/ble_nus.o
                0x000000000001eba4                ble_nus_data_send
 .text.sd_softdevice_enable
                0x000000000001ec0a        0x4 Output/ble_app_uart_pca10040e_s112 Release/Obj/nrf_sdh.o
 *fill*         0x000000000001ec0e        0x2 
 .text.sdh_request_observer_notify
                0x000000000001ec10       0x30 Output/ble_app_uart_pca10040e_s112 Release/Obj/nrf_sdh.o
 .text.sdh_state_observer_notify
                0x000000000001ec40       0x28 Output/ble_app_uart_pca10040e_s112 Release/Obj/nrf_sdh.o
 .text.softdevices_evt_irq_enable
                0x000000000001ec68       0x40 Output/ble_app_uart_pca10040e_s112 Release/Obj/nrf_sdh.o
 .text.nrf_sdh_enable_request
                0x000000000001eca8       0x7c Output/ble_app_uart_pca10040e_s112 Release/Obj/nrf_sdh.o
                0x000000000001eca8                nrf_sdh_enable_request
 .text.nrf_sdh_is_enabled
                0x000000000001ed24        0xc Output/ble_app_uart_pca10040e_s112 Release/Obj/nrf_sdh.o
                0x000000000001ed24                nrf_sdh_is_enabled
 .text.nrf_sdh_evts_poll
                0x000000000001ed30       0x28 Output/ble_app_uart_pca10040e_s112 Release/Obj/nrf_sdh.o
                0x000000000001ed30                nrf_sdh_evts_poll
 .text.SWI2_IRQHandler
                0x000000000001ed58        0x4 Output/ble_app_uart_pca10040e_s112 Release/Obj/nrf_sdh.o
                0x000000000001ed58                SWI2_IRQHandler
 .text.sd_ble_enable
                0x000000000001ed5c        0x4 Output/ble_app_uart_pca10040e_s112 Release/Obj/nrf_sdh_ble.o
 .text.sd_ble_cfg_set
                0x000000000001ed60        0x4 Output/ble_app_uart_pca10040e_s112 Release/Obj/nrf_sdh_ble.o
 .text.sd_ble_evt_get
                0x000000000001ed64        0x4 Output/ble_app_uart_pca10040e_s112 Release/Obj/nrf_sdh_ble.o
 .text.nrf_sdh_ble_evts_poll.part.1
                0x000000000001ed68       0x58 Output/ble_app_uart_pca10040e_s112 Release/Obj/nrf_sdh_ble.o
 .text.nrf_sdh_ble_evts_poll
                0x000000000001edc0       0x10 Output/ble_app_uart_pca10040e_s112 Release/Obj/nrf_sdh_ble.o
 .text.nrf_sdh_ble_default_cfg_set
                0x000000000001edd0      0x19c Output/ble_app_uart_pca10040e_s112 Release/Obj/nrf_sdh_ble.o
                0x000000000001edd0                nrf_sdh_ble_default_cfg_set
 .text.nrf_sdh_ble_enable
                0x000000000001ef6c       0x94 Output/ble_app_uart_pca10040e_s112 Release/Obj/nrf_sdh_ble.o
                0x000000000001ef6c                nrf_sdh_ble_enable
 .text.sd_evt_get
                0x000000000001f000        0x4 Output/ble_app_uart_pca10040e_s112 Release/Obj/nrf_sdh_soc.o
 .text.nrf_sdh_soc_evts_poll
                0x000000000001f004       0x44 Output/ble_app_uart_pca10040e_s112 Release/Obj/nrf_sdh_soc.o
 .text.libc.__RAL_ascii_isctype
                0x000000000001f048       0x1c /usr/share/segger_embedded_studio_for_arm_4.22/lib/libc_v7em_t_le_eabi.a(libc2.o)
 .text.libc.__RAL_ascii_toupper
                0x000000000001f064        0xc /usr/share/segger_embedded_studio_for_arm_4.22/lib/libc_v7em_t_le_eabi.a(libc2.o)
 .text.libc.__RAL_ascii_tolower
                0x000000000001f070        0xc /usr/share/segger_embedded_studio_for_arm_4.22/lib/libc_v7em_t_le_eabi.a(libc2.o)
 .text.libc.__RAL_ascii_iswctype
                0x000000000001f07c       0x1c /usr/share/segger_embedded_studio_for_arm_4.22/lib/libc_v7em_t_le_eabi.a(libc2.o)
 .text.libc.__RAL_ascii_towupper
                0x000000000001f098        0xc /usr/share/segger_embedded_studio_for_arm_4.22/lib/libc_v7em_t_le_eabi.a(libc2.o)
 .text.libc.__RAL_ascii_towlower
                0x000000000001f0a4        0xc /usr/share/segger_embedded_studio_for_arm_4.22/lib/libc_v7em_t_le_eabi.a(libc2.o)
 .text.libc.__RAL_ascii_wctomb
                0x000000000001f0b0        0xe /usr/share/segger_embedded_studio_for_arm_4.22/lib/libc_v7em_t_le_eabi.a(libc2.o)
                0x000000000001f0b0                __RAL_ascii_wctomb
 .text.libc.__RAL_ascii_mbtowc
                0x000000000001f0be       0x24 /usr/share/segger_embedded_studio_for_arm_4.22/lib/libc_v7em_t_le_eabi.a(libc2.o)
                0x000000000001f0be                __RAL_ascii_mbtowc
 *fill*         0x000000000001f0e2        0x2 
 .text.libc.__RAL_isctype
                0x000000000001f0e4       0x14 /usr/share/segger_embedded_studio_for_arm_4.22/lib/libc_v7em_t_le_eabi.a(libc2.o)
                0x000000000001f0e4                __RAL_isctype
 .text.libc.isprint
                0x000000000001f0f8        0xa /usr/share/segger_embedded_studio_for_arm_4.22/lib/libc_v7em_t_le_eabi.a(libc2.o)
                0x000000000001f0f8                isprint
 *fill*         0x000000000001f102        0x2 
 .text.libc.malloc
                0x000000000001f104       0x94 /usr/share/segger_embedded_studio_for_arm_4.22/lib/libc_v7em_t_le_eabi.a(libc2.o)
                0x000000000001f104                malloc
 .text.libc.free
                0x000000000001f198       0xb0 /usr/share/segger_embedded_studio_for_arm_4.22/lib/libc_v7em_t_le_eabi.a(libc2.o)
                0x000000000001f198                free
 .text.libc.memcpy
                0x000000000001f248       0x52 /usr/share/segger_embedded_studio_for_arm_4.22/lib/libc_v7em_t_le_eabi.a(libc2_asm.o)
                0x000000000001f248                memcpy
                0x000000000001f248                __aeabi_memcpy
                0x000000000001f254                __aeabi_memcpy4
                0x000000000001f254                __aeabi_memcpy8
 .text.libc.memset
                0x000000000001f29a       0x66 /usr/share/segger_embedded_studio_for_arm_4.22/lib/libc_v7em_t_le_eabi.a(libc2_asm.o)
                0x000000000001f29a                memset
 .text.libc.strcpy
                0x000000000001f300       0x44 /usr/share/segger_embedded_studio_for_arm_4.22/lib/libc_v7em_t_le_eabi.a(libc2_asm.o)
                0x000000000001f300                strcpy
 .text.libc.strlen
                0x000000000001f344       0x60 /usr/share/segger_embedded_studio_for_arm_4.22/lib/libc_v7em_t_le_eabi.a(libc2_asm.o)
                0x000000000001f344                strlen
 .text.libc.__heap_lock
                0x000000000001f3a4        0x2 /usr/share/segger_embedded_studio_for_arm_4.22/lib/libc_v7em_t_le_eabi.a(libc.o)
                0x000000000001f3a4                __heap_lock
 .text.libc.__heap_unlock
                0x000000000001f3a6        0x2 /usr/share/segger_embedded_studio_for_arm_4.22/lib/libc_v7em_t_le_eabi.a(libc.o)
                0x000000000001f3a6                __heap_unlock
                0x000000000001f3a8                __text_end__ = (__text_start__ + SIZEOF (.text))
                0x0000000000005fe8                __text_size__ = SIZEOF (.text)
                0x000000000001f3a8                __text_load_end__ = __text_end__

.vfp11_veneer   0x0000000100000000        0x0
 .vfp11_veneer  0x0000000100000000        0x0 linker stubs

.v4_bx          0x0000000100000000        0x0
 .v4_bx         0x0000000100000000        0x0 linker stubs

.iplt           0x0000000100000000        0x0
 .iplt          0x0000000100000000        0x0 Output/ble_app_uart_pca10040e_s112 Release/Obj/thumb_crt0.o
                0x0000000000000001                . = ASSERT (((__text_start__ == __text_end__) || ((__text_end__ - __FLASH_segment_start__) <= __FLASH_segment_size__)), error: .text is too large to fit in FLASH memory segment)
                0x000000000001f3a8                __sdh_soc_observers_load_start__ = ALIGN (__text_end__, 0x4)

.sdh_soc_observers
                0x000000000001f3a8       0x10
                0x000000000001f3a8                __sdh_soc_observers_start__ = .
                0x000000000001f3a8                __start_sdh_soc_observers = __sdh_soc_observers_start__
 *(SORT_BY_NAME(.sdh_soc_observers*))
 .sdh_soc_observers0
                0x000000000001f3a8        0x8 Output/ble_app_uart_pca10040e_s112 Release/Obj/nrf_drv_clock.o
 .sdh_soc_observers1
                0x000000000001f3b0        0x8 Output/ble_app_uart_pca10040e_s112 Release/Obj/main.o
                0x000000000001f3b8                __sdh_soc_observers_end__ = (__sdh_soc_observers_start__ + SIZEOF (.sdh_soc_observers))
                0x0000000000000010                __sdh_soc_observers_size__ = SIZEOF (.sdh_soc_observers)
                0x000000000001f3b8                __stop_sdh_soc_observers = __sdh_soc_observers_end__
                0x000000000001f3b8                __sdh_soc_observers_load_end__ = __sdh_soc_observers_end__
                0x0000000000000001                . = ASSERT (((__sdh_soc_observers_start__ == __sdh_soc_observers_end__) || ((__sdh_soc_observers_end__ - __FLASH_segment_start__) <= __FLASH_segment_size__)), error: .sdh_soc_observers is too large to fit in FLASH memory segment)
                0x000000000001f3b8                __sdh_ble_observers_load_start__ = ALIGN (__sdh_soc_observers_end__, 0x4)

.sdh_ble_observers
                0x000000000001f3b8       0x40
                0x000000000001f3b8                __sdh_ble_observers_start__ = .
                0x000000000001f3b8                __start_sdh_ble_observers = __sdh_ble_observers_start__
 *(SORT_BY_NAME(.sdh_ble_observers*))
 .sdh_ble_observers0
                0x000000000001f3b8        0x8 Output/ble_app_uart_pca10040e_s112 Release/Obj/ble_conn_state.o
 .sdh_ble_observers1
                0x000000000001f3c0        0x8 Output/ble_app_uart_pca10040e_s112 Release/Obj/bsp_btn_ble.o
 .sdh_ble_observers1
                0x000000000001f3c8       0x10 Output/ble_app_uart_pca10040e_s112 Release/Obj/main.o
 .sdh_ble_observers1
                0x000000000001f3d8        0x8 Output/ble_app_uart_pca10040e_s112 Release/Obj/ble_conn_params.o
 .sdh_ble_observers2
                0x000000000001f3e0       0x10 Output/ble_app_uart_pca10040e_s112 Release/Obj/main.o
 .sdh_ble_observers3
                0x000000000001f3f0        0x8 Output/ble_app_uart_pca10040e_s112 Release/Obj/main.o
                0x000000000001f3f8                __sdh_ble_observers_end__ = (__sdh_ble_observers_start__ + SIZEOF (.sdh_ble_observers))
                0x0000000000000040                __sdh_ble_observers_size__ = SIZEOF (.sdh_ble_observers)
                0x000000000001f3f8                __stop_sdh_ble_observers = __sdh_ble_observers_end__
                0x000000000001f3f8                __sdh_ble_observers_load_end__ = __sdh_ble_observers_end__
                0x0000000000000001                . = ASSERT (((__sdh_ble_observers_start__ == __sdh_ble_observers_end__) || ((__sdh_ble_observers_end__ - __FLASH_segment_start__) <= __FLASH_segment_size__)), error: .sdh_ble_observers is too large to fit in FLASH memory segment)
                0x000000000001f3f8                __pwr_mgmt_data_load_start__ = ALIGN (__sdh_ble_observers_end__, 0x4)

.pwr_mgmt_data  0x000000000001f3f8        0x0
                0x000000000001f3f8                __pwr_mgmt_data_start__ = .
                0x000000000001f3f8                __start_pwr_mgmt_data = __pwr_mgmt_data_start__
 *(SORT_BY_NAME(.pwr_mgmt_data*))
                0x000000000001f3f8                __pwr_mgmt_data_end__ = (__pwr_mgmt_data_start__ + SIZEOF (.pwr_mgmt_data))
                0x0000000000000000                __pwr_mgmt_data_size__ = SIZEOF (.pwr_mgmt_data)
                0x000000000001f3f8                __stop_pwr_mgmt_data = __pwr_mgmt_data_end__
                0x000000000001f3f8                __pwr_mgmt_data_load_end__ = __pwr_mgmt_data_end__
                0x0000000000000001                . = ASSERT (((__pwr_mgmt_data_start__ == __pwr_mgmt_data_end__) || ((__pwr_mgmt_data_end__ - __FLASH_segment_start__) <= __FLASH_segment_size__)), error: .pwr_mgmt_data is too large to fit in FLASH memory segment)
                0x000000000001f3f8                __sdh_stack_observers_load_start__ = ALIGN (__pwr_mgmt_data_end__, 0x4)

.sdh_stack_observers
                0x000000000001f3f8       0x10
                0x000000000001f3f8                __sdh_stack_observers_start__ = .
                0x000000000001f3f8                __start_sdh_stack_observers = __sdh_stack_observers_start__
 *(SORT_BY_NAME(.sdh_stack_observers*))
 .sdh_stack_observers0
                0x000000000001f3f8        0x8 Output/ble_app_uart_pca10040e_s112 Release/Obj/nrf_sdh_ble.o
 .sdh_stack_observers0
                0x000000000001f400        0x8 Output/ble_app_uart_pca10040e_s112 Release/Obj/nrf_sdh_soc.o
                0x000000000001f408                __sdh_stack_observers_end__ = (__sdh_stack_observers_start__ + SIZEOF (.sdh_stack_observers))
                0x0000000000000010                __sdh_stack_observers_size__ = SIZEOF (.sdh_stack_observers)
                0x000000000001f408                __stop_sdh_stack_observers = __sdh_stack_observers_end__
                0x000000000001f408                __sdh_stack_observers_load_end__ = __sdh_stack_observers_end__
                0x0000000000000001                . = ASSERT (((__sdh_stack_observers_start__ == __sdh_stack_observers_end__) || ((__sdh_stack_observers_end__ - __FLASH_segment_start__) <= __FLASH_segment_size__)), error: .sdh_stack_observers is too large to fit in FLASH memory segment)
                0x000000000001f408                __sdh_req_observers_load_start__ = ALIGN (__sdh_stack_observers_end__, 0x4)

.sdh_req_observers
                0x000000000001f408        0x0
                0x000000000001f408                __sdh_req_observers_start__ = .
                0x000000000001f408                __start_sdh_req_observers = __sdh_req_observers_start__
 *(SORT_BY_NAME(.sdh_req_observers*))
                0x000000000001f408                __sdh_req_observers_end__ = (__sdh_req_observers_start__ + SIZEOF (.sdh_req_observers))
                0x0000000000000000                __sdh_req_observers_size__ = SIZEOF (.sdh_req_observers)
                0x000000000001f408                __stop_sdh_req_observers = __sdh_req_observers_end__
                0x000000000001f408                __sdh_req_observers_load_end__ = __sdh_req_observers_end__
                0x0000000000000001                . = ASSERT (((__sdh_req_observers_start__ == __sdh_req_observers_end__) || ((__sdh_req_observers_end__ - __FLASH_segment_start__) <= __FLASH_segment_size__)), error: .sdh_req_observers is too large to fit in FLASH memory segment)
                0x000000000001f408                __sdh_state_observers_load_start__ = ALIGN (__sdh_req_observers_end__, 0x4)

.sdh_state_observers
                0x000000000001f408        0x8
                0x000000000001f408                __sdh_state_observers_start__ = .
                0x000000000001f408                __start_sdh_state_observers = __sdh_state_observers_start__
 *(SORT_BY_NAME(.sdh_state_observers*))
 .sdh_state_observers0
                0x000000000001f408        0x8 Output/ble_app_uart_pca10040e_s112 Release/Obj/nrf_drv_clock.o
                0x000000000001f410                __sdh_state_observers_end__ = (__sdh_state_observers_start__ + SIZEOF (.sdh_state_observers))
                0x0000000000000008                __sdh_state_observers_size__ = SIZEOF (.sdh_state_observers)
                0x000000000001f410                __stop_sdh_state_observers = __sdh_state_observers_end__
                0x000000000001f410                __sdh_state_observers_load_end__ = __sdh_state_observers_end__
                0x0000000000000001                . = ASSERT (((__sdh_state_observers_start__ == __sdh_state_observers_end__) || ((__sdh_state_observers_end__ - __FLASH_segment_start__) <= __FLASH_segment_size__)), error: .sdh_state_observers is too large to fit in FLASH memory segment)
                0x000000000001f410                __nrf_queue_load_start__ = ALIGN (__sdh_state_observers_end__, 0x4)

.nrf_queue      0x000000000001f410        0x0
                0x000000000001f410                __nrf_queue_start__ = .
                0x000000000001f410                __start_nrf_queue = __nrf_queue_start__
 *(.nrf_queue*)
                0x000000000001f410                __nrf_queue_end__ = (__nrf_queue_start__ + SIZEOF (.nrf_queue))
                0x0000000000000000                __nrf_queue_size__ = SIZEOF (.nrf_queue)
                0x000000000001f410                __stop_nrf_queue = __nrf_queue_end__
                0x000000000001f410                __nrf_queue_load_end__ = __nrf_queue_end__
                0x0000000000000001                . = ASSERT (((__nrf_queue_start__ == __nrf_queue_end__) || ((__nrf_queue_end__ - __FLASH_segment_start__) <= __FLASH_segment_size__)), error: .nrf_queue is too large to fit in FLASH memory segment)
                0x000000000001f410                __nrf_balloc_load_start__ = ALIGN (__nrf_queue_end__, 0x4)

.nrf_balloc     0x000000000001f410       0x14
                0x000000000001f410                __nrf_balloc_start__ = .
                0x000000000001f410                __start_nrf_balloc = __nrf_balloc_start__
 *(.nrf_balloc*)
 .nrf_balloc    0x000000000001f410       0x14 Output/ble_app_uart_pca10040e_s112 Release/Obj/nrf_log_frontend.o
                0x000000000001f410                log_mempool
                0x000000000001f424                __nrf_balloc_end__ = (__nrf_balloc_start__ + SIZEOF (.nrf_balloc))
                0x0000000000000014                __nrf_balloc_size__ = SIZEOF (.nrf_balloc)
                0x000000000001f424                __stop_nrf_balloc = __nrf_balloc_end__
                0x000000000001f424                __nrf_balloc_load_end__ = __nrf_balloc_end__
                0x0000000000000001                . = ASSERT (((__nrf_balloc_start__ == __nrf_balloc_end__) || ((__nrf_balloc_end__ - __FLASH_segment_start__) <= __FLASH_segment_size__)), error: .nrf_balloc is too large to fit in FLASH memory segment)
                0x000000000001f424                __cli_command_load_start__ = ALIGN (__nrf_balloc_end__, 0x4)

.cli_command    0x000000000001f424        0x0
                0x000000000001f424                __cli_command_start__ = .
                0x000000000001f424                __start_cli_command = __cli_command_start__
 *(.cli_command*)
                0x000000000001f424                __cli_command_end__ = (__cli_command_start__ + SIZEOF (.cli_command))
                0x0000000000000000                __cli_command_size__ = SIZEOF (.cli_command)
                0x000000000001f424                __stop_cli_command = __cli_command_end__
                0x000000000001f424                __cli_command_load_end__ = __cli_command_end__
                0x0000000000000001                . = ASSERT (((__cli_command_start__ == __cli_command_end__) || ((__cli_command_end__ - __FLASH_segment_start__) <= __FLASH_segment_size__)), error: .cli_command is too large to fit in FLASH memory segment)
                0x000000000001f424                __crypto_data_load_start__ = ALIGN (__cli_command_end__, 0x4)

.crypto_data    0x000000000001f424        0x0
                0x000000000001f424                __crypto_data_start__ = .
                0x000000000001f424                __start_crypto_data = __crypto_data_start__
 *(SORT_BY_NAME(.crypto_data*))
                0x000000000001f424                __crypto_data_end__ = (__crypto_data_start__ + SIZEOF (.crypto_data))
                0x0000000000000000                __crypto_data_size__ = SIZEOF (.crypto_data)
                0x000000000001f424                __stop_crypto_data = __crypto_data_end__
                0x000000000001f424                __crypto_data_load_end__ = __crypto_data_end__
                0x0000000000000001                . = ASSERT (((__crypto_data_start__ == __crypto_data_end__) || ((__crypto_data_end__ - __FLASH_segment_start__) <= __FLASH_segment_size__)), error: .crypto_data is too large to fit in FLASH memory segment)
                0x000000000001f424                __log_const_data_load_start__ = ALIGN (__crypto_data_end__, 0x4)

.log_const_data
                0x000000000001f424       0x78
                0x000000000001f424                __log_const_data_start__ = .
                0x000000000001f424                __start_log_const_data = __log_const_data_start__
 *(SORT_BY_NAME(.log_const_data*))
 .log_const_data_CLOCK
                0x000000000001f424        0x8 Output/ble_app_uart_pca10040e_s112 Release/Obj/nrfx_clock.o
                0x000000000001f424                m_nrf_log_CLOCK_logs_data_const
 .log_const_data_GPIOTE
                0x000000000001f42c        0x8 Output/ble_app_uart_pca10040e_s112 Release/Obj/nrfx_gpiote.o
                0x000000000001f42c                m_nrf_log_GPIOTE_logs_data_const
 .log_const_data_PPI
                0x000000000001f434        0x8 Output/ble_app_uart_pca10040e_s112 Release/Obj/nrfx_ppi.o
                0x000000000001f434                m_nrf_log_PPI_logs_data_const
 .log_const_data_PRS
                0x000000000001f43c        0x8 Output/ble_app_uart_pca10040e_s112 Release/Obj/nrfx_prs.o
                0x000000000001f43c                m_nrf_log_PRS_logs_data_const
 .log_const_data_SAADC
                0x000000000001f444        0x8 Output/ble_app_uart_pca10040e_s112 Release/Obj/nrfx_saadc.o
                0x000000000001f444                m_nrf_log_SAADC_logs_data_const
 .log_const_data_TIMER
                0x000000000001f44c        0x8 Output/ble_app_uart_pca10040e_s112 Release/Obj/nrfx_timer.o
                0x000000000001f44c                m_nrf_log_TIMER_logs_data_const
 .log_const_data_UARTE
                0x000000000001f454        0x8 Output/ble_app_uart_pca10040e_s112 Release/Obj/nrfx_uarte.o
                0x000000000001f454                m_nrf_log_UARTE_logs_data_const
 .log_const_data_app
                0x000000000001f45c        0x8 Output/ble_app_uart_pca10040e_s112 Release/Obj/nrf_log_frontend.o
                0x000000000001f45c                m_nrf_log_app_logs_data_const
 .log_const_data_ble_nus
                0x000000000001f464        0x8 Output/ble_app_uart_pca10040e_s112 Release/Obj/ble_nus.o
                0x000000000001f464                m_nrf_log_ble_nus_logs_data_const
 .log_const_data_clock
                0x000000000001f46c        0x8 Output/ble_app_uart_pca10040e_s112 Release/Obj/nrf_drv_clock.o
                0x000000000001f46c                m_nrf_log_clock_logs_data_const
 .log_const_data_nrf_ble_gatt
                0x000000000001f474        0x8 Output/ble_app_uart_pca10040e_s112 Release/Obj/nrf_ble_gatt.o
                0x000000000001f474                m_nrf_log_nrf_ble_gatt_logs_data_const
 .log_const_data_nrf_sdh
                0x000000000001f47c        0x8 Output/ble_app_uart_pca10040e_s112 Release/Obj/nrf_sdh.o
                0x000000000001f47c                m_nrf_log_nrf_sdh_logs_data_const
 .log_const_data_nrf_sdh_ble
                0x000000000001f484        0x8 Output/ble_app_uart_pca10040e_s112 Release/Obj/nrf_sdh_ble.o
                0x000000000001f484                m_nrf_log_nrf_sdh_ble_logs_data_const
 .log_const_data_nrf_sdh_soc
                0x000000000001f48c        0x8 Output/ble_app_uart_pca10040e_s112 Release/Obj/nrf_sdh_soc.o
                0x000000000001f48c                m_nrf_log_nrf_sdh_soc_logs_data_const
 .log_const_data_pwr_mgmt
                0x000000000001f494        0x8 Output/ble_app_uart_pca10040e_s112 Release/Obj/nrf_pwr_mgmt.o
                0x000000000001f494                m_nrf_log_pwr_mgmt_logs_data_const
                0x000000000001f49c                __log_const_data_end__ = (__log_const_data_start__ + SIZEOF (.log_const_data))
                0x0000000000000078                __log_const_data_size__ = SIZEOF (.log_const_data)
                0x000000000001f49c                __stop_log_const_data = __log_const_data_end__
                0x000000000001f49c                __log_const_data_load_end__ = __log_const_data_end__
                0x0000000000000001                . = ASSERT (((__log_const_data_start__ == __log_const_data_end__) || ((__log_const_data_end__ - __FLASH_segment_start__) <= __FLASH_segment_size__)), error: .log_const_data is too large to fit in FLASH memory segment)
                0x000000000001f49c                __log_backends_load_start__ = ALIGN (__log_const_data_end__, 0x4)

.log_backends   0x000000000001f49c       0x10
                0x000000000001f49c                __log_backends_start__ = .
                0x000000000001f49c                __start_log_backends = __log_backends_start__
 *(SORT_BY_NAME(.log_backends*))
 .log_backends  0x000000000001f49c       0x10 Output/ble_app_uart_pca10040e_s112 Release/Obj/nrf_log_default_backends.o
                0x000000000001f4ac                __log_backends_end__ = (__log_backends_start__ + SIZEOF (.log_backends))
                0x0000000000000010                __log_backends_size__ = SIZEOF (.log_backends)
                0x000000000001f4ac                __stop_log_backends = __log_backends_end__
                0x000000000001f4ac                __log_backends_load_end__ = __log_backends_end__
                0x0000000000000001                . = ASSERT (((__log_backends_start__ == __log_backends_end__) || ((__log_backends_end__ - __FLASH_segment_start__) <= __FLASH_segment_size__)), error: .log_backends is too large to fit in FLASH memory segment)
                0x000000000001f4ac                __nrf_sections_load_start__ = ALIGN (__log_backends_end__, 0x4)

.nrf_sections   0x000000000001f4ac        0x0
                0x000000000001f4ac                __nrf_sections_start__ = .
                0x000000000001f4ac                __start_nrf_sections = __nrf_sections_start__
 *(.nrf_sections .nrf_sections.*)
                0x000000000001f4ac                __nrf_sections_end__ = (__nrf_sections_start__ + SIZEOF (.nrf_sections))
                0x0000000000000000                __nrf_sections_size__ = SIZEOF (.nrf_sections)
                0x000000000001f4ac                __nrf_sections_load_end__ = __nrf_sections_end__
                0x0000000000000001                . = ASSERT (((__nrf_sections_start__ == __nrf_sections_end__) || ((__nrf_sections_end__ - __FLASH_segment_start__) <= __FLASH_segment_size__)), error: .nrf_sections is too large to fit in FLASH memory segment)
                0x000000000001f4ac                __cli_sorted_cmd_ptrs_load_start__ = ALIGN (__nrf_sections_end__, 0x4)

.cli_sorted_cmd_ptrs
                0x0000000020002500        0x0 load address 0x000000000001f4ac
                0x0000000020002500                __cli_sorted_cmd_ptrs_start__ = .
 *(.cli_sorted_cmd_ptrs*)
                0x0000000020002500                __cli_sorted_cmd_ptrs_end__ = (__cli_sorted_cmd_ptrs_start__ + SIZEOF (.cli_sorted_cmd_ptrs))
                0x0000000000000000                __cli_sorted_cmd_ptrs_size__ = SIZEOF (.cli_sorted_cmd_ptrs)
                0x000000000001f4ac                __cli_sorted_cmd_ptrs_load_end__ = (__cli_sorted_cmd_ptrs_load_start__ + SIZEOF (.cli_sorted_cmd_ptrs))
                0x0000000000000001                . = ASSERT (((__cli_sorted_cmd_ptrs_load_start__ == __cli_sorted_cmd_ptrs_load_end__) || ((__cli_sorted_cmd_ptrs_load_end__ - __FLASH_segment_start__) <= __FLASH_segment_size__)), error: .cli_sorted_cmd_ptrs is too large to fit in FLASH memory segment)

.cli_sorted_cmd_ptrs_run
                0x0000000020002500        0x0
                0x0000000020002500                __cli_sorted_cmd_ptrs_run_start__ = .
                0x0000000020002500                __start_cli_sorted_cmd_ptrs = __cli_sorted_cmd_ptrs_run_start__
                0x0000000020002500                . = MAX ((__cli_sorted_cmd_ptrs_run_start__ + SIZEOF (.cli_sorted_cmd_ptrs)), .)
                0x0000000020002500                __cli_sorted_cmd_ptrs_run_end__ = (__cli_sorted_cmd_ptrs_run_start__ + SIZEOF (.cli_sorted_cmd_ptrs_run))
                0x0000000000000000                __cli_sorted_cmd_ptrs_run_size__ = SIZEOF (.cli_sorted_cmd_ptrs_run)
                0x0000000020002500                __stop_cli_sorted_cmd_ptrs = __cli_sorted_cmd_ptrs_run_end__
                0x0000000020002500                __cli_sorted_cmd_ptrs_run_load_end__ = __cli_sorted_cmd_ptrs_run_end__
                0x0000000000000001                . = ASSERT (((__cli_sorted_cmd_ptrs_run_start__ == __cli_sorted_cmd_ptrs_run_end__) || ((__cli_sorted_cmd_ptrs_run_end__ - __RAM_segment_start__) <= __RAM_segment_size__)), error: .cli_sorted_cmd_ptrs_run is too large to fit in RAM memory segment)
                0x000000000001f4ac                __fs_data_load_start__ = ALIGN ((__cli_sorted_cmd_ptrs_load_start__ + SIZEOF (.cli_sorted_cmd_ptrs)), 0x4)

.fs_data        0x0000000020002500        0x0 load address 0x000000000001f4ac
                0x0000000020002500                __fs_data_start__ = .
 *(.fs_data*)
                0x0000000020002500                __fs_data_end__ = (__fs_data_start__ + SIZEOF (.fs_data))
                0x0000000000000000                __fs_data_size__ = SIZEOF (.fs_data)
                0x000000000001f4ac                __fs_data_load_end__ = (__fs_data_load_start__ + SIZEOF (.fs_data))
                0x0000000000000001                . = ASSERT (((__fs_data_load_start__ == __fs_data_load_end__) || ((__fs_data_load_end__ - __FLASH_segment_start__) <= __FLASH_segment_size__)), error: .fs_data is too large to fit in FLASH memory segment)

.fs_data_run    0x0000000020002500        0x0
                0x0000000020002500                __fs_data_run_start__ = .
                0x0000000020002500                __start_fs_data = __fs_data_run_start__
                0x0000000020002500                . = MAX ((__fs_data_run_start__ + SIZEOF (.fs_data)), .)
                0x0000000020002500                __fs_data_run_end__ = (__fs_data_run_start__ + SIZEOF (.fs_data_run))
                0x0000000000000000                __fs_data_run_size__ = SIZEOF (.fs_data_run)
                0x0000000020002500                __stop_fs_data = __fs_data_run_end__
                0x0000000020002500                __fs_data_run_load_end__ = __fs_data_run_end__
                0x0000000000000001                . = ASSERT (((__fs_data_run_start__ == __fs_data_run_end__) || ((__fs_data_run_end__ - __RAM_segment_start__) <= __RAM_segment_size__)), error: .fs_data_run is too large to fit in RAM memory segment)
                0x000000000001f4ac                __log_dynamic_data_load_start__ = ALIGN ((__fs_data_load_start__ + SIZEOF (.fs_data)), 0x4)

.log_dynamic_data
                0x0000000020002500        0x0 load address 0x000000000001f4ac
                0x0000000020002500                __log_dynamic_data_start__ = .
 *(SORT_BY_NAME(.log_dynamic_data*))
                0x0000000020002500                __log_dynamic_data_end__ = (__log_dynamic_data_start__ + SIZEOF (.log_dynamic_data))
                0x0000000000000000                __log_dynamic_data_size__ = SIZEOF (.log_dynamic_data)
                0x000000000001f4ac                __log_dynamic_data_load_end__ = (__log_dynamic_data_load_start__ + SIZEOF (.log_dynamic_data))
                0x0000000000000001                . = ASSERT (((__log_dynamic_data_load_start__ == __log_dynamic_data_load_end__) || ((__log_dynamic_data_load_end__ - __FLASH_segment_start__) <= __FLASH_segment_size__)), error: .log_dynamic_data is too large to fit in FLASH memory segment)

.log_dynamic_data_run
                0x0000000020002500        0x0
                0x0000000020002500                __log_dynamic_data_run_start__ = .
                0x0000000020002500                __start_log_dynamic_data = __log_dynamic_data_run_start__
                0x0000000020002500                . = MAX ((__log_dynamic_data_run_start__ + SIZEOF (.log_dynamic_data)), .)
                0x0000000020002500                __log_dynamic_data_run_end__ = (__log_dynamic_data_run_start__ + SIZEOF (.log_dynamic_data_run))
                0x0000000000000000                __log_dynamic_data_run_size__ = SIZEOF (.log_dynamic_data_run)
                0x0000000020002500                __stop_log_dynamic_data = __log_dynamic_data_run_end__
                0x0000000020002500                __log_dynamic_data_run_load_end__ = __log_dynamic_data_run_end__
                0x0000000000000001                . = ASSERT (((__log_dynamic_data_run_start__ == __log_dynamic_data_run_end__) || ((__log_dynamic_data_run_end__ - __RAM_segment_start__) <= __RAM_segment_size__)), error: .log_dynamic_data_run is too large to fit in RAM memory segment)
                0x000000000001f4ac                __log_filter_data_load_start__ = ALIGN ((__log_dynamic_data_load_start__ + SIZEOF (.log_dynamic_data)), 0x4)

.log_filter_data
                0x0000000020002500        0x0 load address 0x000000000001f4ac
                0x0000000020002500                __log_filter_data_start__ = .
 *(SORT_BY_NAME(.log_filter_data*))
                0x0000000020002500                __log_filter_data_end__ = (__log_filter_data_start__ + SIZEOF (.log_filter_data))
                0x0000000000000000                __log_filter_data_size__ = SIZEOF (.log_filter_data)
                0x000000000001f4ac                __log_filter_data_load_end__ = (__log_filter_data_load_start__ + SIZEOF (.log_filter_data))
                0x0000000000000001                . = ASSERT (((__log_filter_data_load_start__ == __log_filter_data_load_end__) || ((__log_filter_data_load_end__ - __FLASH_segment_start__) <= __FLASH_segment_size__)), error: .log_filter_data is too large to fit in FLASH memory segment)

.log_filter_data_run
                0x0000000020002500        0x0
                0x0000000020002500                __log_filter_data_run_start__ = .
                0x0000000020002500                __start_log_filter_data = __log_filter_data_run_start__
                0x0000000020002500                . = MAX ((__log_filter_data_run_start__ + SIZEOF (.log_filter_data)), .)
                0x0000000020002500                __log_filter_data_run_end__ = (__log_filter_data_run_start__ + SIZEOF (.log_filter_data_run))
                0x0000000000000000                __log_filter_data_run_size__ = SIZEOF (.log_filter_data_run)
                0x0000000020002500                __stop_log_filter_data = __log_filter_data_run_end__
                0x0000000020002500                __log_filter_data_run_load_end__ = __log_filter_data_run_end__
                0x0000000000000001                . = ASSERT (((__log_filter_data_run_start__ == __log_filter_data_run_end__) || ((__log_filter_data_run_end__ - __RAM_segment_start__) <= __RAM_segment_size__)), error: .log_filter_data_run is too large to fit in RAM memory segment)
                0x0000000020002500                __nrf_sections_run_end_load_start__ = ALIGN (__log_filter_data_run_end__, 0x4)

.nrf_sections_run_end
                0x0000000020002500        0x0
                0x0000000020002500                __nrf_sections_run_end_start__ = .
                0x0000000020002500                __end_nrf_sections_run = __nrf_sections_run_end_start__
 *(.nrf_sections_run_end .nrf_sections_run_end.*)
                0x0000000020002500                __nrf_sections_run_end_end__ = (__nrf_sections_run_end_start__ + SIZEOF (.nrf_sections_run_end))
                0x0000000000000000                __nrf_sections_run_end_size__ = SIZEOF (.nrf_sections_run_end)
                0x0000000020002500                __nrf_sections_run_end_load_end__ = __nrf_sections_run_end_end__
                0x0000000000000001                . = ASSERT (((__nrf_sections_run_end_start__ == __nrf_sections_run_end_end__) || ((__nrf_sections_run_end_end__ - __RAM_segment_start__) <= __RAM_segment_size__)), error: .nrf_sections_run_end is too large to fit in RAM memory segment)
                0x000000000001f4ac                __dtors_load_start__ = ALIGN ((__log_filter_data_load_start__ + SIZEOF (.log_filter_data)), 0x4)

.dtors          0x000000000001f4ac        0x0
                0x000000000001f4ac                __dtors_start__ = .
 *(SORT_BY_NAME(.dtors.*))
 *(.dtors)
 *(.fini_array)
 *(SORT_BY_NAME(.fini_array.*))
                0x000000000001f4ac                __dtors_end__ = (__dtors_start__ + SIZEOF (.dtors))
                0x0000000000000000                __dtors_size__ = SIZEOF (.dtors)
                0x000000000001f4ac                __dtors_load_end__ = __dtors_end__
                0x0000000000000001                . = ASSERT (((__dtors_start__ == __dtors_end__) || ((__dtors_end__ - __FLASH_segment_start__) <= __FLASH_segment_size__)), error: .dtors is too large to fit in FLASH memory segment)
                0x000000000001f4ac                __ctors_load_start__ = ALIGN (__dtors_end__, 0x4)

.ctors          0x000000000001f4ac        0x0
                0x000000000001f4ac                __ctors_start__ = .
 *(SORT_BY_NAME(.ctors.*))