Archive member included to satisfy reference by file (symbol)

/usr/lib/gcc/arm-none-eabi/7.3.1/../../../arm-none-eabi/lib/thumb/v7e-m/libc_nano.a(lib_a-atexit.o)
                              /usr/lib/gcc/arm-none-eabi/7.3.1/../../../arm-none-eabi/lib/thumb/v7e-m/crt0.o (atexit)
/usr/lib/gcc/arm-none-eabi/7.3.1/../../../arm-none-eabi/lib/thumb/v7e-m/libc_nano.a(lib_a-ctype_.o)
                              _build/nrf52810_xxaa/nrf_log_str_formatter.c.o (_ctype_)
/usr/lib/gcc/arm-none-eabi/7.3.1/../../../arm-none-eabi/lib/thumb/v7e-m/libc_nano.a(lib_a-exit.o)
                              /usr/lib/gcc/arm-none-eabi/7.3.1/../../../arm-none-eabi/lib/thumb/v7e-m/crt0.o (exit)
/usr/lib/gcc/arm-none-eabi/7.3.1/../../../arm-none-eabi/lib/thumb/v7e-m/libc_nano.a(lib_a-fini.o)
                              /usr/lib/gcc/arm-none-eabi/7.3.1/../../../arm-none-eabi/lib/thumb/v7e-m/crt0.o (__libc_fini_array)
/usr/lib/gcc/arm-none-eabi/7.3.1/../../../arm-none-eabi/lib/thumb/v7e-m/libc_nano.a(lib_a-impure.o)
                              /usr/lib/gcc/arm-none-eabi/7.3.1/../../../arm-none-eabi/lib/thumb/v7e-m/libc_nano.a(lib_a-exit.o) (_global_impure_ptr)
/usr/lib/gcc/arm-none-eabi/7.3.1/../../../arm-none-eabi/lib/thumb/v7e-m/libc_nano.a(lib_a-init.o)
                              /usr/lib/gcc/arm-none-eabi/7.3.1/../../../arm-none-eabi/lib/thumb/v7e-m/crt0.o (__libc_init_array)
/usr/lib/gcc/arm-none-eabi/7.3.1/../../../arm-none-eabi/lib/thumb/v7e-m/libc_nano.a(lib_a-malloc.o)
                              _build/nrf52810_xxaa/main.c.o (malloc)
/usr/lib/gcc/arm-none-eabi/7.3.1/../../../arm-none-eabi/lib/thumb/v7e-m/libc_nano.a(lib_a-memcmp.o)
                              _build/nrf52810_xxaa/ble_advdata.c.o (memcmp)
/usr/lib/gcc/arm-none-eabi/7.3.1/../../../arm-none-eabi/lib/thumb/v7e-m/libc_nano.a(lib_a-memcpy.o)
                              _build/nrf52810_xxaa/nrf_log_frontend.c.o (memcpy)
/usr/lib/gcc/arm-none-eabi/7.3.1/../../../arm-none-eabi/lib/thumb/v7e-m/libc_nano.a(lib_a-memset.o)
                              /usr/lib/gcc/arm-none-eabi/7.3.1/../../../arm-none-eabi/lib/thumb/v7e-m/crt0.o (memset)
/usr/lib/gcc/arm-none-eabi/7.3.1/../../../arm-none-eabi/lib/thumb/v7e-m/libc_nano.a(lib_a-nano-freer.o)
                              /usr/lib/gcc/arm-none-eabi/7.3.1/../../../arm-none-eabi/lib/thumb/v7e-m/libc_nano.a(lib_a-malloc.o) (_free_r)
/usr/lib/gcc/arm-none-eabi/7.3.1/../../../arm-none-eabi/lib/thumb/v7e-m/libc_nano.a(lib_a-nano-mallocr.o)
                              /usr/lib/gcc/arm-none-eabi/7.3.1/../../../arm-none-eabi/lib/thumb/v7e-m/libc_nano.a(lib_a-malloc.o) (_malloc_r)
/usr/lib/gcc/arm-none-eabi/7.3.1/../../../arm-none-eabi/lib/thumb/v7e-m/libc_nano.a(lib_a-sbrkr.o)
                              /usr/lib/gcc/arm-none-eabi/7.3.1/../../../arm-none-eabi/lib/thumb/v7e-m/libc_nano.a(lib_a-nano-mallocr.o) (_sbrk_r)
/usr/lib/gcc/arm-none-eabi/7.3.1/../../../arm-none-eabi/lib/thumb/v7e-m/libc_nano.a(lib_a-strcpy.o)
                              _build/nrf52810_xxaa/SEGGER_RTT.c.o (strcpy)
/usr/lib/gcc/arm-none-eabi/7.3.1/../../../arm-none-eabi/lib/thumb/v7e-m/libc_nano.a(lib_a-strlen.o)
                              _build/nrf52810_xxaa/nrf_log_frontend.c.o (strlen)
/usr/lib/gcc/arm-none-eabi/7.3.1/../../../arm-none-eabi/lib/thumb/v7e-m/libc_nano.a(lib_a-__atexit.o)
                              /usr/lib/gcc/arm-none-eabi/7.3.1/../../../arm-none-eabi/lib/thumb/v7e-m/libc_nano.a(lib_a-atexit.o) (__register_exitproc)
/usr/lib/gcc/arm-none-eabi/7.3.1/../../../arm-none-eabi/lib/thumb/v7e-m/libc_nano.a(lib_a-__call_atexit.o)
                              /usr/lib/gcc/arm-none-eabi/7.3.1/../../../arm-none-eabi/lib/thumb/v7e-m/libc_nano.a(lib_a-__atexit.o) (__call_exitprocs)
/usr/lib/gcc/arm-none-eabi/7.3.1/../../../arm-none-eabi/lib/thumb/v7e-m/libc_nano.a(lib_a-mlock.o)
                              /usr/lib/gcc/arm-none-eabi/7.3.1/../../../arm-none-eabi/lib/thumb/v7e-m/libc_nano.a(lib_a-nano-freer.o) (__malloc_lock)
/usr/lib/gcc/arm-none-eabi/7.3.1/../../../arm-none-eabi/lib/thumb/v7e-m/libc_nano.a(lib_a-reent.o)
                              /usr/lib/gcc/arm-none-eabi/7.3.1/../../../arm-none-eabi/lib/thumb/v7e-m/libc_nano.a(lib_a-sbrkr.o) (errno)
/usr/lib/gcc/arm-none-eabi/7.3.1/../../../arm-none-eabi/lib/thumb/v7e-m/libnosys.a(sbrk.o)
                              /usr/lib/gcc/arm-none-eabi/7.3.1/../../../arm-none-eabi/lib/thumb/v7e-m/libc_nano.a(lib_a-sbrkr.o) (_sbrk)
/usr/lib/gcc/arm-none-eabi/7.3.1/../../../arm-none-eabi/lib/thumb/v7e-m/libnosys.a(_exit.o)
                              /usr/lib/gcc/arm-none-eabi/7.3.1/../../../arm-none-eabi/lib/thumb/v7e-m/libc_nano.a(lib_a-exit.o) (_exit)
/usr/lib/gcc/arm-none-eabi/7.3.1/thumb/v7e-m/libgcc.a(_aeabi_ldivmod.o)
                              _build/nrf52810_xxaa/bsp.c.o (__aeabi_ldivmod)
/usr/lib/gcc/arm-none-eabi/7.3.1/thumb/v7e-m/libgcc.a(_aeabi_uldivmod.o)
                              _build/nrf52810_xxaa/bsp.c.o (__aeabi_uldivmod)
[...]
Memory Configuration

Name             Origin             Length             Attributes
FLASH            0x0000000000019000 0x0000000000017000 xr
RAM              0x0000000020002500 0x0000000000003b00 xrw
*default*        0x0000000000000000 0xffffffffffffffff

Linker script and memory map


.text           0x0000000000019000     0x7158
 *(.isr_vector)
 .isr_vector    0x0000000000019000      0x200 _build/nrf52810_xxaa/gcc_startup_nrf52810.S.o
                0x0000000000019000                __isr_vector
 *(.text*)
 .text          0x0000000000019200       0x88 /usr/lib/gcc/arm-none-eabi/7.3.1/thumb/v7e-m/crtbegin.o
 .text          0x0000000000019288       0x68 /usr/lib/gcc/arm-none-eabi/7.3.1/../../../arm-none-eabi/lib/thumb/v7e-m/crt0.o
                0x0000000000019288                _mainCRTStartup
                0x0000000000019288                _start
 .text          0x00000000000192f0       0x3c _build/nrf52810_xxaa/gcc_startup_nrf52810.S.o
                0x00000000000192f0                Reset_Handler
                0x0000000000019318                NMI_Handler
                0x000000000001931a                HardFault_Handler
                0x000000000001931c                MemoryManagement_Handler
                0x000000000001931e                BusFault_Handler
                0x0000000000019320                UsageFault_Handler
                0x0000000000019322                SVC_Handler
                0x0000000000019324                DebugMon_Handler
                0x0000000000019326                PendSV_Handler
                0x0000000000019328                SysTick_Handler
                0x000000000001932a                RTC0_IRQHandler
                0x000000000001932a                RADIO_IRQHandler
                0x000000000001932a                PDM_IRQHandler
                0x000000000001932a                SWI4_IRQHandler
                0x000000000001932a                TEMP_IRQHandler
                0x000000000001932a                QDEC_IRQHandler
                0x000000000001932a                SWI5_IRQHandler
                0x000000000001932a                ECB_IRQHandler
                0x000000000001932a                Default_Handler
                0x000000000001932a                SWI3_IRQHandler
                0x000000000001932a                CCM_AAR_IRQHandler
                0x000000000001932a                WDT_IRQHandler
                0x000000000001932a                TWIM0_TWIS0_IRQHandler
                0x000000000001932a                RNG_IRQHandler
                0x000000000001932a                COMP_IRQHandler
                0x000000000001932a                PWM0_IRQHandler
                0x000000000001932a                SWI1_EGU1_IRQHandler
                0x000000000001932a                SPIM0_SPIS0_IRQHandler
 .text.nrf_log_backend_rtt_flush
                0x000000000001932c        0x2 _build/nrf52810_xxaa/nrf_log_backend_rtt.c.o
 *fill*         0x000000000001932e        0x2 
 .text.nrf_log_backend_rtt_put
                0x0000000000019330       0x1c _build/nrf52810_xxaa/nrf_log_backend_rtt.c.o
 .text.serial_tx
                0x000000000001934c       0x50 _build/nrf52810_xxaa/nrf_log_backend_rtt.c.o
 .text.nrf_log_backend_rtt_panic_set
                0x000000000001939c        0x2 _build/nrf52810_xxaa/nrf_log_backend_rtt.c.o
 .text.nrf_log_backend_rtt_init
                0x000000000001939e        0x4 _build/nrf52810_xxaa/nrf_log_backend_rtt.c.o
                0x000000000001939e                nrf_log_backend_rtt_init
 .text.nrf_log_backend_serial_put
                0x00000000000193a2       0xcc _build/nrf52810_xxaa/nrf_log_backend_serial.c.o
                0x00000000000193a2                nrf_log_backend_serial_put
 *fill*         0x000000000001946e        0x2 
 .text.nrf_log_default_backends_init
                0x0000000000019470       0x20 _build/nrf52810_xxaa/nrf_log_default_backends.c.o
                0x0000000000019470                nrf_log_default_backends_init
 .text.invalid_packets_omit
                0x0000000000019490       0x3a _build/nrf52810_xxaa/nrf_log_frontend.c.o
 *fill*         0x00000000000194ca        0x2 
 .text.buf_prealloc
                0x00000000000194cc      0x134 _build/nrf52810_xxaa/nrf_log_frontend.c.o
 .text.nrf_log_init
                0x0000000000019600       0x3c _build/nrf52810_xxaa/nrf_log_frontend.c.o
                0x0000000000019600                nrf_log_init
 .text.nrf_log_module_name_get
                0x000000000001963c       0x38 _build/nrf52810_xxaa/nrf_log_frontend.c.o
                0x000000000001963c                nrf_log_module_name_get
 .text.nrf_log_color_id_get
                0x0000000000019674       0x2c _build/nrf52810_xxaa/nrf_log_frontend.c.o
                0x0000000000019674                nrf_log_color_id_get
 .text.buffer_is_empty
                0x00000000000196a0       0x14 _build/nrf52810_xxaa/nrf_log_frontend.c.o
                0x00000000000196a0                buffer_is_empty
 .text.nrf_log_frontend_dequeue
                0x00000000000196b4      0x228 _build/nrf52810_xxaa/nrf_log_frontend.c.o
                0x00000000000196b4                nrf_log_frontend_dequeue
 .text.std_n    0x00000000000198dc       0xb0 _build/nrf52810_xxaa/nrf_log_frontend.c.o
 .text.nrf_log_frontend_std_0
                0x000000000001998c        0x8 _build/nrf52810_xxaa/nrf_log_frontend.c.o
                0x000000000001998c                nrf_log_frontend_std_0
 .text.nrf_log_frontend_std_1
                0x0000000000019994       0x14 _build/nrf52810_xxaa/nrf_log_frontend.c.o
                0x0000000000019994                nrf_log_frontend_std_1
 .text.nrf_log_frontend_std_2
                0x00000000000199a8       0x14 _build/nrf52810_xxaa/nrf_log_frontend.c.o
                0x00000000000199a8                nrf_log_frontend_std_2
 .text.nrf_log_backend_add
                0x00000000000199bc       0x54 _build/nrf52810_xxaa/nrf_log_frontend.c.o
                0x00000000000199bc                nrf_log_backend_add
 .text.nrf_log_panic
                0x0000000000019a10       0x2c _build/nrf52810_xxaa/nrf_log_frontend.c.o
                0x0000000000019a10                nrf_log_panic
 .text.postfix_process
                0x0000000000019a3c       0x3c _build/nrf52810_xxaa/nrf_log_str_formatter.c.o
 .text.prefix_process
                0x0000000000019a78       0x78 _build/nrf52810_xxaa/nrf_log_str_formatter.c.o
 .text.nrf_log_std_entry_process
                0x0000000000019af0       0xc8 _build/nrf52810_xxaa/nrf_log_str_formatter.c.o
                0x0000000000019af0                nrf_log_std_entry_process
 .text.nrf_log_hexdump_entry_process
                0x0000000000019bb8       0xb4 _build/nrf52810_xxaa/nrf_log_str_formatter.c.o
                0x0000000000019bb8                nrf_log_hexdump_entry_process
 .text.app_error_handler_bare
                0x0000000000019c6c       0x1a _build/nrf52810_xxaa/app_error.c.o
                0x0000000000019c6c                app_error_handler_bare
 *fill*         0x0000000000019c86        0x2 
 .text.app_error_fault_handler
                0x0000000000019c88       0x70 _build/nrf52810_xxaa/app_error_weak.c.o
                0x0000000000019c88                app_error_fault_handler
 .text.app_fifo_init
                0x0000000000019cf8       0x1e _build/nrf52810_xxaa/app_fifo.c.o
                0x0000000000019cf8                app_fifo_init
 .text.app_fifo_put
                0x0000000000019d16       0x24 _build/nrf52810_xxaa/app_fifo.c.o
                0x0000000000019d16                app_fifo_put
 .text.app_fifo_get
                0x0000000000019d3a       0x22 _build/nrf52810_xxaa/app_fifo.c.o
                0x0000000000019d3a                app_fifo_get
 .text.user_op_alloc
                0x0000000000019d5c       0x2c _build/nrf52810_xxaa/app_timer.c.o
 .text.timer_stop_op_schedule
                0x0000000000019d88       0x50 _build/nrf52810_xxaa/app_timer.c.o
 .text.nrfx_coredep_delay_us.constprop.3
                0x0000000000019dd8       0x10 _build/nrf52810_xxaa/app_timer.c.o
 .text.rtc1_stop
                0x0000000000019de8       0x44 _build/nrf52810_xxaa/app_timer.c.o
 .text.RTC1_IRQHandler
                0x0000000000019e2c       0x9c _build/nrf52810_xxaa/app_timer.c.o
                0x0000000000019e2c                RTC1_IRQHandler
 .text.SWI0_EGU0_IRQHandler
                0x0000000000019ec8      0x2ac _build/nrf52810_xxaa/app_timer.c.o
                0x0000000000019ec8                SWI0_EGU0_IRQHandler
 .text.app_timer_init
                0x000000000001a174       0x60 _build/nrf52810_xxaa/app_timer.c.o
                0x000000000001a174                app_timer_init
 .text.app_timer_create
                0x000000000001a1d4       0x24 _build/nrf52810_xxaa/app_timer.c.o
                0x000000000001a1d4                app_timer_create
 .text.app_timer_start
                0x000000000001a1f8       0x88 _build/nrf52810_xxaa/app_timer.c.o
                0x000000000001a1f8                app_timer_start
 .text.app_timer_stop
                0x000000000001a280       0x20 _build/nrf52810_xxaa/app_timer.c.o
                0x000000000001a280                app_timer_stop
 .text.uart_event_handler
                0x000000000001a2a0       0xc4 _build/nrf52810_xxaa/app_uart_fifo.c.o
 .text.app_uart_init
                0x000000000001a364       0xbc _build/nrf52810_xxaa/app_uart_fifo.c.o
                0x000000000001a364                app_uart_init
 .text.app_uart_get
                0x000000000001a420       0x3c _build/nrf52810_xxaa/app_uart_fifo.c.o
                0x000000000001a420                app_uart_get
 .text.app_uart_put
                0x000000000001a45c       0x40 _build/nrf52810_xxaa/app_uart_fifo.c.o
                0x000000000001a45c                app_uart_put
 .text.app_util_critical_region_enter
                0x000000000001a49c       0x48 _build/nrf52810_xxaa/app_util_platform.c.o
                0x000000000001a49c                app_util_critical_region_enter
 .text.app_util_critical_region_exit
                0x000000000001a4e4       0x2c _build/nrf52810_xxaa/app_util_platform.c.o
                0x000000000001a4e4                app_util_critical_region_exit
 .text.nrf_atflags_set
                0x000000000001a510       0x12 _build/nrf52810_xxaa/nrf_atflags.c.o
                0x000000000001a510                nrf_atflags_set
 .text.nrf_atflags_clear
                0x000000000001a522       0x14 _build/nrf52810_xxaa/nrf_atflags.c.o
                0x000000000001a522                nrf_atflags_clear
 .text.nrf_atflags_get
                0x000000000001a536       0x12 _build/nrf52810_xxaa/nrf_atflags.c.o
                0x000000000001a536                nrf_atflags_get
 .text.nrf_atomic_u32_fetch_store
                0x000000000001a548       0x14 _build/nrf52810_xxaa/nrf_atomic.c.o
                0x000000000001a548                nrf_atomic_u32_fetch_store
 .text.nrf_atomic_u32_or
                0x000000000001a55c       0x16 _build/nrf52810_xxaa/nrf_atomic.c.o
                0x000000000001a55c                nrf_atomic_u32_or
 .text.nrf_atomic_u32_fetch_and
                0x000000000001a572       0x16 _build/nrf52810_xxaa/nrf_atomic.c.o
                0x000000000001a572                nrf_atomic_u32_fetch_and
 .text.nrf_atomic_u32_and
                0x000000000001a588       0x16 _build/nrf52810_xxaa/nrf_atomic.c.o
                0x000000000001a588                nrf_atomic_u32_and
 .text.nrf_atomic_u32_add
                0x000000000001a59e       0x16 _build/nrf52810_xxaa/nrf_atomic.c.o
                0x000000000001a59e                nrf_atomic_u32_add
 .text.nrf_atomic_u32_sub
                0x000000000001a5b4       0x16 _build/nrf52810_xxaa/nrf_atomic.c.o
                0x000000000001a5b4                nrf_atomic_u32_sub
 .text.nrf_atomic_flag_set
                0x000000000001a5ca        0x6 _build/nrf52810_xxaa/nrf_atomic.c.o
                0x000000000001a5ca                nrf_atomic_flag_set
 .text.nrf_atomic_flag_clear_fetch
                0x000000000001a5d0        0x6 _build/nrf52810_xxaa/nrf_atomic.c.o
                0x000000000001a5d0                nrf_atomic_flag_clear_fetch
 .text.nrf_balloc_init
                0x000000000001a5d6       0x2e _build/nrf52810_xxaa/nrf_balloc.c.o
                0x000000000001a5d6                nrf_balloc_init
 .text.nrf_balloc_alloc
                0x000000000001a604       0x4a _build/nrf52810_xxaa/nrf_balloc.c.o
                0x000000000001a604                nrf_balloc_alloc
 .text.nrf_balloc_free
                0x000000000001a64e       0x32 _build/nrf52810_xxaa/nrf_balloc.c.o
                0x000000000001a64e                nrf_balloc_free
 .text.nrf_fprintf_buffer_flush
                0x000000000001a680       0x16 _build/nrf52810_xxaa/nrf_fprintf.c.o
                0x000000000001a680                nrf_fprintf_buffer_flush
 .text.nrf_fprintf
                0x000000000001a696       0x1e _build/nrf52810_xxaa/nrf_fprintf.c.o
                0x000000000001a696                nrf_fprintf
 .text.buffer_add
                0x000000000001a6b4       0x1e _build/nrf52810_xxaa/nrf_fprintf_format.c.o
 *fill*         0x000000000001a6d2        0x2 
 .text.unsigned_print
                0x000000000001a6d4       0xac _build/nrf52810_xxaa/nrf_fprintf_format.c.o
 .text.nrf_fprintf_fmt
                0x000000000001a780      0x28a _build/nrf52810_xxaa/nrf_fprintf_format.c.o
                0x000000000001a780                nrf_fprintf_fmt
 .text.memobj_op
                0x000000000001aa0a       0x82 _build/nrf52810_xxaa/nrf_memobj.c.o
 .text.nrf_memobj_pool_init
                0x000000000001aa8c        0x4 _build/nrf52810_xxaa/nrf_memobj.c.o
                0x000000000001aa8c                nrf_memobj_pool_init
 .text.nrf_memobj_free
                0x000000000001aa90       0x2c _build/nrf52810_xxaa/nrf_memobj.c.o
                0x000000000001aa90                nrf_memobj_free
 .text.nrf_memobj_alloc
                0x000000000001aabc       0x5e _build/nrf52810_xxaa/nrf_memobj.c.o
                0x000000000001aabc                nrf_memobj_alloc
 .text.nrf_memobj_get
                0x000000000001ab1a        0x8 _build/nrf52810_xxaa/nrf_memobj.c.o
                0x000000000001ab1a                nrf_memobj_get
 .text.nrf_memobj_put
                0x000000000001ab22       0x1e _build/nrf52810_xxaa/nrf_memobj.c.o
                0x000000000001ab22                nrf_memobj_put
 .text.nrf_memobj_write
                0x000000000001ab40       0x16 _build/nrf52810_xxaa/nrf_memobj.c.o
                0x000000000001ab40                nrf_memobj_write
 .text.nrf_memobj_read
                0x000000000001ab56       0x16 _build/nrf52810_xxaa/nrf_memobj.c.o
                0x000000000001ab56                nrf_memobj_read
 .text.sd_app_evt_wait
                0x000000000001ab6c        0x4 _build/nrf52810_xxaa/nrf_pwr_mgmt.c.o
 .text.nrf_pwr_mgmt_init
                0x000000000001ab70       0x2c _build/nrf52810_xxaa/nrf_pwr_mgmt.c.o
                0x000000000001ab70                nrf_pwr_mgmt_init
 .text.nrf_pwr_mgmt_run
                0x000000000001ab9c       0x18 _build/nrf52810_xxaa/nrf_pwr_mgmt.c.o
                0x000000000001ab9c                nrf_pwr_mgmt_run
 .text.nrf_ringbuf_init
                0x000000000001abb4       0x1c _build/nrf52810_xxaa/nrf_ringbuf.c.o
                0x000000000001abb4                nrf_ringbuf_init
 .text.nrf_section_iter_init
                0x000000000001abd0       0x12 _build/nrf52810_xxaa/nrf_section_iter.c.o
                0x000000000001abd0                nrf_section_iter_init
 .text.nrf_section_iter_next
                0x000000000001abe2       0x18 _build/nrf52810_xxaa/nrf_section_iter.c.o
                0x000000000001abe2                nrf_section_iter_next
 *fill*         0x000000000001abfa        0x2 
 .text.nrf_strerror_find
                0x000000000001abfc       0x3c _build/nrf52810_xxaa/nrf_strerror.c.o
                0x000000000001abfc                nrf_strerror_find
 .text.nrf_strerror_get
                0x000000000001ac38       0x14 _build/nrf52810_xxaa/nrf_strerror.c.o
                0x000000000001ac38                nrf_strerror_get
 .text.errata_12
                0x000000000001ac4c       0x40 _build/nrf52810_xxaa/system_nrf52810.c.o
 .text.errata_16
                0x000000000001ac8c       0x34 _build/nrf52810_xxaa/system_nrf52810.c.o
 .text.SystemInit
                0x000000000001acc0      0x218 _build/nrf52810_xxaa/system_nrf52810.c.o
                0x000000000001acc0                SystemInit
 .text.clock_clk_started_notify
                0x000000000001aed8       0x28 _build/nrf52810_xxaa/nrf_drv_clock.c.o
 .text.clock_irq_handler
                0x000000000001af00       0x1c _build/nrf52810_xxaa/nrf_drv_clock.c.o
 .text.soc_evt_handler
                0x000000000001af1c       0x14 _build/nrf52810_xxaa/nrf_drv_clock.c.o
 .text.nrf_drv_clock_init
                0x000000000001af30       0x38 _build/nrf52810_xxaa/nrf_drv_clock.c.o
                0x000000000001af30                nrf_drv_clock_init
 .text.nrf_drv_clock_lfclk_release
                0x000000000001af68       0x30 _build/nrf52810_xxaa/nrf_drv_clock.c.o
                0x000000000001af68                nrf_drv_clock_lfclk_release
 .text.sd_state_evt_handler
                0x000000000001af98       0x58 _build/nrf52810_xxaa/nrf_drv_clock.c.o
 .text.uarte_evt_handler
                0x000000000001aff0       0x34 _build/nrf52810_xxaa/nrf_drv_uart.c.o
 .text.nrf_drv_uart_init
                0x000000000001b024       0x50 _build/nrf52810_xxaa/nrf_drv_uart.c.o
                0x000000000001b024                nrf_drv_uart_init
 .text.nrf_clock_event_clear
                0x000000000001b074       0x14 _build/nrf52810_xxaa/nrfx_clock.c.o
 .text.nrfx_clock_init
                0x000000000001b088       0x1c _build/nrf52810_xxaa/nrfx_clock.c.o
                0x000000000001b088                nrfx_clock_init
 .text.nrfx_clock_enable
                0x000000000001b0a4       0x28 _build/nrf52810_xxaa/nrfx_clock.c.o
                0x000000000001b0a4                nrfx_clock_enable
 .text.nrfx_clock_lfclk_stop
                0x000000000001b0cc       0x18 _build/nrf52810_xxaa/nrfx_clock.c.o
                0x000000000001b0cc                nrfx_clock_lfclk_stop
 .text.POWER_CLOCK_IRQHandler
                0x000000000001b0e4       0x58 _build/nrf52810_xxaa/nrfx_clock.c.o
                0x000000000001b0e4                POWER_CLOCK_IRQHandler
 .text.nrf_gpiote_event_clear
                0x000000000001b13c       0x18 _build/nrf52810_xxaa/nrfx_gpiote.c.o
 .text.nrf_gpio_cfg_sense_set
                0x000000000001b154       0x20 _build/nrf52810_xxaa/nrfx_gpiote.c.o
 .text.channel_free
                0x000000000001b174       0x1c _build/nrf52810_xxaa/nrfx_gpiote.c.o
 .text.pin_configured_clear
                0x000000000001b190       0x1c _build/nrf52810_xxaa/nrfx_gpiote.c.o
 .text.nrfx_gpiote_init
                0x000000000001b1ac       0x70 _build/nrf52810_xxaa/nrfx_gpiote.c.o
                0x000000000001b1ac                nrfx_gpiote_init
 .text.nrfx_gpiote_is_init
                0x000000000001b21c       0x14 _build/nrf52810_xxaa/nrfx_gpiote.c.o
                0x000000000001b21c                nrfx_gpiote_is_init
 .text.nrfx_gpiote_out_init
                0x000000000001b230       0xc4 _build/nrf52810_xxaa/nrfx_gpiote.c.o
                0x000000000001b230                nrfx_gpiote_out_init
 .text.nrfx_gpiote_out_uninit
                0x000000000001b2f4       0x64 _build/nrf52810_xxaa/nrfx_gpiote.c.o
                0x000000000001b2f4                nrfx_gpiote_out_uninit
 .text.nrfx_gpiote_out_set
                0x000000000001b358       0x10 _build/nrf52810_xxaa/nrfx_gpiote.c.o
                0x000000000001b358                nrfx_gpiote_out_set
 .text.nrfx_gpiote_out_clear
                0x000000000001b368       0x10 _build/nrf52810_xxaa/nrfx_gpiote.c.o
                0x000000000001b368                nrfx_gpiote_out_clear
 .text.nrfx_gpiote_out_toggle
                0x000000000001b378       0x1e _build/nrf52810_xxaa/nrfx_gpiote.c.o
                0x000000000001b378                nrfx_gpiote_out_toggle
 *fill*         0x000000000001b396        0x2 
 .text.nrfx_gpiote_out_task_enable
                0x000000000001b398       0x24 _build/nrf52810_xxaa/nrfx_gpiote.c.o
                0x000000000001b398                nrfx_gpiote_out_task_enable
 .text.nrfx_gpiote_out_task_disable
                0x000000000001b3bc       0x24 _build/nrf52810_xxaa/nrfx_gpiote.c.o
                0x000000000001b3bc                nrfx_gpiote_out_task_disable
 .text.nrfx_gpiote_set_task_addr_get
                0x000000000001b3e0       0x1c _build/nrf52810_xxaa/nrfx_gpiote.c.o
                0x000000000001b3e0                nrfx_gpiote_set_task_addr_get
 .text.nrfx_gpiote_clr_task_addr_get
                0x000000000001b3fc       0x1c _build/nrf52810_xxaa/nrfx_gpiote.c.o
                0x000000000001b3fc                nrfx_gpiote_clr_task_addr_get
 .text.nrfx_gpiote_out_task_force
                0x000000000001b418       0x30 _build/nrf52810_xxaa/nrfx_gpiote.c.o
                0x000000000001b418                nrfx_gpiote_out_task_force
 .text.nrfx_gpiote_in_event_disable
                0x000000000001b448       0x44 _build/nrf52810_xxaa/nrfx_gpiote.c.o
                0x000000000001b448                nrfx_gpiote_in_event_disable
 .text.nrfx_gpiote_in_uninit
                0x000000000001b48c       0x64 _build/nrf52810_xxaa/nrfx_gpiote.c.o
                0x000000000001b48c                nrfx_gpiote_in_uninit
 .text.nrfx_gpiote_uninit
                0x000000000001b4f0       0x38 _build/nrf52810_xxaa/nrfx_gpiote.c.o
                0x000000000001b4f0                nrfx_gpiote_uninit
 .text.GPIOTE_IRQHandler
                0x000000000001b528      0x17c _build/nrf52810_xxaa/nrfx_gpiote.c.o
                0x000000000001b528                GPIOTE_IRQHandler
 .text.nrfx_prs_acquire
                0x000000000001b6a4        0x4 _build/nrf52810_xxaa/nrfx_prs.c.o
                0x000000000001b6a4                nrfx_prs_acquire
 .text.nrf_uarte_event_clear
                0x000000000001b6a8       0x10 _build/nrf52810_xxaa/nrfx_uarte.c.o
 .text.rx_done_event.constprop.7
                0x000000000001b6b8       0x24 _build/nrf52810_xxaa/nrfx_uarte.c.o
 .text.UARTE0_IRQHandler
                0x000000000001b6dc       0xec _build/nrf52810_xxaa/nrfx_uarte.c.o
                0x000000000001b6dc                UARTE0_IRQHandler
 .text.nrfx_uarte_init
                0x000000000001b7c8      0x19c _build/nrf52810_xxaa/nrfx_uarte.c.o
                0x000000000001b7c8                nrfx_uarte_init
 .text.nrfx_uarte_tx
                0x000000000001b964       0x8c _build/nrf52810_xxaa/nrfx_uarte.c.o
                0x000000000001b964                nrfx_uarte_tx
 .text.nrfx_uarte_tx_in_progress
                0x000000000001b9f0       0x18 _build/nrf52810_xxaa/nrfx_uarte.c.o
                0x000000000001b9f0                nrfx_uarte_tx_in_progress
 .text.nrfx_uarte_rx
                0x000000000001ba08       0xdc _build/nrf52810_xxaa/nrfx_uarte.c.o
                0x000000000001ba08                nrfx_uarte_rx
 .text.bsp_event_to_button_action_assign
                0x000000000001bae4       0x4c _build/nrf52810_xxaa/bsp.c.o
                0x000000000001bae4                bsp_event_to_button_action_assign
 .text.advertising_buttons_configure
                0x000000000001bb30       0x36 _build/nrf52810_xxaa/bsp_btn_ble.c.o
 *fill*         0x000000000001bb66        0x2 
 .text.ble_evt_handler
                0x000000000001bb68       0x80 _build/nrf52810_xxaa/bsp_btn_ble.c.o
 .text.sd_power_system_off
                0x000000000001bbe8        0x4 _build/nrf52810_xxaa/main.c.o
 .text.sd_power_dcdc_mode_set
                0x000000000001bbec        0x4 _build/nrf52810_xxaa/main.c.o
 .text.sd_ble_gap_disconnect
                0x000000000001bbf0        0x4 _build/nrf52810_xxaa/main.c.o
 .text.sd_ble_gap_ppcp_set
                0x000000000001bbf4        0x4 _build/nrf52810_xxaa/main.c.o
 .text.sd_ble_gap_device_name_set
                0x000000000001bbf8        0x4 _build/nrf52810_xxaa/main.c.o
 .text.sd_ble_gap_sec_params_reply
                0x000000000001bbfc        0x4 _build/nrf52810_xxaa/main.c.o
 .text.sd_ble_gap_phy_update
                0x000000000001bc00        0x4 _build/nrf52810_xxaa/main.c.o
 .text.sd_ble_gatts_sys_attr_set
                0x000000000001bc04        0x4 _build/nrf52810_xxaa/main.c.o
 .text.timer_handler
                0x000000000001bc08        0x2 _build/nrf52810_xxaa/main.c.o
                0x000000000001bc08                timer_handler
 .text.nrf_qwr_error_handler
                0x000000000001bc0a        0x4 _build/nrf52810_xxaa/main.c.o
 .text.on_adv_evt
                0x000000000001bc0e       0x14 _build/nrf52810_xxaa/main.c.o
 *fill*         0x000000000001bc22        0x2 
 .text.single_shot_timer_handler
                0x000000000001bc24       0x4c _build/nrf52810_xxaa/main.c.o
 .text.saadc_sampling_event_init
                0x000000000001bc70       0x88 _build/nrf52810_xxaa/main.c.o
 .text.saadc_sampling_event_enable
                0x000000000001bcf8       0x1c _build/nrf52810_xxaa/main.c.o
 .text.ble_evt_handler
                0x000000000001bd14       0xec _build/nrf52810_xxaa/main.c.o
 .text.num_to_byte_arr
                0x000000000001be00       0x5e _build/nrf52810_xxaa/main.c.o
 *fill*         0x000000000001be5e        0x2 
 .text.on_conn_params_evt
                0x000000000001be60       0x20 _build/nrf52810_xxaa/main.c.o
 .text.gatt_evt_handler
                0x000000000001be80       0x88 _build/nrf52810_xxaa/main.c.o
                0x000000000001be80                gatt_evt_handler
 .text.uart_event_handle
                0x000000000001bf08       0x7c _build/nrf52810_xxaa/main.c.o
 .text.nus_data_handler
                0x000000000001bf84       0x6c _build/nrf52810_xxaa/main.c.o
 .text.conn_params_error_handler
                0x000000000001bff0        0x4 _build/nrf52810_xxaa/main.c.o
 .text.nrf_delay_ms.part.1
                0x000000000001bff4       0x1c _build/nrf52810_xxaa/main.c.o
 .text.saadc_init
                0x000000000001c010       0xf8 _build/nrf52810_xxaa/main.c.o
 .text.pwm_ready_callback
                0x000000000001c108       0x50 _build/nrf52810_xxaa/main.c.o
 .text.format_bluetooth_packet.isra.7
                0x000000000001c158       0xc8 _build/nrf52810_xxaa/main.c.o
 .text.saadc_callback
                0x000000000001c220      0x1c8 _build/nrf52810_xxaa/main.c.o
 .text.gatt_init
                0x000000000001c3e8       0x2c _build/nrf52810_xxaa/main.c.o
                0x000000000001c3e8                gatt_init
 .text.led_on   0x000000000001c414       0x2a _build/nrf52810_xxaa/main.c.o
                0x000000000001c414                led_on
 .text.led_off  0x000000000001c43e        0x6 _build/nrf52810_xxaa/main.c.o
                0x000000000001c43e                led_off
 .text.run_heartbeat
                0x000000000001c444       0x9c _build/nrf52810_xxaa/main.c.o
                0x000000000001c444                run_heartbeat
 .text.startup.main
                0x000000000001c4e0      0x264 _build/nrf52810_xxaa/main.c.o
                0x000000000001c4e0                main
 .text._GetAvailWriteSpace
                0x000000000001c744       0x1c _build/nrf52810_xxaa/SEGGER_RTT.c.o
 .text._WriteNoCheck
                0x000000000001c760       0x3a _build/nrf52810_xxaa/SEGGER_RTT.c.o
 .text._WriteBlocking
                0x000000000001c79a       0x52 _build/nrf52810_xxaa/SEGGER_RTT.c.o
 .text._DoInit  0x000000000001c7ec       0x60 _build/nrf52810_xxaa/SEGGER_RTT.c.o
 .text.SEGGER_RTT_WriteNoLock
                0x000000000001c84c       0x68 _build/nrf52810_xxaa/SEGGER_RTT.c.o
                0x000000000001c84c                SEGGER_RTT_WriteNoLock
 .text.SEGGER_RTT_Init
                0x000000000001c8b4        0x4 _build/nrf52810_xxaa/SEGGER_RTT.c.o
                0x000000000001c8b4                SEGGER_RTT_Init
 .text.sd_ble_gap_addr_get
                0x000000000001c8b8        0x4 _build/nrf52810_xxaa/ble_advdata.c.o
 .text.sd_ble_gap_appearance_get
                0x000000000001c8bc        0x4 _build/nrf52810_xxaa/ble_advdata.c.o
 .text.sd_ble_gap_device_name_get
                0x000000000001c8c0        0x4 _build/nrf52810_xxaa/ble_advdata.c.o
 .text.sd_ble_uuid_encode
                0x000000000001c8c4        0x4 _build/nrf52810_xxaa/ble_advdata.c.o
 .text.uuid_list_sized_encode
                0x000000000001c8c8       0xa4 _build/nrf52810_xxaa/ble_advdata.c.o
 .text.uuid_list_encode
                0x000000000001c96c       0x34 _build/nrf52810_xxaa/ble_advdata.c.o
 .text.ble_advdata_encode
                0x000000000001c9a0      0x392 _build/nrf52810_xxaa/ble_advdata.c.o
                0x000000000001c9a0                ble_advdata_encode
 .text.ble_advdata_search
                0x000000000001cd32       0x38 _build/nrf52810_xxaa/ble_advdata.c.o
                0x000000000001cd32                ble_advdata_search
 .text.ble_advdata_parse
                0x000000000001cd6a       0x20 _build/nrf52810_xxaa/ble_advdata.c.o
                0x000000000001cd6a                ble_advdata_parse
 .text.sd_ble_gap_adv_set_configure
                0x000000000001cd8a        0x4 _build/nrf52810_xxaa/ble_advertising.c.o
 .text.sd_ble_gap_adv_start
                0x000000000001cd8e        0x4 _build/nrf52810_xxaa/ble_advertising.c.o
 .text.flags_set
                0x000000000001cd92       0x2c _build/nrf52810_xxaa/ble_advertising.c.o
 .text.ble_advertising_conn_cfg_tag_set
                0x000000000001cdbe        0x6 _build/nrf52810_xxaa/ble_advertising.c.o
                0x000000000001cdbe                ble_advertising_conn_cfg_tag_set
 .text.ble_advertising_init
                0x000000000001cdc4       0xe4 _build/nrf52810_xxaa/ble_advertising.c.o
                0x000000000001cdc4                ble_advertising_init
 .text.ble_advertising_start
                0x000000000001cea8      0x206 _build/nrf52810_xxaa/ble_advertising.c.o
                0x000000000001cea8                ble_advertising_start
 .text.ble_advertising_on_ble_evt
                0x000000000001d0ae       0x6a _build/nrf52810_xxaa/ble_advertising.c.o
                0x000000000001d0ae                ble_advertising_on_ble_evt
 .text.ble_advertising_on_sys_evt
                0x000000000001d118        0x2 _build/nrf52810_xxaa/ble_advertising.c.o
                0x000000000001d118                ble_advertising_on_sys_evt
 .text.sd_ble_gap_conn_param_update
                0x000000000001d11a        0x4 _build/nrf52810_xxaa/ble_conn_params.c.o
 .text.sd_ble_gap_disconnect
                0x000000000001d11e        0x4 _build/nrf52810_xxaa/ble_conn_params.c.o
 .text.sd_ble_gap_ppcp_set
                0x000000000001d122        0x4 _build/nrf52810_xxaa/ble_conn_params.c.o
 .text.sd_ble_gap_ppcp_get
                0x000000000001d126        0x4 _build/nrf52810_xxaa/ble_conn_params.c.o
 *fill*         0x000000000001d12a        0x2 
 .text.instance_get
                0x000000000001d12c       0x14 _build/nrf52810_xxaa/ble_conn_params.c.o
 .text.send_error_evt
                0x000000000001d140       0x10 _build/nrf52810_xxaa/ble_conn_params.c.o
 .text.update_timeout_handler
                0x000000000001d150       0x6c _build/nrf52810_xxaa/ble_conn_params.c.o
 .text.conn_params_negotiation
                0x000000000001d1bc       0x48 _build/nrf52810_xxaa/ble_conn_params.c.o
 .text.is_conn_params_ok.constprop.3
                0x000000000001d204       0x3a _build/nrf52810_xxaa/ble_conn_params.c.o
 *fill*         0x000000000001d23e        0x2 
 .text.ble_evt_handler
                0x000000000001d240       0xe0 _build/nrf52810_xxaa/ble_conn_params.c.o
 .text.ble_conn_params_init
                0x000000000001d320       0x74 _build/nrf52810_xxaa/ble_conn_params.c.o
                0x000000000001d320                ble_conn_params_init
 .text.conn_handle_list_get
                0x000000000001d394       0x2e _build/nrf52810_xxaa/ble_conn_state.c.o
                0x000000000001d394                conn_handle_list_get
 *fill*         0x000000000001d3c2        0x2 
 .text.ble_evt_handler
                0x000000000001d3c4       0xd8 _build/nrf52810_xxaa/ble_conn_state.c.o
 .text.ble_conn_state_valid
                0x000000000001d49c       0x14 _build/nrf52810_xxaa/ble_conn_state.c.o
                0x000000000001d49c                ble_conn_state_valid
 .text.ble_conn_state_conn_idx
                0x000000000001d4b0       0x12 _build/nrf52810_xxaa/ble_conn_state.c.o
                0x000000000001d4b0                ble_conn_state_conn_idx
 .text.blcm_link_ctx_get
                0x000000000001d4c2       0x4e _build/nrf52810_xxaa/ble_link_ctx_manager.c.o
                0x000000000001d4c2                blcm_link_ctx_get
 .text.sd_ble_gatts_characteristic_add
                0x000000000001d510        0x4 _build/nrf52810_xxaa/ble_srv_common.c.o
 .text.set_security_req
                0x000000000001d514       0x2a _build/nrf52810_xxaa/ble_srv_common.c.o
 .text.ble_srv_is_notification_enabled
                0x000000000001d53e        0x8 _build/nrf52810_xxaa/ble_srv_common.c.o
                0x000000000001d53e                ble_srv_is_notification_enabled
 .text.characteristic_add
                0x000000000001d546      0x14e _build/nrf52810_xxaa/ble_srv_common.c.o
                0x000000000001d546                characteristic_add
 .text.sd_ble_gattc_exchange_mtu_request
                0x000000000001d694        0x4 _build/nrf52810_xxaa/nrf_ble_gatt.c.o
 .text.sd_ble_gatts_exchange_mtu_reply
                0x000000000001d698        0x4 _build/nrf52810_xxaa/nrf_ble_gatt.c.o
 .text.nrf_ble_gatt_init
                0x000000000001d69c       0x24 _build/nrf52810_xxaa/nrf_ble_gatt.c.o
                0x000000000001d69c                nrf_ble_gatt_init
 .text.nrf_ble_gatt_att_mtu_periph_set
                0x000000000001d6c0       0x18 _build/nrf52810_xxaa/nrf_ble_gatt.c.o
                0x000000000001d6c0                nrf_ble_gatt_att_mtu_periph_set
 .text.nrf_ble_gatt_on_ble_evt
                0x000000000001d6d8      0x14c _build/nrf52810_xxaa/nrf_ble_gatt.c.o
                0x000000000001d6d8                nrf_ble_gatt_on_ble_evt
 .text.sd_ble_gatts_rw_authorize_reply
                0x000000000001d824        0x4 _build/nrf52810_xxaa/nrf_ble_qwr.c.o
 .text.sd_ble_user_mem_reply
                0x000000000001d828        0x4 _build/nrf52810_xxaa/nrf_ble_qwr.c.o
 .text.user_mem_reply.part.0
                0x000000000001d82c       0x24 _build/nrf52810_xxaa/nrf_ble_qwr.c.o
 .text.nrf_ble_qwr_init
                0x000000000001d850       0x24 _build/nrf52810_xxaa/nrf_ble_qwr.c.o
                0x000000000001d850                nrf_ble_qwr_init
 .text.nrf_ble_qwr_conn_handle_assign
                0x000000000001d874       0x16 _build/nrf52810_xxaa/nrf_ble_qwr.c.o
                0x000000000001d874                nrf_ble_qwr_conn_handle_assign
 .text.nrf_ble_qwr_on_ble_evt
                0x000000000001d88a       0xa0 _build/nrf52810_xxaa/nrf_ble_qwr.c.o
                0x000000000001d88a                nrf_ble_qwr_on_ble_evt
 .text.sd_ble_gatts_service_add
                0x000000000001d92a        0x4 _build/nrf52810_xxaa/ble_nus.c.o
 .text.sd_ble_gatts_value_get
                0x000000000001d92e        0x4 _build/nrf52810_xxaa/ble_nus.c.o
 .text.sd_ble_gatts_hvx
                0x000000000001d932        0x4 _build/nrf52810_xxaa/ble_nus.c.o
 .text.sd_ble_uuid_vs_add
                0x000000000001d936        0x4 _build/nrf52810_xxaa/ble_nus.c.o
 .text.ble_nus_on_ble_evt
                0x000000000001d93a      0x134 _build/nrf52810_xxaa/ble_nus.c.o
                0x000000000001d93a                ble_nus_on_ble_evt
 *fill*         0x000000000001da6e        0x2 
 .text.ble_nus_init
                0x000000000001da70       0xe8 _build/nrf52810_xxaa/ble_nus.c.o
                0x000000000001da70                ble_nus_init
 .text.ble_nus_data_send
                0x000000000001db58       0x66 _build/nrf52810_xxaa/ble_nus.c.o
                0x000000000001db58                ble_nus_data_send
 .text.sd_softdevice_enable
                0x000000000001dbbe        0x4 _build/nrf52810_xxaa/nrf_sdh.c.o
 *fill*         0x000000000001dbc2        0x2 
 .text.sdh_request_observer_notify
                0x000000000001dbc4       0x30 _build/nrf52810_xxaa/nrf_sdh.c.o
 .text.sdh_state_observer_notify
                0x000000000001dbf4       0x28 _build/nrf52810_xxaa/nrf_sdh.c.o
 .text.softdevices_evt_irq_enable
                0x000000000001dc1c       0x38 _build/nrf52810_xxaa/nrf_sdh.c.o
 .text.nrf_sdh_enable_request
                0x000000000001dc54       0x78 _build/nrf52810_xxaa/nrf_sdh.c.o
                0x000000000001dc54                nrf_sdh_enable_request
 .text.nrf_sdh_is_enabled
                0x000000000001dccc        0xc _build/nrf52810_xxaa/nrf_sdh.c.o
                0x000000000001dccc                nrf_sdh_is_enabled
 .text.nrf_sdh_evts_poll
                0x000000000001dcd8       0x28 _build/nrf52810_xxaa/nrf_sdh.c.o
                0x000000000001dcd8                nrf_sdh_evts_poll
 .text.SWI2_IRQHandler
                0x000000000001dd00        0x4 _build/nrf52810_xxaa/nrf_sdh.c.o
                0x000000000001dd00                SWI2_IRQHandler
 .text.sd_ble_enable
                0x000000000001dd04        0x4 _build/nrf52810_xxaa/nrf_sdh_ble.c.o
 .text.sd_ble_cfg_set
                0x000000000001dd08        0x4 _build/nrf52810_xxaa/nrf_sdh_ble.c.o
 .text.sd_ble_evt_get
                0x000000000001dd0c        0x4 _build/nrf52810_xxaa/nrf_sdh_ble.c.o
 .text.nrf_sdh_ble_evts_poll.part.1
                0x000000000001dd10       0x4c _build/nrf52810_xxaa/nrf_sdh_ble.c.o
 .text.nrf_sdh_ble_evts_poll
                0x000000000001dd5c       0x10 _build/nrf52810_xxaa/nrf_sdh_ble.c.o
 .text.nrf_sdh_ble_default_cfg_set
                0x000000000001dd6c      0x198 _build/nrf52810_xxaa/nrf_sdh_ble.c.o
                0x000000000001dd6c                nrf_sdh_ble_default_cfg_set
 .text.nrf_sdh_ble_enable
                0x000000000001df04       0x94 _build/nrf52810_xxaa/nrf_sdh_ble.c.o
                0x000000000001df04                nrf_sdh_ble_enable
 .text.sd_evt_get
                0x000000000001df98        0x4 _build/nrf52810_xxaa/nrf_sdh_soc.c.o
 .text.nrf_sdh_soc_evts_poll
                0x000000000001df9c       0x3c _build/nrf52810_xxaa/nrf_sdh_soc.c.o
 .text.pwm_dealloc
                0x000000000001dfd8       0x58 _build/nrf52810_xxaa/app_pwm.c.o
 .text.pwm_ready_tick
                0x000000000001e030       0x5c _build/nrf52810_xxaa/app_pwm.c.o
                0x000000000001e030                pwm_ready_tick
 .text.app_pwm_busy_check
                0x000000000001e08c       0x3c _build/nrf52810_xxaa/app_pwm.c.o
                0x000000000001e08c                app_pwm_busy_check
 .text.app_pwm_channel_duty_ticks_set
                0x000000000001e0c8      0x15c _build/nrf52810_xxaa/app_pwm.c.o
                0x000000000001e0c8                app_pwm_channel_duty_ticks_set
 .text.app_pwm_channel_duty_set
                0x000000000001e224       0x12 _build/nrf52810_xxaa/app_pwm.c.o
                0x000000000001e224                app_pwm_channel_duty_set
 *fill*         0x000000000001e236        0x2 
 .text.app_pwm_init
                0x000000000001e238      0x274 _build/nrf52810_xxaa/app_pwm.c.o
                0x000000000001e238                app_pwm_init
 .text.app_pwm_enable
                0x000000000001e4ac       0x74 _build/nrf52810_xxaa/app_pwm.c.o
                0x000000000001e4ac                app_pwm_enable
 .text.app_pwm_disable
                0x000000000001e520       0x6e _build/nrf52810_xxaa/app_pwm.c.o
                0x000000000001e520                app_pwm_disable
 .text.app_pwm_uninit
                0x000000000001e58e       0x28 _build/nrf52810_xxaa/app_pwm.c.o
                0x000000000001e58e                app_pwm_uninit
 .text.irq_handler.constprop.0
                0x000000000001e5b6       0x4c _build/nrf52810_xxaa/nrfx_timer.c.o
 *fill*         0x000000000001e602        0x2 
 .text.nrfx_timer_init
                0x000000000001e604       0xe8 _build/nrf52810_xxaa/nrfx_timer.c.o
                0x000000000001e604                nrfx_timer_init
 .text.nrfx_timer_enable
                0x000000000001e6ec       0x1c _build/nrf52810_xxaa/nrfx_timer.c.o
                0x000000000001e6ec                nrfx_timer_enable
 .text.nrfx_timer_disable
                0x000000000001e708       0x18 _build/nrf52810_xxaa/nrfx_timer.c.o
                0x000000000001e708                nrfx_timer_disable
 .text.nrfx_timer_uninit
                0x000000000001e720       0x50 _build/nrf52810_xxaa/nrfx_timer.c.o
                0x000000000001e720                nrfx_timer_uninit
 .text.nrfx_timer_clear
                0x000000000001e770        0x8 _build/nrf52810_xxaa/nrfx_timer.c.o
                0x000000000001e770                nrfx_timer_clear
 .text.nrfx_timer_compare
                0x000000000001e778       0x36 _build/nrf52810_xxaa/nrfx_timer.c.o
                0x000000000001e778                nrfx_timer_compare
 .text.nrfx_timer_extended_compare
                0x000000000001e7ae       0x2e _build/nrf52810_xxaa/nrfx_timer.c.o
                0x000000000001e7ae                nrfx_timer_extended_compare
 .text.nrfx_timer_compare_int_enable
                0x000000000001e7dc       0x28 _build/nrf52810_xxaa/nrfx_timer.c.o
                0x000000000001e7dc                nrfx_timer_compare_int_enable
 .text.nrfx_timer_compare_int_disable
                0x000000000001e804       0x10 _build/nrf52810_xxaa/nrfx_timer.c.o
                0x000000000001e804                nrfx_timer_compare_int_disable
 .text.TIMER0_IRQHandler
                0x000000000001e814       0x10 _build/nrf52810_xxaa/nrfx_timer.c.o
                0x000000000001e814                TIMER0_IRQHandler
 .text.TIMER1_IRQHandler
                0x000000000001e824       0x10 _build/nrf52810_xxaa/nrfx_timer.c.o
                0x000000000001e824                TIMER1_IRQHandler
 .text.TIMER2_IRQHandler
                0x000000000001e834       0x10 _build/nrf52810_xxaa/nrfx_timer.c.o
                0x000000000001e834                TIMER2_IRQHandler
 .text.nrf_saadc_event_clear
                0x000000000001e844       0x18 _build/nrf52810_xxaa/nrfx_saadc.c.o
 .text.SAADC_IRQHandler
                0x000000000001e85c      0x164 _build/nrf52810_xxaa/nrfx_saadc.c.o
                0x000000000001e85c                SAADC_IRQHandler
 .text.nrfx_saadc_init
                0x000000000001e9c0       0x88 _build/nrf52810_xxaa/nrfx_saadc.c.o
                0x000000000001e9c0                nrfx_saadc_init
 .text.nrfx_saadc_channel_init
                0x000000000001ea48       0xbc _build/nrf52810_xxaa/nrfx_saadc.c.o
                0x000000000001ea48                nrfx_saadc_channel_init
 .text.nrfx_saadc_sample_task_get
                0x000000000001eb04       0x1c _build/nrf52810_xxaa/nrfx_saadc.c.o
                0x000000000001eb04                nrfx_saadc_sample_task_get
 .text.nrfx_saadc_buffer_convert
                0x000000000001eb20       0xa8 _build/nrf52810_xxaa/nrfx_saadc.c.o
                0x000000000001eb20                nrfx_saadc_buffer_convert
 .text.nrfx_saadc_calibrate_offset
                0x000000000001ebc8       0x34 _build/nrf52810_xxaa/nrfx_saadc.c.o
                0x000000000001ebc8                nrfx_saadc_calibrate_offset
 .text.nrfx_saadc_is_busy
                0x000000000001ebfc       0x10 _build/nrf52810_xxaa/nrfx_saadc.c.o
                0x000000000001ebfc                nrfx_saadc_is_busy
 .text.nrfx_saadc_limits_set
                0x000000000001ec0c       0x78 _build/nrf52810_xxaa/nrfx_saadc.c.o
                0x000000000001ec0c                nrfx_saadc_limits_set
 .text.nrfx_saadc_channel_uninit
                0x000000000001ec84       0x54 _build/nrf52810_xxaa/nrfx_saadc.c.o
                0x000000000001ec84                nrfx_saadc_channel_uninit
 .text.nrfx_saadc_uninit
                0x000000000001ecd8       0x64 _build/nrf52810_xxaa/nrfx_saadc.c.o
                0x000000000001ecd8                nrfx_saadc_uninit
 .text          0x000000000001ed3c        0xc /usr/lib/gcc/arm-none-eabi/7.3.1/../../../arm-none-eabi/lib/thumb/v7e-m/libc_nano.a(lib_a-atexit.o)
                0x000000000001ed3c                atexit
 .text          0x000000000001ed48       0x28 /usr/lib/gcc/arm-none-eabi/7.3.1/../../../arm-none-eabi/lib/thumb/v7e-m/libc_nano.a(lib_a-exit.o)
                0x000000000001ed48                exit
 .text          0x000000000001ed70       0x34 /usr/lib/gcc/arm-none-eabi/7.3.1/../../../arm-none-eabi/lib/thumb/v7e-m/libc_nano.a(lib_a-fini.o)
                0x000000000001ed70                __libc_fini_array
 .text          0x000000000001eda4       0x48 /usr/lib/gcc/arm-none-eabi/7.3.1/../../../arm-none-eabi/lib/thumb/v7e-m/libc_nano.a(lib_a-init.o)
                0x000000000001eda4                __libc_init_array
 .text          0x000000000001edec       0x20 /usr/lib/gcc/arm-none-eabi/7.3.1/../../../arm-none-eabi/lib/thumb/v7e-m/libc_nano.a(lib_a-malloc.o)
                0x000000000001edec                malloc
                0x000000000001edfc                free
 .text          0x000000000001ee0c      0x134 /usr/lib/gcc/arm-none-eabi/7.3.1/../../../arm-none-eabi/lib/thumb/v7e-m/libc_nano.a(lib_a-memcpy.o)
                0x000000000001ee0c                memcpy
 .text          0x000000000001ef40       0x94 /usr/lib/gcc/arm-none-eabi/7.3.1/../../../arm-none-eabi/lib/thumb/v7e-m/libc_nano.a(lib_a-memset.o)
                0x000000000001ef40                memset
 .text          0x000000000001efd4       0xa8 /usr/lib/gcc/arm-none-eabi/7.3.1/../../../arm-none-eabi/lib/thumb/v7e-m/libc_nano.a(lib_a-nano-freer.o)
                0x000000000001efd4                _free_r
 .text          0x000000000001f07c       0xc8 /usr/lib/gcc/arm-none-eabi/7.3.1/../../../arm-none-eabi/lib/thumb/v7e-m/libc_nano.a(lib_a-nano-mallocr.o)
                0x000000000001f07c                _malloc_r
 .text          0x000000000001f144       0x24 /usr/lib/gcc/arm-none-eabi/7.3.1/../../../arm-none-eabi/lib/thumb/v7e-m/libc_nano.a(lib_a-sbrkr.o)
                0x000000000001f144                _sbrk_r
 .text          0x000000000001f168       0xbc /usr/lib/gcc/arm-none-eabi/7.3.1/../../../arm-none-eabi/lib/thumb/v7e-m/libc_nano.a(lib_a-strcpy.o)
                0x000000000001f168                strcpy
 *fill*         0x000000000001f224       0x1c 
 .text          0x000000000001f240       0xdc /usr/lib/gcc/arm-none-eabi/7.3.1/../../../arm-none-eabi/lib/thumb/v7e-m/libc_nano.a(lib_a-strlen.o)
                0x000000000001f240                strlen
 .text          0x000000000001f31c       0xa4 /usr/lib/gcc/arm-none-eabi/7.3.1/../../../arm-none-eabi/lib/thumb/v7e-m/libc_nano.a(lib_a-__atexit.o)
                0x000000000001f31c                __register_exitproc
 .text          0x000000000001f3c0       0xa4 /usr/lib/gcc/arm-none-eabi/7.3.1/../../../arm-none-eabi/lib/thumb/v7e-m/libc_nano.a(lib_a-__call_atexit.o)
                0x000000000001f3c0                __call_exitprocs
 .text          0x000000000001f464        0x8 /usr/lib/gcc/arm-none-eabi/7.3.1/../../../arm-none-eabi/lib/thumb/v7e-m/libc_nano.a(lib_a-mlock.o)
                0x000000000001f464                __malloc_lock
                0x000000000001f468                __malloc_unlock
 .text          0x000000000001f46c       0x1c /usr/lib/gcc/arm-none-eabi/7.3.1/../../../arm-none-eabi/lib/thumb/v7e-m/libnosys.a(sbrk.o)
                0x000000000001f46c                _sbrk
 .text          0x000000000001f488        0x4 /usr/lib/gcc/arm-none-eabi/7.3.1/../../../arm-none-eabi/lib/thumb/v7e-m/libnosys.a(_exit.o)
                0x000000000001f488                _exit
 *(.init)
 .init          0x000000000001f48c        0x4 /usr/lib/gcc/arm-none-eabi/7.3.1/thumb/v7e-m/crti.o
                0x000000000001f48c                _init
 .init          0x000000000001f490        0x8 /usr/lib/gcc/arm-none-eabi/7.3.1/thumb/v7e-m/crtn.o
 *(.fini)
 .fini          0x000000000001f498        0x4 /usr/lib/gcc/arm-none-eabi/7.3.1/thumb/v7e-m/crti.o
                0x000000000001f498                _fini
 .fini          0x000000000001f49c        0x8 /usr/lib/gcc/arm-none-eabi/7.3.1/thumb/v7e-m/crtn.o
 *crtbegin.o(.ctors)
 *crtbegin?.o(.ctors)
 *(EXCLUDE_FILE(*crtend.o *crtend?.o) .ctors)
 *(SORT_BY_NAME(.ctors.*))
 *(.ctors)
 *crtbegin.o(.dtors)
 *crtbegin?.o(.dtors)
 *(EXCLUDE_FILE(*crtend.o *crtend?.o) .dtors)
 *(SORT_BY_NAME(.dtors.*))
 *(.dtors)
 *(.rodata*)
 .rodata.delay_bytecode.7341
                0x000000000001f4a4        0x6 _build/nrf52810_xxaa/nrf_log_backend_rtt.c.o
 *fill*         0x000000000001f4aa        0x2 
 .rodata.nrf_log_backend_rtt_api
                0x000000000001f4ac        0xc _build/nrf52810_xxaa/nrf_log_backend_rtt.c.o
                0x000000000001f4ac                nrf_log_backend_rtt_api
 .rodata.str1.1
                0x000000000001f4b8       0x10 _build/nrf52810_xxaa/nrf_log_default_backends.c.o
 .rodata.m_log_push_ringbuf
                0x000000000001f4c8        0xc _build/nrf52810_xxaa/nrf_log_frontend.c.o
 .rodata.nrf_log_frontend_dequeue.str1.1
                0x000000000001f4d4       0x11 _build/nrf52810_xxaa/nrf_log_frontend.c.o
 .rodata.str1.1
                0x000000000001f4e5        0x4 _build/nrf52810_xxaa/nrf_log_frontend.c.o
 *fill*         0x000000000001f4e9        0x3 
 .rodata.m_colors
                0x000000000001f4ec       0x24 _build/nrf52810_xxaa/nrf_log_str_formatter.c.o
 .rodata.nrf_log_hexdump_entry_process.str1.1
                0x000000000001f510        0xf _build/nrf52810_xxaa/nrf_log_str_formatter.c.o
                                         0x11 (size before relaxing)
 .rodata.postfix_process.str1.1
                0x000000000001f51f        0x8 _build/nrf52810_xxaa/nrf_log_str_formatter.c.o
                                          0xb (size before relaxing)
 .rodata.prefix_process.str1.1
                0x000000000001f527       0x2a _build/nrf52810_xxaa/nrf_log_str_formatter.c.o
 *fill*         0x000000000001f551        0x3 
 .rodata.severity_names
                0x000000000001f554       0x14 _build/nrf52810_xxaa/nrf_log_str_formatter.c.o
 .rodata.str1.1
                0x000000000001f568       0x4b _build/nrf52810_xxaa/nrf_log_str_formatter.c.o
                                         0x51 (size before relaxing)
 .rodata.app_error_fault_handler.str1.1
                0x000000000001f5b3       0x19 _build/nrf52810_xxaa/app_error_weak.c.o
 .rodata.delay_bytecode.7065
                0x000000000001f5cc        0x6 _build/nrf52810_xxaa/app_timer.c.o
 *fill*         0x000000000001f5d2        0x2 
 .rodata        0x000000000001f5d4       0x20 _build/nrf52810_xxaa/app_uart_fifo.c.o
 .rodata._aV2C.5768
                0x000000000001f5f4       0x10 _build/nrf52810_xxaa/nrf_fprintf_format.c.o
 .rodata.pwr_mgmt_data
                0x000000000001f604        0xc _build/nrf52810_xxaa/nrf_pwr_mgmt.c.o
 .rodata.str1.1
                0x000000000001f610        0x9 _build/nrf52810_xxaa/nrf_pwr_mgmt.c.o
 .rodata.m_unknown_str
                0x000000000001f619       0x13 _build/nrf52810_xxaa/nrf_strerror.c.o
 .rodata.nrf_strerror_array
                0x000000000001f62c      0x128 _build/nrf52810_xxaa/nrf_strerror.c.o
 .rodata.str1.1
                0x000000000001f754      0x3ba _build/nrf52810_xxaa/nrf_strerror.c.o
 .rodata.str1.1
                0x000000000001fb0e        0x6 _build/nrf52810_xxaa/nrf_drv_clock.c.o
 .rodata.str1.1
                0x000000000001fb14        0x6 _build/nrf52810_xxaa/nrfx_clock.c.o
 .rodata.str1.1
                0x000000000001fb1a        0x7 _build/nrf52810_xxaa/nrfx_gpiote.c.o
 .rodata.str1.1
                0x000000000001fb21        0x4 _build/nrf52810_xxaa/nrfx_prs.c.o
 .rodata.str1.1
                0x000000000001fb25        0x6 _build/nrf52810_xxaa/nrfx_uarte.c.o
 *fill*         0x000000000001fb2b        0x1 
 .rodata        0x000000000001fb2c       0x2c _build/nrf52810_xxaa/main.c.o
 .rodata.ble_evt_handler.str1.1
                0x000000000001fb58       0x37 _build/nrf52810_xxaa/main.c.o
 .rodata.default_config.9206
                0x000000000001fb8f        0x4 _build/nrf52810_xxaa/main.c.o
 *fill*         0x000000000001fb93        0x1 
 .rodata.delay_bytecode.6752
                0x000000000001fb94        0x6 _build/nrf52810_xxaa/main.c.o
 .rodata.gatt_evt_handler.str1.1
                0x000000000001fb9a       0x23 _build/nrf52810_xxaa/main.c.o
 *fill*         0x000000000001fbbd        0x3 
 .rodata.m_isfet_pwm
                0x000000000001fbc0        0x8 _build/nrf52810_xxaa/main.c.o
                0x000000000001fbc0                m_isfet_pwm
 .rodata.m_pwm_m_isfet_pwm_timer
                0x000000000001fbc8        0x8 _build/nrf52810_xxaa/main.c.o
                0x000000000001fbc8                m_pwm_m_isfet_pwm_timer
 .rodata.m_timer
                0x000000000001fbd0        0x8 _build/nrf52810_xxaa/main.c.o
 .rodata.m_timer_id
                0x000000000001fbd8        0x4 _build/nrf52810_xxaa/main.c.o
 .rodata.main.str1.1
                0x000000000001fbdc       0x20 _build/nrf52810_xxaa/main.c.o
 .rodata.nus_data_handler.str1.1
                0x000000000001fbfc       0x2b _build/nrf52810_xxaa/main.c.o
 .rodata.run_heartbeat.str1.1
                0x000000000001fc27       0x1a _build/nrf52810_xxaa/main.c.o
 .rodata.saadc_callback.str1.1
                0x000000000001fc41       0x53 _build/nrf52810_xxaa/main.c.o
 .rodata.saadc_init.str1.1
                0x000000000001fc94       0x41 _build/nrf52810_xxaa/main.c.o
 .rodata._DoInit.str1.1
                0x000000000001fcd5       0x14 _build/nrf52810_xxaa/SEGGER_RTT.c.o
 .rodata.nrf_ble_gatt_on_ble_evt.str1.1
                0x000000000001fce9       0x60 _build/nrf52810_xxaa/nrf_ble_gatt.c.o
 .rodata.str1.1
                0x000000000001fd49        0xd _build/nrf52810_xxaa/nrf_ble_gatt.c.o
 .rodata        0x000000000001fd56       0x10 _build/nrf52810_xxaa/ble_nus.c.o
 .rodata.str1.1
                0x000000000001fd66        0x8 _build/nrf52810_xxaa/ble_nus.c.o
 .rodata        0x000000000001fd6e        0x4 _build/nrf52810_xxaa/nrf_sdh.c.o
 *fill*         0x000000000001fd72        0x2 
 .rodata.sdh_req_observers
                0x000000000001fd74        0xc _build/nrf52810_xxaa/nrf_sdh.c.o
 .rodata.sdh_stack_observers
                0x000000000001fd80        0xc _build/nrf52810_xxaa/nrf_sdh.c.o
 .rodata.sdh_state_observers
                0x000000000001fd8c        0xc _build/nrf52810_xxaa/nrf_sdh.c.o
 .rodata.str1.1
                0x000000000001fd98        0x8 _build/nrf52810_xxaa/nrf_sdh.c.o
 .rodata.nrf_sdh_ble_default_cfg_set.str1.1
                0x000000000001fda0      0x1c9 _build/nrf52810_xxaa/nrf_sdh_ble.c.o
 .rodata.nrf_sdh_ble_enable.str1.1
                0x000000000001ff69       0xa7 _build/nrf52810_xxaa/nrf_sdh_ble.c.o
 .rodata.sdh_ble_observers
                0x0000000000020010        0xc _build/nrf52810_xxaa/nrf_sdh_ble.c.o
 .rodata.str1.1
                0x000000000002001c        0xc _build/nrf52810_xxaa/nrf_sdh_ble.c.o
 .rodata.sdh_soc_observers
                0x0000000000020028        0xc _build/nrf52810_xxaa/nrf_sdh_soc.c.o
 .rodata.str1.1
                0x0000000000020034        0xc _build/nrf52810_xxaa/nrf_sdh_soc.c.o
 .rodata.str1.1
                0x0000000000020040        0x6 _build/nrf52810_xxaa/nrfx_timer.c.o
 .rodata.str1.1
                0x0000000000020046        0x6 _build/nrf52810_xxaa/nrfx_saadc.c.o
 .rodata        0x000000000002004c      0x101 /usr/lib/gcc/arm-none-eabi/7.3.1/../../../arm-none-eabi/lib/thumb/v7e-m/libc_nano.a(lib_a-ctype_.o)
                0x000000000002004c                _ctype_
 *fill*         0x000000000002014d        0x3 
 .rodata        0x0000000000020150        0x4 /usr/lib/gcc/arm-none-eabi/7.3.1/../../../arm-none-eabi/lib/thumb/v7e-m/libc_nano.a(lib_a-impure.o)
                0x0000000000020150                _global_impure_ptr
 *(.eh_frame*)
 .eh_frame      0x0000000000020154        0x0 /usr/lib/gcc/arm-none-eabi/7.3.1/thumb/v7e-m/crtbegin.o
 .eh_frame      0x0000000000020154        0x4 /usr/lib/gcc/arm-none-eabi/7.3.1/thumb/v7e-m/crtend.o

.glue_7         0x0000000000020158        0x0
 .glue_7        0x0000000000020158        0x0 linker stubs

.glue_7t        0x0000000000020158        0x0
 .glue_7t       0x0000000000020158        0x0 linker stubs

.vfp11_veneer   0x0000000000020158        0x0
 .vfp11_veneer  0x0000000000020158        0x0 linker stubs

.v4_bx          0x0000000000020158        0x0
 .v4_bx         0x0000000000020158        0x0 linker stubs

.iplt           0x0000000000020158        0x0
 .iplt          0x0000000000020158        0x0 /usr/lib/gcc/arm-none-eabi/7.3.1/thumb/v7e-m/crtbegin.o

.mem_section_dummy_rom

.sdh_soc_observers
                0x0000000000020158       0x10
                0x0000000000020158                PROVIDE (__start_sdh_soc_observers = .)
 *(SORT_BY_NAME(.sdh_soc_observers*))
 .sdh_soc_observers0
                0x0000000000020158        0x8 _build/nrf52810_xxaa/nrf_drv_clock.c.o
 .sdh_soc_observers1
                0x0000000000020160        0x8 _build/nrf52810_xxaa/main.c.o
                0x0000000000020168                PROVIDE (__stop_sdh_soc_observers = .)

.sdh_ble_observers
                0x0000000000020168       0x40
                0x0000000000020168                PROVIDE (__start_sdh_ble_observers = .)
 *(SORT_BY_NAME(.sdh_ble_observers*))
 .sdh_ble_observers0
                0x0000000000020168        0x8 _build/nrf52810_xxaa/ble_conn_state.c.o
 .sdh_ble_observers1
                0x0000000000020170        0x8 _build/nrf52810_xxaa/bsp_btn_ble.c.o
 .sdh_ble_observers1
                0x0000000000020178       0x10 _build/nrf52810_xxaa/main.c.o
 .sdh_ble_observers1
                0x0000000000020188        0x8 _build/nrf52810_xxaa/ble_conn_params.c.o
 .sdh_ble_observers2
                0x0000000000020190       0x10 _build/nrf52810_xxaa/main.c.o
 .sdh_ble_observers3
                0x00000000000201a0        0x8 _build/nrf52810_xxaa/main.c.o
                0x00000000000201a8                PROVIDE (__stop_sdh_ble_observers = .)

.pwr_mgmt_data  0x00000000000201a8        0x0
                0x00000000000201a8                PROVIDE (__start_pwr_mgmt_data = .)
 *(SORT_BY_NAME(.pwr_mgmt_data*))
                0x00000000000201a8                PROVIDE (__stop_pwr_mgmt_data = .)

.sdh_stack_observers
                0x00000000000201a8       0x10
                0x00000000000201a8                PROVIDE (__start_sdh_stack_observers = .)
 *(SORT_BY_NAME(.sdh_stack_observers*))
 .sdh_stack_observers0
                0x00000000000201a8        0x8 _build/nrf52810_xxaa/nrf_sdh_ble.c.o
 .sdh_stack_observers0
                0x00000000000201b0        0x8 _build/nrf52810_xxaa/nrf_sdh_soc.c.o
                0x00000000000201b8                PROVIDE (__stop_sdh_stack_observers = .)

.sdh_req_observers
                0x00000000000201b8        0x0
                0x00000000000201b8                PROVIDE (__start_sdh_req_observers = .)
 *(SORT_BY_NAME(.sdh_req_observers*))
                0x00000000000201b8                PROVIDE (__stop_sdh_req_observers = .)

.sdh_state_observers
                0x00000000000201b8        0x8
                0x00000000000201b8                PROVIDE (__start_sdh_state_observers = .)
 *(SORT_BY_NAME(.sdh_state_observers*))
 .sdh_state_observers0
                0x00000000000201b8        0x8 _build/nrf52810_xxaa/nrf_drv_clock.c.o
                0x00000000000201c0                PROVIDE (__stop_sdh_state_observers = .)

.nrf_queue      0x00000000000201c0        0x0
                [!provide]                        PROVIDE (__start_nrf_queue = .)
 *(.nrf_queue)
                [!provide]                        PROVIDE (__stop_nrf_queue = .)

.nrf_balloc     0x00000000000201c0       0x14
                [!provide]                        PROVIDE (__start_nrf_balloc = .)
 *(.nrf_balloc)
 .nrf_balloc    0x00000000000201c0       0x14 _build/nrf52810_xxaa/nrf_log_frontend.c.o
                0x00000000000201c0                log_mempool
                [!provide]                        PROVIDE (__stop_nrf_balloc = .)

.cli_command    0x00000000000201d4        0x0
                [!provide]                        PROVIDE (__start_cli_command = .)
 *(.cli_command)
                [!provide]                        PROVIDE (__stop_cli_command = .)

.crypto_data    0x00000000000201d4        0x0
                [!provide]                        PROVIDE (__start_crypto_data = .)
 *(SORT_BY_NAME(.crypto_data*))
                [!provide]                        PROVIDE (__stop_crypto_data = .)

.log_const_data
                0x00000000000201d4       0x70
                0x00000000000201d4                PROVIDE (__start_log_const_data = .)
 *(SORT_BY_NAME(.log_const_data*))
 .log_const_data_CLOCK
                0x00000000000201d4        0x8 _build/nrf52810_xxaa/nrfx_clock.c.o
                0x00000000000201d4                m_nrf_log_CLOCK_logs_data_const
 .log_const_data_GPIOTE
                0x00000000000201dc        0x8 _build/nrf52810_xxaa/nrfx_gpiote.c.o
                0x00000000000201dc                m_nrf_log_GPIOTE_logs_data_const
 .log_const_data_PRS
                0x00000000000201e4        0x8 _build/nrf52810_xxaa/nrfx_prs.c.o
                0x00000000000201e4                m_nrf_log_PRS_logs_data_const
 .log_const_data_SAADC
                0x00000000000201ec        0x8 _build/nrf52810_xxaa/nrfx_saadc.c.o
                0x00000000000201ec                m_nrf_log_SAADC_logs_data_const
 .log_const_data_TIMER
                0x00000000000201f4        0x8 _build/nrf52810_xxaa/nrfx_timer.c.o
                0x00000000000201f4                m_nrf_log_TIMER_logs_data_const
 .log_const_data_UARTE
                0x00000000000201fc        0x8 _build/nrf52810_xxaa/nrfx_uarte.c.o
                0x00000000000201fc                m_nrf_log_UARTE_logs_data_const
 .log_const_data_app
                0x0000000000020204        0x8 _build/nrf52810_xxaa/nrf_log_frontend.c.o
                0x0000000000020204                m_nrf_log_app_logs_data_const
 .log_const_data_ble_nus
                0x000000000002020c        0x8 _build/nrf52810_xxaa/ble_nus.c.o
                0x000000000002020c                m_nrf_log_ble_nus_logs_data_const
 .log_const_data_clock
                0x0000000000020214        0x8 _build/nrf52810_xxaa/nrf_drv_clock.c.o
                0x0000000000020214                m_nrf_log_clock_logs_data_const
 .log_const_data_nrf_ble_gatt
                0x000000000002021c        0x8 _build/nrf52810_xxaa/nrf_ble_gatt.c.o
                0x000000000002021c                m_nrf_log_nrf_ble_gatt_logs_data_const
 .log_const_data_nrf_sdh
                0x0000000000020224        0x8 _build/nrf52810_xxaa/nrf_sdh.c.o
                0x0000000000020224                m_nrf_log_nrf_sdh_logs_data_const
 .log_const_data_nrf_sdh_ble
                0x000000000002022c        0x8 _build/nrf52810_xxaa/nrf_sdh_ble.c.o
                0x000000000002022c                m_nrf_log_nrf_sdh_ble_logs_data_const
 .log_const_data_nrf_sdh_soc
                0x0000000000020234        0x8 _build/nrf52810_xxaa/nrf_sdh_soc.c.o
                0x0000000000020234                m_nrf_log_nrf_sdh_soc_logs_data_const
 .log_const_data_pwr_mgmt
                0x000000000002023c        0x8 _build/nrf52810_xxaa/nrf_pwr_mgmt.c.o
                0x000000000002023c                m_nrf_log_pwr_mgmt_logs_data_const
                0x0000000000020244                PROVIDE (__stop_log_const_data = .)

.log_backends   0x0000000000020244       0x10
                [!provide]                        PROVIDE (__start_log_backends = .)
 *(SORT_BY_NAME(.log_backends*))
 .log_backends  0x0000000000020244       0x10 _build/nrf52810_xxaa/nrf_log_default_backends.c.o
                [!provide]                        PROVIDE (__stop_log_backends = .)

.ARM.extab
 *(.ARM.extab* .gnu.linkonce.armextab.*)
                0x0000000000020254                __exidx_start = .

.ARM.exidx      0x0000000000020254        0x8
 *(.ARM.exidx* .gnu.linkonce.armexidx.*)
 .ARM.exidx     0x0000000000020254        0x8 /usr/lib/gcc/arm-none-eabi/7.3.1/../../../arm-none-eabi/lib/thumb/v7e-m/crt0.o
                0x000000000002025c                __exidx_end = .
                0x000000000002025c                __etext = .

.rel.dyn        0x000000000002025c        0x0
 .rel.iplt      0x000000000002025c        0x0 /usr/lib/gcc/arm-none-eabi/7.3.1/thumb/v7e-m/crtbegin.o

.data           0x0000000020002500       0xb0 load address 0x000000000002025c
                0x0000000020002500                __data_start__ = .
 *(vtable)
 *(.data*)
 .data.log_backend_cb_rtt_log_backend
                0x0000000020002500        0x8 _build/nrf52810_xxaa/nrf_log_default_backends.c.o
 .data.app_uart_inst
                0x0000000020002508        0xc _build/nrf52810_xxaa/app_uart_fifo.c.o
 .data.SystemCoreClock
                0x0000000020002514        0x4 _build/nrf52810_xxaa/system_nrf52810.c.o
                0x0000000020002514                SystemCoreClock
 .data.m_adv_uuids
                0x0000000020002518        0x4 _build/nrf52810_xxaa/main.c.o
 .data.m_ble_nus_max_data_len
                0x000000002000251c        0x2 _build/nrf52810_xxaa/main.c.o
 .data.m_conn_handle
                0x000000002000251e        0x2 _build/nrf52810_xxaa/main.c.o
 .data.m_nus    0x0000000020002520       0x1c _build/nrf52810_xxaa/main.c.o
 .data.m_nus_link_ctx_storage
                0x000000002000253c        0x8 _build/nrf52810_xxaa/main.c.o
 .data          0x0000000020002544       0x64 /usr/lib/gcc/arm-none-eabi/7.3.1/../../../arm-none-eabi/lib/thumb/v7e-m/libc_nano.a(lib_a-impure.o)
                0x0000000020002544                _impure_ptr
                0x00000000200025a8                . = ALIGN (0x4)
                0x00000000200025a8                PROVIDE (__preinit_array_start = .)
 *(.preinit_array)
                0x00000000200025a8                PROVIDE (__preinit_array_end = .)
                0x00000000200025a8                . = ALIGN (0x4)
                0x00000000200025a8                PROVIDE (__init_array_start = .)
 *(SORT_BY_NAME(.init_array.*))
 *(.init_array)
 .init_array    0x00000000200025a8        0x4 /usr/lib/gcc/arm-none-eabi/7.3.1/thumb/v7e-m/crtbegin.o
                0x00000000200025ac                PROVIDE (__init_array_end = .)
                0x00000000200025ac                . = ALIGN (0x4)
                0x00000000200025ac                PROVIDE (__fini_array_start = .)
 *(SORT_BY_NAME(.fini_array.*))
 *(.fini_array)
 .fini_array    0x00000000200025ac        0x4 /usr/lib/gcc/arm-none-eabi/7.3.1/thumb/v7e-m/crtbegin.o
                0x00000000200025b0                PROVIDE (__fini_array_end = .)
 *(.jcr*)
                0x00000000200025b0                . = ALIGN (0x4)
                0x00000000200025b0                __data_end__ = .
LOAD /usr/lib/gcc/arm-none-eabi/7.3.1/thumb/v7e-m/crti.o
LOAD /usr/lib/gcc/arm-none-eabi/7.3.1/thumb/v7e-m/crtbegin.o
LOAD /usr/lib/gcc/arm-none-eabi/7.3.1/../../../arm-none-eabi/lib/thumb/v7e-m/crt0.o
LOAD _build/nrf52810_xxaa/gcc_startup_nrf52810.S.o
LOAD _build/nrf52810_xxaa/nrf_log_backend_rtt.c.o
LOAD _build/nrf52810_xxaa/nrf_log_backend_serial.c.o
LOAD _build/nrf52810_xxaa/nrf_log_default_backends.c.o
LOAD _build/nrf52810_xxaa/nrf_log_frontend.c.o
LOAD _build/nrf52810_xxaa/nrf_log_str_formatter.c.o
LOAD _build/nrf52810_xxaa/app_button.c.o
LOAD _build/nrf52810_xxaa/app_error.c.o
LOAD _build/nrf52810_xxaa/app_error_handler_gcc.c.o
LOAD _build/nrf52810_xxaa/app_error_weak.c.o
LOAD _build/nrf52810_xxaa/app_fifo.c.o
LOAD _build/nrf52810_xxaa/app_scheduler.c.o
LOAD _build/nrf52810_xxaa/app_timer.c.o
LOAD _build/nrf52810_xxaa/app_uart_fifo.c.o
LOAD _build/nrf52810_xxaa/app_util_platform.c.o
LOAD _build/nrf52810_xxaa/hardfault_implementation.c.o
LOAD _build/nrf52810_xxaa/nrf_assert.c.o
LOAD _build/nrf52810_xxaa/nrf_atfifo.c.o
LOAD _build/nrf52810_xxaa/nrf_atflags.c.o
LOAD _build/nrf52810_xxaa/nrf_atomic.c.o
LOAD _build/nrf52810_xxaa/nrf_balloc.c.o
LOAD _build/nrf52810_xxaa/nrf_fprintf.c.o
LOAD _build/nrf52810_xxaa/nrf_fprintf_format.c.o
LOAD _build/nrf52810_xxaa/nrf_memobj.c.o
LOAD _build/nrf52810_xxaa/nrf_pwr_mgmt.c.o
LOAD _build/nrf52810_xxaa/nrf_ringbuf.c.o
LOAD _build/nrf52810_xxaa/nrf_section_iter.c.o
LOAD _build/nrf52810_xxaa/nrf_strerror.c.o
LOAD _build/nrf52810_xxaa/retarget.c.o
LOAD _build/nrf52810_xxaa/system_nrf52810.c.o
LOAD _build/nrf52810_xxaa/boards.c.o
LOAD _build/nrf52810_xxaa/nrf_drv_clock.c.o
LOAD _build/nrf52810_xxaa/nrf_drv_uart.c.o
LOAD _build/nrf52810_xxaa/nrfx_clock.c.o
LOAD _build/nrf52810_xxaa/nrfx_gpiote.c.o
LOAD _build/nrf52810_xxaa/nrfx_power_clock.c.o
LOAD _build/nrf52810_xxaa/nrfx_prs.c.o
LOAD _build/nrf52810_xxaa/nrfx_uarte.c.o
LOAD _build/nrf52810_xxaa/bsp.c.o
LOAD _build/nrf52810_xxaa/bsp_btn_ble.c.o
LOAD _build/nrf52810_xxaa/main.c.o
LOAD _build/nrf52810_xxaa/SEGGER_RTT.c.o
LOAD _build/nrf52810_xxaa/SEGGER_RTT_Syscalls_GCC.c.o
LOAD _build/nrf52810_xxaa/SEGGER_RTT_printf.c.o
LOAD _build/nrf52810_xxaa/ble_advdata.c.o
LOAD _build/nrf52810_xxaa/ble_advertising.c.o
LOAD _build/nrf52810_xxaa/ble_conn_params.c.o
LOAD _build/nrf52810_xxaa/ble_conn_state.c.o
LOAD _build/nrf52810_xxaa/ble_link_ctx_manager.c.o
LOAD _build/nrf52810_xxaa/ble_srv_common.c.o
LOAD _build/nrf52810_xxaa/nrf_ble_gatt.c.o
LOAD _build/nrf52810_xxaa/nrf_ble_qwr.c.o
LOAD _build/nrf52810_xxaa/utf.c.o
LOAD _build/nrf52810_xxaa/ble_nus.c.o
LOAD _build/nrf52810_xxaa/nrf_sdh.c.o
LOAD _build/nrf52810_xxaa/nrf_sdh_ble.c.o
LOAD _build/nrf52810_xxaa/nrf_sdh_soc.c.o
LOAD _build/nrf52810_xxaa/app_pwm.c.o
LOAD _build/nrf52810_xxaa/nrfx_timer.c.o
LOAD _build/nrf52810_xxaa/nrfx_saadc.c.o
LOAD /usr/lib/gcc/arm-none-eabi/7.3.1/../../../arm-none-eabi/lib/thumb/v7e-m/libc_nano.a
LOAD /usr/lib/gcc/arm-none-eabi/7.3.1/../../../arm-none-eabi/lib/thumb/v7e-m/libnosys.a
LOAD /usr/lib/gcc/arm-none-eabi/7.3.1/../../../arm-none-eabi/lib/thumb/v7e-m/libm.a
START GROUP
LOAD /usr/lib/gcc/arm-none-eabi/7.3.1/thumb/v7e-m/libgcc.a
LOAD /usr/lib/gcc/arm-none-eabi/7.3.1/../../../arm-none-eabi/lib/thumb/v7e-m/libg_nano.a
LOAD /usr/lib/gcc/arm-none-eabi/7.3.1/../../../arm-none-eabi/lib/thumb/v7e-m/libc_nano.a
END GROUP
START GROUP
LOAD /usr/lib/gcc/arm-none-eabi/7.3.1/thumb/v7e-m/libgcc.a
LOAD /usr/lib/gcc/arm-none-eabi/7.3.1/../../../arm-none-eabi/lib/thumb/v7e-m/libc_nano.a
END GROUP
LOAD /usr/lib/gcc/arm-none-eabi/7.3.1/thumb/v7e-m/crtend.o
LOAD /usr/lib/gcc/arm-none-eabi/7.3.1/thumb/v7e-m/crtn.o
START GROUP
LOAD /usr/lib/gcc/arm-none-eabi/7.3.1/thumb/v7e-m/libgcc.a
LOAD /usr/lib/gcc/arm-none-eabi/7.3.1/../../../arm-none-eabi/lib/thumb/v7e-m/libc.a
LOAD /usr/lib/gcc/arm-none-eabi/7.3.1/../../../arm-none-eabi/lib/thumb/v7e-m/libnosys.a
END GROUP

.tm_clone_table
                0x00000000200025b0        0x0 load address 0x000000000002030c
 .tm_clone_table
                0x00000000200025b0        0x0 /usr/lib/gcc/arm-none-eabi/7.3.1/thumb/v7e-m/crtbegin.o
 .tm_clone_table
                0x00000000200025b0        0x0 /usr/lib/gcc/arm-none-eabi/7.3.1/thumb/v7e-m/crtend.o

.igot.plt       0x00000000200025b0        0x0 load address 0x000000000002030c
 .igot.plt      0x00000000200025b0        0x0 /usr/lib/gcc/arm-none-eabi/7.3.1/thumb/v7e-m/crtbegin.o
                0x00000000200025b0                . = ALIGN (0x4)

.mem_section_dummy_ram

.cli_sorted_cmd_ptrs
                0x00000000200025b0        0x0
                [!provide]                        PROVIDE (__start_cli_sorted_cmd_ptrs = .)
 *(.cli_sorted_cmd_ptrs)
                [!provide]                        PROVIDE (__stop_cli_sorted_cmd_ptrs = .)

.fs_data        0x00000000200025b0        0x0
                [!provide]                        PROVIDE (__start_fs_data = .)
 *(.fs_data)
                [!provide]                        PROVIDE (__stop_fs_data = .)

.log_dynamic_data
                0x00000000200025b0        0x0
                0x00000000200025b0                PROVIDE (__start_log_dynamic_data = .)
 *(SORT_BY_NAME(.log_dynamic_data*))
                [!provide]                        PROVIDE (__stop_log_dynamic_data = .)

.log_filter_data
                0x00000000200025b0        0x0
                [!provide]                        PROVIDE (__start_log_filter_data = .)
 *(SORT_BY_NAME(.log_filter_data*))
                [!provide]                        PROVIDE (__stop_log_filter_data = .)

.bss            0x00000000200025b0     0x10c4 load address 0x000000000002030c
                0x00000000200025b0                . = ALIGN (0x4)
                0x00000000200025b0                __bss_start__ = .
 *(.bss*)
 .bss           0x00000000200025b0       0x1c /usr/lib/gcc/arm-none-eabi/7.3.1/thumb/v7e-m/crtbegin.o
 .bss.m_host_present
                0x00000000200025cc        0x1 _build/nrf52810_xxaa/nrf_log_backend_rtt.c.o
 .bss.m_string_buff
                0x00000000200025cd       0x40 _build/nrf52810_xxaa/nrf_log_backend_rtt.c.o
 *fill*         0x000000002000260d        0x3 
 .bss.log_mempool_nrf_balloc_cb
                0x0000000020002610        0x8 _build/nrf52810_xxaa/nrf_log_frontend.c.o
 .bss.log_mempool_nrf_balloc_pool_mem
                0x0000000020002618       0xc0 _build/nrf52810_xxaa/nrf_log_frontend.c.o
 .bss.log_mempool_nrf_balloc_pool_stack
                0x00000000200026d8        0x8 _build/nrf52810_xxaa/nrf_log_frontend.c.o
 .bss.m_log_data
                0x00000000200026e0      0x424 _build/nrf52810_xxaa/nrf_log_frontend.c.o
 .bss.m_log_push_ringbuf_buf
                0x0000000020002b04       0x80 _build/nrf52810_xxaa/nrf_log_frontend.c.o
 .bss.m_log_push_ringbuf_cb
                0x0000000020002b84       0x18 _build/nrf52810_xxaa/nrf_log_frontend.c.o
 .bss.m_op_queue
                0x0000000020002b9c      0x10c _build/nrf52810_xxaa/app_timer.c.o
 .bss.m_rtc1_reset
                0x0000000020002ca8        0x1 _build/nrf52810_xxaa/app_timer.c.o
 .bss.m_rtc1_running
                0x0000000020002ca9        0x1 _build/nrf52810_xxaa/app_timer.c.o
 *fill*         0x0000000020002caa        0x2 
 .bss.m_ticks_elapsed
                0x0000000020002cac        0x8 _build/nrf52810_xxaa/app_timer.c.o
 .bss.m_ticks_elapsed_q_read_ind
                0x0000000020002cb4        0x1 _build/nrf52810_xxaa/app_timer.c.o
 .bss.m_ticks_elapsed_q_write_ind
                0x0000000020002cb5        0x1 _build/nrf52810_xxaa/app_timer.c.o
 *fill*         0x0000000020002cb6        0x2 
 .bss.m_ticks_latest
                0x0000000020002cb8        0x4 _build/nrf52810_xxaa/app_timer.c.o
 .bss.mp_timer_id_head
                0x0000000020002cbc        0x4 _build/nrf52810_xxaa/app_timer.c.o
 .bss.m_event_handler
                0x0000000020002cc0        0x4 _build/nrf52810_xxaa/app_uart_fifo.c.o
 .bss.m_rx_fifo
                0x0000000020002cc4       0x10 _build/nrf52810_xxaa/app_uart_fifo.c.o
 .bss.m_rx_ovf  0x0000000020002cd4        0x1 _build/nrf52810_xxaa/app_uart_fifo.c.o
 *fill*         0x0000000020002cd5        0x3 
 .bss.m_tx_fifo
                0x0000000020002cd8       0x10 _build/nrf52810_xxaa/app_uart_fifo.c.o
 .bss.rx_buffer
                0x0000000020002ce8        0x1 _build/nrf52810_xxaa/app_uart_fifo.c.o
 .bss.tx_buffer
                0x0000000020002ce9        0x1 _build/nrf52810_xxaa/app_uart_fifo.c.o
 *fill*         0x0000000020002cea        0x2 
 .bss.m_handlers_iter
                0x0000000020002cec        0x8 _build/nrf52810_xxaa/nrf_pwr_mgmt.c.o
 .bss.m_shutdown_started
                0x0000000020002cf4        0x1 _build/nrf52810_xxaa/nrf_pwr_mgmt.c.o
 *fill*         0x0000000020002cf5        0x3 
 .bss.m_sysoff_mtx
                0x0000000020002cf8        0x4 _build/nrf52810_xxaa/nrf_pwr_mgmt.c.o
 .bss.m_clock_cb
                0x0000000020002cfc       0x14 _build/nrf52810_xxaa/nrf_drv_clock.c.o
 .bss.m_contexts
                0x0000000020002d10        0x4 _build/nrf52810_xxaa/nrf_drv_uart.c.o
 .bss.m_handlers
                0x0000000020002d14        0x4 _build/nrf52810_xxaa/nrf_drv_uart.c.o
 .bss.m_clock_cb
                0x0000000020002d18        0x8 _build/nrf52810_xxaa/nrfx_clock.c.o
 .bss.m_cb      0x0000000020002d20       0x5c _build/nrf52810_xxaa/nrfx_gpiote.c.o
 .bss.m_cb      0x0000000020002d7c       0x24 _build/nrf52810_xxaa/nrfx_uarte.c.o
 .bss.m_events_list
                0x0000000020002da0        0xc _build/nrf52810_xxaa/bsp.c.o
 .bss.m_error_handler
                0x0000000020002dac        0x4 _build/nrf52810_xxaa/bsp_btn_ble.c.o
 .bss.m_num_connections
                0x0000000020002db0        0x4 _build/nrf52810_xxaa/bsp_btn_ble.c.o
 .bss.AVG_PH_VAL
                0x0000000020002db4        0x4 _build/nrf52810_xxaa/main.c.o
 .bss.AVG_TEMP_VAL
                0x0000000020002db8        0x4 _build/nrf52810_xxaa/main.c.o
 .bss.CONNECTION_MADE
                0x0000000020002dbc        0x1 _build/nrf52810_xxaa/main.c.o
                0x0000000020002dbc                CONNECTION_MADE
 .bss.PH_IS_READ
                0x0000000020002dbd        0x1 _build/nrf52810_xxaa/main.c.o
                0x0000000020002dbd                PH_IS_READ
 .bss.SAADC_CALIBRATED
                0x0000000020002dbe        0x1 _build/nrf52810_xxaa/main.c.o
                0x0000000020002dbe                SAADC_CALIBRATED
 .bss.data_array.11714
                0x0000000020002dbf       0xf4 _build/nrf52810_xxaa/main.c.o
 .bss.index.11715
                0x0000000020002eb3        0x1 _build/nrf52810_xxaa/main.c.o
 .bss.m_advertising
                0x0000000020002eb4       0xb8 _build/nrf52810_xxaa/main.c.o
 .bss.m_buffer_pool
                0x0000000020002f6c       0x16 _build/nrf52810_xxaa/main.c.o
 *fill*         0x0000000020002f82        0x2 
 .bss.m_gatt    0x0000000020002f84       0x10 _build/nrf52810_xxaa/main.c.o
 .bss.m_nus_link_ctx_storage_ctx_data_pool
                0x0000000020002f94        0x4 _build/nrf52810_xxaa/main.c.o
 .bss.m_ppi_channel
                0x0000000020002f98        0x1 _build/nrf52810_xxaa/main.c.o
 *fill*         0x0000000020002f99        0x3 
 .bss.m_qwr     0x0000000020002f9c        0xc _build/nrf52810_xxaa/main.c.o
 .bss.m_timer_id_data
                0x0000000020002fa8       0x20 _build/nrf52810_xxaa/main.c.o
 .bss.rx_buf.11732
                0x0000000020002fc8      0x100 _build/nrf52810_xxaa/main.c.o
 .bss.tx_buf.11733
                0x00000000200030c8      0x100 _build/nrf52810_xxaa/main.c.o
 .bss._acDownBuffer
                0x00000000200031c8       0x10 _build/nrf52810_xxaa/SEGGER_RTT.c.o
 .bss._acUpBuffer
                0x00000000200031d8      0x200 _build/nrf52810_xxaa/SEGGER_RTT.c.o
 .bss.m_conn_params_config
                0x00000000200033d8       0x1c _build/nrf52810_xxaa/ble_conn_params.c.o
 .bss.m_conn_params_instances
                0x00000000200033f4       0x14 _build/nrf52810_xxaa/ble_conn_params.c.o
 .bss.m_preferred_conn_params
                0x0000000020003408        0x8 _build/nrf52810_xxaa/ble_conn_params.c.o
 .bss.m_timer_data
                0x0000000020003410       0x20 _build/nrf52810_xxaa/ble_conn_params.c.o
 .bss.m_bcs     0x0000000020003430       0x78 _build/nrf52810_xxaa/ble_conn_state.c.o
 .bss.m_nrf_sdh_continue
                0x00000000200034a8        0x1 _build/nrf52810_xxaa/nrf_sdh.c.o
 .bss.m_nrf_sdh_enabled
                0x00000000200034a9        0x1 _build/nrf52810_xxaa/nrf_sdh.c.o
 .bss.m_nrf_sdh_suspended
                0x00000000200034aa        0x1 _build/nrf52810_xxaa/nrf_sdh.c.o
 .bss.m_stack_is_enabled
                0x00000000200034ab        0x1 _build/nrf52810_xxaa/nrf_sdh_ble.c.o
 .bss.m_instances
                0x00000000200034ac        0xc _build/nrf52810_xxaa/app_pwm.c.o
 .bss.m_pwm_busy
                0x00000000200034b8        0x3 _build/nrf52810_xxaa/app_pwm.c.o
 *fill*         0x00000000200034bb        0x1 
 .bss.m_pwm_target_value
                0x00000000200034bc        0xc _build/nrf52810_xxaa/app_pwm.c.o
 .bss.m_use_ppi_delay_workaround
                0x00000000200034c8        0x1 _build/nrf52810_xxaa/app_pwm.c.o
 *fill*         0x00000000200034c9        0x3 
 .bss.m_cb      0x00000000200034cc       0x24 _build/nrf52810_xxaa/nrfx_timer.c.o
 .bss.m_cb      0x00000000200034f0       0x30 _build/nrf52810_xxaa/nrfx_saadc.c.o
 .bss           0x0000000020003520        0x8 /usr/lib/gcc/arm-none-eabi/7.3.1/../../../arm-none-eabi/lib/thumb/v7e-m/libc_nano.a(lib_a-nano-mallocr.o)
                0x0000000020003520                __malloc_free_list
                0x0000000020003524                __malloc_sbrk_start
 .bss           0x0000000020003528       0x8c /usr/lib/gcc/arm-none-eabi/7.3.1/../../../arm-none-eabi/lib/thumb/v7e-m/libc_nano.a(lib_a-__atexit.o)
 .bss           0x00000000200035b4        0x4 /usr/lib/gcc/arm-none-eabi/7.3.1/../../../arm-none-eabi/lib/thumb/v7e-m/libc_nano.a(lib_a-__call_atexit.o)
                0x00000000200035b4                _global_atexit
 .bss           0x00000000200035b8        0x4 /usr/lib/gcc/arm-none-eabi/7.3.1/../../../arm-none-eabi/lib/thumb/v7e-m/libnosys.a(sbrk.o)
 *(COMMON)
 COMMON         0x00000000200035bc        0xc _build/nrf52810_xxaa/app_util_platform.c.o
                0x00000000200035bc                nrf_nvic_state
 COMMON         0x00000000200035c8       0x28 _build/nrf52810_xxaa/main.c.o
                0x00000000200035c8                TIMER_err_code
                0x00000000200035cc                m_pwm_m_isfet_pwm_cb
 COMMON         0x00000000200035f0       0x78 _build/nrf52810_xxaa/SEGGER_RTT.c.o
                0x00000000200035f0                _SEGGER_RTT
 COMMON         0x0000000020003668        0x6 _build/nrf52810_xxaa/app_pwm.c.o
                0x0000000020003668                m_pwm_ready_counter
 *fill*         0x000000002000366e        0x2 
 COMMON         0x0000000020003670        0x4 /usr/lib/gcc/arm-none-eabi/7.3.1/../../../arm-none-eabi/lib/thumb/v7e-m/libc_nano.a(lib_a-reent.o)
                0x0000000020003670                errno
                0x0000000020003674                . = ALIGN (0x4)
                0x0000000020003674                __bss_end__ = .

.heap           0x0000000020003678      0x800
                0x0000000020003678                __HeapBase = .
                0x0000000020003678                __end__ = .
                0x0000000020003678                PROVIDE (end = .)
 *(.heap*)
 .heap          0x0000000020003678      0x800 _build/nrf52810_xxaa/gcc_startup_nrf52810.S.o
                0x0000000020003e78                __HeapLimit = .

.stack_dummy    0x0000000020003678      0x800
 *(.stack*)
 .stack         0x0000000020003678      0x800 _build/nrf52810_xxaa/gcc_startup_nrf52810.S.o
                0x0000000020006000                __StackTop = (ORIGIN (RAM) + LENGTH (RAM))
                0x0000000020005800                __StackLimit = (__StackTop - SIZEOF (.stack_dummy))
                0x0000000020006000                PROVIDE (__stack = __StackTop)
                0x0000000000000001                ASSERT ((__StackLimit >= __HeapLimit), region RAM overflowed with stack)
                0x00000000000000b0                DataInitFlashUsed = (__bss_start__ - __data_start__)
                0x000000000000725c                CodeFlashUsed = (__etext - ORIGIN (FLASH))
                0x000000000000730c                TotalFlashUsed = (CodeFlashUsed + DataInitFlashUsed)
                0x0000000000000001                ASSERT ((TotalFlashUsed <= LENGTH (FLASH)), region FLASH overflowed with .data and user data)
OUTPUT(_build/nrf52810_xxaa.out elf32-littlearm)

.ARM.attributes
                0x0000000000000000       0x2a
 .ARM.attributes
                0x0000000000000000       0x1e /usr/lib/gcc/arm-none-eabi/7.3.1/thumb/v7e-m/crti.o
 .ARM.attributes
                0x000000000000001e       0x2e /usr/lib/gcc/arm-none-eabi/7.3.1/thumb/v7e-m/crtbegin.o
 .ARM.attributes
                0x000000000000004c       0x1c /usr/lib/gcc/arm-none-eabi/7.3.1/../../../arm-none-eabi/lib/thumb/v7e-m/crt0.o
 .ARM.attributes
                0x0000000000000068       0x1c _build/nrf52810_xxaa/gcc_startup_nrf52810.S.o
 .ARM.attributes
                0x0000000000000084       0x33 _build/nrf52810_xxaa/nrf_log_backend_rtt.c.o
 .ARM.attributes
                0x00000000000000b7       0x33 _build/nrf52810_xxaa/nrf_log_backend_serial.c.o
 .ARM.attributes
                0x00000000000000ea       0x33 _build/nrf52810_xxaa/nrf_log_default_backends.c.o
 .ARM.attributes
                0x000000000000011d       0x33 _build/nrf52810_xxaa/nrf_log_frontend.c.o
 .ARM.attributes
                0x0000000000000150       0x33 _build/nrf52810_xxaa/nrf_log_str_formatter.c.o
 .ARM.attributes
                0x0000000000000183       0x33 _build/nrf52810_xxaa/app_error.c.o
 .ARM.attributes
                0x00000000000001b6       0x33 _build/nrf52810_xxaa/app_error_weak.c.o
 .ARM.attributes
                0x00000000000001e9       0x33 _build/nrf52810_xxaa/app_fifo.c.o
 .ARM.attributes
                0x000000000000021c       0x33 _build/nrf52810_xxaa/app_timer.c.o
 .ARM.attributes
                0x000000000000024f       0x33 _build/nrf52810_xxaa/app_uart_fifo.c.o
 .ARM.attributes
                0x0000000000000282       0x33 _build/nrf52810_xxaa/app_util_platform.c.o
 .ARM.attributes
                0x00000000000002b5       0x33 _build/nrf52810_xxaa/nrf_atflags.c.o
 .ARM.attributes
                0x00000000000002e8       0x33 _build/nrf52810_xxaa/nrf_atomic.c.o
 .ARM.attributes
                0x000000000000031b       0x33 _build/nrf52810_xxaa/nrf_balloc.c.o
 .ARM.attributes
                0x000000000000034e       0x33 _build/nrf52810_xxaa/nrf_fprintf.c.o
 .ARM.attributes
                0x0000000000000381       0x33 _build/nrf52810_xxaa/nrf_fprintf_format.c.o
 .ARM.attributes
                0x00000000000003b4       0x33 _build/nrf52810_xxaa/nrf_memobj.c.o
 .ARM.attributes
                0x00000000000003e7       0x33 _build/nrf52810_xxaa/nrf_pwr_mgmt.c.o
 .ARM.attributes
                0x000000000000041a       0x33 _build/nrf52810_xxaa/nrf_ringbuf.c.o
 .ARM.attributes
                0x000000000000044d       0x33 _build/nrf52810_xxaa/nrf_section_iter.c.o
 .ARM.attributes
                0x0000000000000480       0x33 _build/nrf52810_xxaa/nrf_strerror.c.o
 .ARM.attributes
                0x00000000000004b3       0x33 _build/nrf52810_xxaa/system_nrf52810.c.o
 .ARM.attributes
                0x00000000000004e6       0x33 _build/nrf52810_xxaa/nrf_drv_clock.c.o
 .ARM.attributes
                0x0000000000000519       0x33 _build/nrf52810_xxaa/nrf_drv_uart.c.o
 .ARM.attributes
                0x000000000000054c       0x33 _build/nrf52810_xxaa/nrfx_clock.c.o
 .ARM.attributes
                0x000000000000057f       0x33 _build/nrf52810_xxaa/nrfx_gpiote.c.o
 .ARM.attributes
                0x00000000000005b2       0x33 _build/nrf52810_xxaa/nrfx_prs.c.o
 .ARM.attributes
                0x00000000000005e5       0x33 _build/nrf52810_xxaa/nrfx_uarte.c.o
 .ARM.attributes
                0x0000000000000618       0x33 _build/nrf52810_xxaa/bsp.c.o
 .ARM.attributes
                0x000000000000064b       0x33 _build/nrf52810_xxaa/bsp_btn_ble.c.o
 .ARM.attributes
                0x000000000000067e       0x33 _build/nrf52810_xxaa/main.c.o
 .ARM.attributes
                0x00000000000006b1       0x33 _build/nrf52810_xxaa/SEGGER_RTT.c.o
 .ARM.attributes
                0x00000000000006e4       0x33 _build/nrf52810_xxaa/ble_advdata.c.o
 .ARM.attributes
                0x0000000000000717       0x33 _build/nrf52810_xxaa/ble_advertising.c.o
 .ARM.attributes
                0x000000000000074a       0x33 _build/nrf52810_xxaa/ble_conn_params.c.o
 .ARM.attributes
                0x000000000000077d       0x33 _build/nrf52810_xxaa/ble_conn_state.c.o
 .ARM.attributes
                0x00000000000007b0       0x33 _build/nrf52810_xxaa/ble_link_ctx_manager.c.o
 .ARM.attributes
                0x00000000000007e3       0x33 _build/nrf52810_xxaa/ble_srv_common.c.o
 .ARM.attributes
                0x0000000000000816       0x33 _build/nrf52810_xxaa/nrf_ble_gatt.c.o
 .ARM.attributes
                0x0000000000000849       0x33 _build/nrf52810_xxaa/nrf_ble_qwr.c.o
 .ARM.attributes
                0x000000000000087c       0x33 _build/nrf52810_xxaa/ble_nus.c.o
 .ARM.attributes
                0x00000000000008af       0x33 _build/nrf52810_xxaa/nrf_sdh.c.o
 .ARM.attributes
                0x00000000000008e2       0x33 _build/nrf52810_xxaa/nrf_sdh_ble.c.o
 .ARM.attributes
                0x0000000000000915       0x33 _build/nrf52810_xxaa/nrf_sdh_soc.c.o
 .ARM.attributes
                0x0000000000000948       0x33 _build/nrf52810_xxaa/app_pwm.c.o
 .ARM.attributes
                0x000000000000097b       0x33 _build/nrf52810_xxaa/nrfx_timer.c.o
 .ARM.attributes
                0x00000000000009ae       0x33 _build/nrf52810_xxaa/nrfx_saadc.c.o
 .ARM.attributes
                0x00000000000009e1       0x2e /usr/lib/gcc/arm-none-eabi/7.3.1/../../../arm-none-eabi/lib/thumb/v7e-m/libc_nano.a(lib_a-atexit.o)
 .ARM.attributes
                0x0000000000000a0f       0x2e /usr/lib/gcc/arm-none-eabi/7.3.1/../../../arm-none-eabi/lib/thumb/v7e-m/libc_nano.a(lib_a-ctype_.o)
 .ARM.attributes
                0x0000000000000a3d       0x2e /usr/lib/gcc/arm-none-eabi/7.3.1/../../../arm-none-eabi/lib/thumb/v7e-m/libc_nano.a(lib_a-exit.o)
 .ARM.attributes
                0x0000000000000a6b       0x2e /usr/lib/gcc/arm-none-eabi/7.3.1/../../../arm-none-eabi/lib/thumb/v7e-m/libc_nano.a(lib_a-fini.o)
 .ARM.attributes
                0x0000000000000a99       0x2e /usr/lib/gcc/arm-none-eabi/7.3.1/../../../arm-none-eabi/lib/thumb/v7e-m/libc_nano.a(lib_a-impure.o)
 .ARM.attributes
                0x0000000000000ac7       0x2e /usr/lib/gcc/arm-none-eabi/7.3.1/../../../arm-none-eabi/lib/thumb/v7e-m/libc_nano.a(lib_a-init.o)
 .ARM.attributes
                0x0000000000000af5       0x2e /usr/lib/gcc/arm-none-eabi/7.3.1/../../../arm-none-eabi/lib/thumb/v7e-m/libc_nano.a(lib_a-malloc.o)
 .ARM.attributes
                0x0000000000000b23       0x1c /usr/lib/gcc/arm-none-eabi/7.3.1/../../../arm-none-eabi/lib/thumb/v7e-m/libc_nano.a(lib_a-memcpy.o)
 .ARM.attributes
                0x0000000000000b3f       0x2e /usr/lib/gcc/arm-none-eabi/7.3.1/../../../arm-none-eabi/lib/thumb/v7e-m/libc_nano.a(lib_a-memset.o)
 .ARM.attributes
                0x0000000000000b6d       0x2e /usr/lib/gcc/arm-none-eabi/7.3.1/../../../arm-none-eabi/lib/thumb/v7e-m/libc_nano.a(lib_a-nano-freer.o)
 .ARM.attributes
                0x0000000000000b9b       0x2e /usr/lib/gcc/arm-none-eabi/7.3.1/../../../arm-none-eabi/lib/thumb/v7e-m/libc_nano.a(lib_a-nano-mallocr.o)
 .ARM.attributes
                0x0000000000000bc9       0x2e /usr/lib/gcc/arm-none-eabi/7.3.1/../../../arm-none-eabi/lib/thumb/v7e-m/libc_nano.a(lib_a-sbrkr.o)
 .ARM.attributes
                0x0000000000000bf7       0x2e /usr/lib/gcc/arm-none-eabi/7.3.1/../../../arm-none-eabi/lib/thumb/v7e-m/libc_nano.a(lib_a-strcpy.o)
 .ARM.attributes
                0x0000000000000c25       0x1c /usr/lib/gcc/arm-none-eabi/7.3.1/../../../arm-none-eabi/lib/thumb/v7e-m/libc_nano.a(lib_a-strlen.o)
 .ARM.attributes
                0x0000000000000c41       0x2e /usr/lib/gcc/arm-none-eabi/7.3.1/../../../arm-none-eabi/lib/thumb/v7e-m/libc_nano.a(lib_a-__atexit.o)
 .ARM.attributes
                0x0000000000000c6f       0x2e /usr/lib/gcc/arm-none-eabi/7.3.1/../../../arm-none-eabi/lib/thumb/v7e-m/libc_nano.a(lib_a-__call_atexit.o)
 .ARM.attributes
                0x0000000000000c9d       0x2e /usr/lib/gcc/arm-none-eabi/7.3.1/../../../arm-none-eabi/lib/thumb/v7e-m/libc_nano.a(lib_a-mlock.o)
 .ARM.attributes
                0x0000000000000ccb       0x2e /usr/lib/gcc/arm-none-eabi/7.3.1/../../../arm-none-eabi/lib/thumb/v7e-m/libc_nano.a(lib_a-reent.o)
 .ARM.attributes
                0x0000000000000cf9       0x2e /usr/lib/gcc/arm-none-eabi/7.3.1/../../../arm-none-eabi/lib/thumb/v7e-m/libnosys.a(sbrk.o)
 .ARM.attributes
                0x0000000000000d27       0x2e /usr/lib/gcc/arm-none-eabi/7.3.1/../../../arm-none-eabi/lib/thumb/v7e-m/libnosys.a(_exit.o)
 .ARM.attributes
                0x0000000000000d55       0x2e /usr/lib/gcc/arm-none-eabi/7.3.1/thumb/v7e-m/crtend.o
 .ARM.attributes
                0x0000000000000d83       0x1e /usr/lib/gcc/arm-none-eabi/7.3.1/thumb/v7e-m/crtn.o

.comment        0x0000000000000000       0xae
 .comment       0x0000000000000000       0x57 /usr/lib/gcc/arm-none-eabi/7.3.1/thumb/v7e-m/crtbegin.o
                                         0x58 (size before relaxing)
 .comment       0x0000000000000057       0x58 _build/nrf52810_xxaa/nrf_log_backend_rtt.c.o
 .comment       0x0000000000000057       0x58 _build/nrf52810_xxaa/nrf_log_backend_serial.c.o
 .comment       0x0000000000000057       0x58 _build/nrf52810_xxaa/nrf_log_default_backends.c.o
 .comment       0x0000000000000057       0x58 _build/nrf52810_xxaa/nrf_log_frontend.c.o
 .comment       0x0000000000000057       0x58 _build/nrf52810_xxaa/nrf_log_str_formatter.c.o
 .comment       0x0000000000000057       0x58 _build/nrf52810_xxaa/app_error.c.o
 .comment       0x0000000000000057       0x58 _build/nrf52810_xxaa/app_error_weak.c.o
 .comment       0x0000000000000057       0x58 _build/nrf52810_xxaa/app_fifo.c.o
 .comment       0x0000000000000057       0x58 _build/nrf52810_xxaa/app_timer.c.o
 .comment       0x0000000000000057       0x58 _build/nrf52810_xxaa/app_uart_fifo.c.o
 .comment       0x0000000000000057       0x58 _build/nrf52810_xxaa/app_util_platform.c.o
 .comment       0x0000000000000057       0x58 _build/nrf52810_xxaa/nrf_atflags.c.o
 .comment       0x0000000000000057       0x58 _build/nrf52810_xxaa/nrf_atomic.c.o
 .comment       0x0000000000000057       0x58 _build/nrf52810_xxaa/nrf_balloc.c.o
 .comment       0x0000000000000057       0x58 _build/nrf52810_xxaa/nrf_fprintf.c.o
 .comment       0x0000000000000057       0x58 _build/nrf52810_xxaa/nrf_fprintf_format.c.o
 .comment       0x0000000000000057       0x58 _build/nrf52810_xxaa/nrf_memobj.c.o
 .comment       0x0000000000000057       0x58 _build/nrf52810_xxaa/nrf_pwr_mgmt.c.o
 .comment       0x0000000000000057       0x58 _build/nrf52810_xxaa/nrf_ringbuf.c.o
 .comment       0x0000000000000057       0x58 _build/nrf52810_xxaa/nrf_section_iter.c.o
 .comment       0x0000000000000057       0x58 _build/nrf52810_xxaa/nrf_strerror.c.o